C:\work\NxpCup\RaceCar_P2\CMSIS/core_cm4.h:1679:22:__NVIC_EnableIRQ	16	static
C:\work\NxpCup\RaceCar_P2\CMSIS/core_cm4.h:1809:22:__NVIC_SetPriority	16	static
C:\work\NxpCup\RaceCar_P2\drivers/fsl_common_arm.h:499:24:EnableIRQ	24	static
C:\work\NxpCup\RaceCar_P2\drivers/fsl_ftm.h:679:20:FTM_SetTimerPeriod	16	static
C:\work\NxpCup\RaceCar_P2\drivers/fsl_ftm.h:731:20:FTM_StartTimer	24	static
C:\work\NxpCup\RaceCar_P2\drivers/fsl_adc16.h:367:20:ADC16_EnableHardwareTrigger	16	static
../board/peripherals.c:187:13:FTM2_init	8	static
../board/peripherals.c:301:13:FTM1_init	8	static
../board/peripherals.c:378:13:ADC0_init	8	static
../board/peripherals.c:398:6:BOARD_InitPeripherals	8	static
../board/peripherals.c:409:6:BOARD_InitBootPeripherals	8	static
