C:\work\NXP\NXP_CUP_CAR\CMSIS/core_cm4.h:1679:22:__NVIC_EnableIRQ	16	static
C:\work\NXP\NXP_CUP_CAR\CMSIS/core_cm4.h:1809:22:__NVIC_SetPriority	16	static
C:\work\NXP\NXP_CUP_CAR\drivers/fsl_common_arm.h:499:24:EnableIRQ	24	static
C:\work\NXP\NXP_CUP_CAR\drivers/fsl_ftm.h:679:20:FTM_SetTimerPeriod	16	static
C:\work\NXP\NXP_CUP_CAR\drivers/fsl_ftm.h:731:20:FTM_StartTimer	24	static
C:\work\NXP\NXP_CUP_CAR\drivers/fsl_adc16.h:367:20:ADC16_EnableHardwareTrigger	16	static
../board/peripherals.c:180:13:FTM2_init	8	static
../board/peripherals.c:257:13:ADC0_init	8	static
../board/peripherals.c:353:13:ADC1_init	8	static
../board/peripherals.c:475:13:FTM0_init	8	static
../board/peripherals.c:560:13:FTM3_init	8	static
../board/peripherals.c:597:13:GPIOC_init	4	static
../board/peripherals.c:604:6:BOARD_InitPeripherals	8	static
../board/peripherals.c:618:6:BOARD_InitBootPeripherals	8	static
