Archive member included to satisfy reference by file (symbol)

c:/nxp/mcuxpressoide_11.5.0_7232/ide/plugins/com.nxp.mcuxpresso.tools.win32_11.5.0.202107051138/tools/bin/../lib/gcc/arm-none-eabi/10.3.1/thumb/v7e-m+fp/hard\libgcc.a(_aeabi_uldivmod.o)
                              ./drivers/fsl_common_arm.o (__aeabi_uldivmod)
c:/nxp/mcuxpressoide_11.5.0_7232/ide/plugins/com.nxp.mcuxpresso.tools.win32_11.5.0.202107051138/tools/bin/../lib/gcc/arm-none-eabi/10.3.1/thumb/v7e-m+fp/hard\libgcc.a(_udivmoddi4.o)
                              c:/nxp/mcuxpressoide_11.5.0_7232/ide/plugins/com.nxp.mcuxpresso.tools.win32_11.5.0.202107051138/tools/bin/../lib/gcc/arm-none-eabi/10.3.1/thumb/v7e-m+fp/hard\libgcc.a(_aeabi_uldivmod.o) (__udivmoddi4)
c:/nxp/mcuxpressoide_11.5.0_7232/ide/plugins/com.nxp.mcuxpresso.tools.win32_11.5.0.202107051138/tools/bin/../lib/gcc/arm-none-eabi/10.3.1/thumb/v7e-m+fp/hard\libgcc.a(_dvmd_tls.o)
                              c:/nxp/mcuxpressoide_11.5.0_7232/ide/plugins/com.nxp.mcuxpresso.tools.win32_11.5.0.202107051138/tools/bin/../lib/gcc/arm-none-eabi/10.3.1/thumb/v7e-m+fp/hard\libgcc.a(_aeabi_uldivmod.o) (__aeabi_ldiv0)
c:/nxp/mcuxpressoide_11.5.0_7232/ide/plugins/com.nxp.mcuxpresso.tools.win32_11.5.0.202107051138/tools/bin/../lib/gcc/arm-none-eabi/10.3.1/../../../../arm-none-eabi/lib/thumb/v7e-m+fp/hard\libc_nano.a(lib_a-assert.o)
                              ./source/irq_handler.o (__assert_func)
c:/nxp/mcuxpressoide_11.5.0_7232/ide/plugins/com.nxp.mcuxpresso.tools.win32_11.5.0.202107051138/tools/bin/../lib/gcc/arm-none-eabi/10.3.1/../../../../arm-none-eabi/lib/thumb/v7e-m+fp/hard\libc_nano.a(lib_a-errno.o)
                              ./utilities/fsl_str.o (__errno)
c:/nxp/mcuxpressoide_11.5.0_7232/ide/plugins/com.nxp.mcuxpresso.tools.win32_11.5.0.202107051138/tools/bin/../lib/gcc/arm-none-eabi/10.3.1/../../../../arm-none-eabi/lib/thumb/v7e-m+fp/hard\libc_nano.a(lib_a-fprintf.o)
                              c:/nxp/mcuxpressoide_11.5.0_7232/ide/plugins/com.nxp.mcuxpresso.tools.win32_11.5.0.202107051138/tools/bin/../lib/gcc/arm-none-eabi/10.3.1/../../../../arm-none-eabi/lib/thumb/v7e-m+fp/hard\libc_nano.a(lib_a-assert.o) (fiprintf)
c:/nxp/mcuxpressoide_11.5.0_7232/ide/plugins/com.nxp.mcuxpresso.tools.win32_11.5.0.202107051138/tools/bin/../lib/gcc/arm-none-eabi/10.3.1/../../../../arm-none-eabi/lib/thumb/v7e-m+fp/hard\libc_nano.a(lib_a-impure.o)
                              c:/nxp/mcuxpressoide_11.5.0_7232/ide/plugins/com.nxp.mcuxpresso.tools.win32_11.5.0.202107051138/tools/bin/../lib/gcc/arm-none-eabi/10.3.1/../../../../arm-none-eabi/lib/thumb/v7e-m+fp/hard\libc_nano.a(lib_a-assert.o) (_impure_ptr)
c:/nxp/mcuxpressoide_11.5.0_7232/ide/plugins/com.nxp.mcuxpresso.tools.win32_11.5.0.202107051138/tools/bin/../lib/gcc/arm-none-eabi/10.3.1/../../../../arm-none-eabi/lib/thumb/v7e-m+fp/hard\libc_nano.a(lib_a-init.o)
                              ./startup/startup_mk64f12.o (__libc_init_array)
c:/nxp/mcuxpressoide_11.5.0_7232/ide/plugins/com.nxp.mcuxpresso.tools.win32_11.5.0.202107051138/tools/bin/../lib/gcc/arm-none-eabi/10.3.1/../../../../arm-none-eabi/lib/thumb/v7e-m+fp/hard\libc_nano.a(lib_a-malloc.o)
                              ./source/cpp_config.o (malloc)
c:/nxp/mcuxpressoide_11.5.0_7232/ide/plugins/com.nxp.mcuxpresso.tools.win32_11.5.0.202107051138/tools/bin/../lib/gcc/arm-none-eabi/10.3.1/../../../../arm-none-eabi/lib/thumb/v7e-m+fp/hard\libc_nano.a(lib_a-memcmp.o)
                              ./fatfs/source/ff.o (memcmp)
c:/nxp/mcuxpressoide_11.5.0_7232/ide/plugins/com.nxp.mcuxpresso.tools.win32_11.5.0.202107051138/tools/bin/../lib/gcc/arm-none-eabi/10.3.1/../../../../arm-none-eabi/lib/thumb/v7e-m+fp/hard\libc_nano.a(lib_a-memcpy-stub.o)
                              ./utilities/fsl_str.o (memcpy)
c:/nxp/mcuxpressoide_11.5.0_7232/ide/plugins/com.nxp.mcuxpresso.tools.win32_11.5.0.202107051138/tools/bin/../lib/gcc/arm-none-eabi/10.3.1/../../../../arm-none-eabi/lib/thumb/v7e-m+fp/hard\libc_nano.a(lib_a-memset.o)
                              ./utilities/fsl_debug_console.o (memset)
c:/nxp/mcuxpressoide_11.5.0_7232/ide/plugins/com.nxp.mcuxpresso.tools.win32_11.5.0.202107051138/tools/bin/../lib/gcc/arm-none-eabi/10.3.1/../../../../arm-none-eabi/lib/thumb/v7e-m+fp/hard\libc_nano.a(lib_a-nano-freer.o)
                              c:/nxp/mcuxpressoide_11.5.0_7232/ide/plugins/com.nxp.mcuxpresso.tools.win32_11.5.0.202107051138/tools/bin/../lib/gcc/arm-none-eabi/10.3.1/../../../../arm-none-eabi/lib/thumb/v7e-m+fp/hard\libc_nano.a(lib_a-malloc.o) (_free_r)
c:/nxp/mcuxpressoide_11.5.0_7232/ide/plugins/com.nxp.mcuxpresso.tools.win32_11.5.0.202107051138/tools/bin/../lib/gcc/arm-none-eabi/10.3.1/../../../../arm-none-eabi/lib/thumb/v7e-m+fp/hard\libc_nano.a(lib_a-nano-mallocr.o)
[...]
Memory Configuration

Name             Origin             Length             Attributes
PROGRAM_FLASH    0x00000000         0x00100000         xr
SRAM_UPPER       0x20000000         0x00030000         xrw
SRAM_LOWER       0x1fff0000         0x00010000         xrw
FLEX_RAM         0x14000000         0x00001000         xrw
*default*        0x00000000         0xffffffff

Linker script and memory map

LOAD ./utilities/fsl_debug_console.o
LOAD ./utilities/fsl_str.o
LOAD ./usb/host/class/usb_host_hub.o
LOAD ./usb/host/class/usb_host_hub_app.o
LOAD ./usb/host/class/usb_host_msd.o
LOAD ./usb/host/class/usb_host_msd_ufi.o
LOAD ./usb/host/usb_host_devices.o
LOAD ./usb/host/usb_host_framework.o
LOAD ./usb/host/usb_host_hci.o
LOAD ./usb/host/usb_host_khci.o
LOAD ./startup/startup_mk64f12.o
LOAD ./source/RaceCar_P2.o
LOAD ./source/cpp_config.o
LOAD ./source/drive_tracking.o
LOAD ./source/irq_handler.o
LOAD ./source/semihost_hardfault.o
LOAD ./source/servo.o
LOAD ./source/signals.o
LOAD ./sdmmc/src/fsl_mmc.o
LOAD ./sdmmc/src/fsl_sd.o
LOAD ./sdmmc/src/fsl_sdmmc_common.o
LOAD ./sdmmc/src/fsl_sdspi.o
LOAD ./sdmmc/osa/fsl_sdmmc_osa.o
LOAD ./sdmmc/host/fsl_sdmmc_host.o
LOAD ./freertos/freertos_kernel/portable/MemMang/heap_4.o
LOAD ./freertos/freertos_kernel/portable/GCC/ARM_CM4F/port.o
LOAD ./freertos/freertos_kernel/croutine.o
LOAD ./freertos/freertos_kernel/event_groups.o
LOAD ./freertos/freertos_kernel/list.o
LOAD ./freertos/freertos_kernel/queue.o
LOAD ./freertos/freertos_kernel/stream_buffer.o
LOAD ./freertos/freertos_kernel/tasks.o
LOAD ./freertos/freertos_kernel/timers.o
LOAD ./fatfs/source/fsl_sd_disk/fsl_sd_disk.o
LOAD ./fatfs/source/diskio.o
LOAD ./fatfs/source/ff.o
LOAD ./fatfs/source/ffsystem.o
LOAD ./fatfs/source/ffunicode.o
LOAD ./drivers/freertos/fsl_dspi_freertos.o
LOAD ./drivers/freertos/fsl_i2c_freertos.o
LOAD ./drivers/freertos/fsl_uart_freertos.o
LOAD ./drivers/fsl_adc16.o
LOAD ./drivers/fsl_clock.o
LOAD ./drivers/fsl_common.o
LOAD ./drivers/fsl_common_arm.o
LOAD ./drivers/fsl_crc.o
LOAD ./drivers/fsl_dac.o
LOAD ./drivers/fsl_dspi.o
LOAD ./drivers/fsl_ftm.o
LOAD ./drivers/fsl_gpio.o
LOAD ./drivers/fsl_i2c.o
LOAD ./drivers/fsl_rnga.o
LOAD ./drivers/fsl_rtc.o
LOAD ./drivers/fsl_sdhc.o
LOAD ./drivers/fsl_smc.o
LOAD ./drivers/fsl_uart.o
LOAD ./drivers/fsl_vref.o
LOAD ./device/system_MK64F12.o
LOAD ./component/uart/fsl_adapter_uart.o
LOAD ./component/serial_manager/fsl_component_serial_manager.o
LOAD ./component/serial_manager/fsl_component_serial_port_uart.o
LOAD ./component/osa/fsl_os_abstraction_free_rtos.o
LOAD ./component/lists/fsl_component_generic_list.o
LOAD ./board/board.o
LOAD ./board/clock_config.o
LOAD ./board/peripherals.o
LOAD ./board/pin_mux.o
START GROUP
LOAD c:/nxp/mcuxpressoide_11.5.0_7232/ide/plugins/com.nxp.mcuxpresso.tools.win32_11.5.0.202107051138/tools/bin/../lib/gcc/arm-none-eabi/10.3.1/thumb/v7e-m+fp/hard\libgcc.a
LOAD c:/nxp/mcuxpressoide_11.5.0_7232/ide/plugins/com.nxp.mcuxpresso.tools.win32_11.5.0.202107051138/tools/bin/../lib/gcc/arm-none-eabi/10.3.1/../../../../arm-none-eabi/lib/thumb/v7e-m+fp/hard\libc_nano.a
LOAD c:/nxp/mcuxpressoide_11.5.0_7232/ide/plugins/com.nxp.mcuxpresso.tools.win32_11.5.0.202107051138/tools/bin/../lib/gcc/arm-none-eabi/10.3.1/../../../../arm-none-eabi/lib/thumb/v7e-m+fp/hard\libstdc++_nano.a
LOAD c:/nxp/mcuxpressoide_11.5.0_7232/ide/plugins/com.nxp.mcuxpresso.tools.win32_11.5.0.202107051138/tools/bin/../lib/gcc/arm-none-eabi/10.3.1/../../../../arm-none-eabi/lib/thumb/v7e-m+fp/hard\libm.a
LOAD c:/nxp/mcuxpressoide_11.5.0_7232/ide/plugins/com.nxp.mcuxpresso.tools.win32_11.5.0.202107051138/tools/bin/../lib/gcc/arm-none-eabi/10.3.1/../../../../arm-none-eabi/lib/thumb/v7e-m+fp/hard\libcr_newlib_nohost.a
LOAD c:/nxp/mcuxpressoide_11.5.0_7232/ide/plugins/com.nxp.mcuxpresso.tools.win32_11.5.0.202107051138/tools/bin/../lib/gcc/arm-none-eabi/10.3.1/thumb/v7e-m+fp/hard\crti.o
LOAD c:/nxp/mcuxpressoide_11.5.0_7232/ide/plugins/com.nxp.mcuxpresso.tools.win32_11.5.0.202107051138/tools/bin/../lib/gcc/arm-none-eabi/10.3.1/thumb/v7e-m+fp/hard\crtn.o
LOAD c:/nxp/mcuxpressoide_11.5.0_7232/ide/plugins/com.nxp.mcuxpresso.tools.win32_11.5.0.202107051138/tools/bin/../lib/gcc/arm-none-eabi/10.3.1/thumb/v7e-m+fp/hard\crtbegin.o
LOAD c:/nxp/mcuxpressoide_11.5.0_7232/ide/plugins/com.nxp.mcuxpresso.tools.win32_11.5.0.202107051138/tools/bin/../lib/gcc/arm-none-eabi/10.3.1/thumb/v7e-m+fp/hard\crtend.o
END GROUP
                0x00000000                __base_PROGRAM_FLASH = 0x0
                0x00000000                __base_Flash = 0x0
                0x00100000                __top_PROGRAM_FLASH = 0x100000
                0x00100000                __top_Flash = 0x100000
                0x20000000                __base_SRAM_UPPER = 0x20000000
                0x20000000                __base_RAM = 0x20000000
                0x20030000                __top_SRAM_UPPER = 0x20030000
                0x20030000                __top_RAM = 0x20030000
                0x1fff0000                __base_SRAM_LOWER = 0x1fff0000
                0x1fff0000                __base_RAM2 = 0x1fff0000
                0x20000000                __top_SRAM_LOWER = 0x20000000
                0x20000000                __top_RAM2 = 0x20000000
                0x14000000                __base_FLEX_RAM = 0x14000000
                0x14000000                __base_RAM3 = 0x14000000
                0x14001000                __top_FLEX_RAM = 0x14001000
                0x14001000                __top_RAM3 = 0x14001000

.text           0x00000000     0x6870
 FILL mask 0xff
                0x00000000                __vectors_start__ = ABSOLUTE (.)
 *(SORT_BY_ALIGNMENT(.isr_vector))
 .isr_vector    0x00000000      0x198 ./startup/startup_mk64f12.o
                0x00000000                g_pfnVectors
                0x00000000                __Vectors
                0x00000198                . = ALIGN (0x4)
                0x00000198                __section_table_start = .
                0x00000198                __data_section_table = .
                0x00000198        0x4 LONG 0x6870 LOADADDR (.data)
                0x0000019c        0x4 LONG 0x20000000 ADDR (.data)
                0x000001a0        0x4 LONG 0x88 SIZEOF (.data)
                0x000001a4        0x4 LONG 0x6870 LOADADDR (.data_RAM2)
                0x000001a8        0x4 LONG 0x1fff0000 ADDR (.data_RAM2)
                0x000001ac        0x4 LONG 0x0 SIZEOF (.data_RAM2)
                0x000001b0        0x4 LONG 0x6870 LOADADDR (.data_RAM3)
                0x000001b4        0x4 LONG 0x14000000 ADDR (.data_RAM3)
                0x000001b8        0x4 LONG 0x0 SIZEOF (.data_RAM3)
                0x000001bc                __data_section_table_end = .
                0x000001bc                __bss_section_table = .
                0x000001bc        0x4 LONG 0x20000088 ADDR (.bss)
                0x000001c0        0x4 LONG 0x2a40 SIZEOF (.bss)
                0x000001c4        0x4 LONG 0x1fff0000 ADDR (.bss_RAM2)
                0x000001c8        0x4 LONG 0x0 SIZEOF (.bss_RAM2)
                0x000001cc        0x4 LONG 0x14000000 ADDR (.bss_RAM3)
                0x000001d0        0x4 LONG 0x0 SIZEOF (.bss_RAM3)
                0x000001d4                __bss_section_table_end = .
                0x000001d4                __section_table_end = .
 *(SORT_BY_ALIGNMENT(.after_vectors*))
 .after_vectors.reset
                0x000001d4       0x50 ./startup/startup_mk64f12.o
                0x000001d4                ResetISR
 .after_vectors.init_data
                0x00000224       0x1e ./startup/startup_mk64f12.o
                0x00000224                data_init(unsigned int, unsigned int, unsigned int)
 .after_vectors.init_bss
                0x00000242       0x12 ./startup/startup_mk64f12.o
                0x00000242                bss_init(unsigned int, unsigned int)
 .after_vectors
                0x00000254       0x14 ./startup/startup_mk64f12.o
                0x00000254                NMI_Handler
                0x00000258                MemManage_Handler
                0x0000025a                BusFault_Handler
                0x0000025c                UsageFault_Handler
                0x00000260                DebugMon_Handler
                0x00000266                DMA_Error_DriverIRQHandler
                0x00000266                LPTMR0_DriverIRQHandler
                0x00000266                FTM1_DriverIRQHandler
                0x00000266                FTM2_DriverIRQHandler
                0x00000266                PIT2_DriverIRQHandler
                0x00000266                I2S0_Tx_DriverIRQHandler
                0x00000266                RTC_Seconds_DriverIRQHandler
                0x00000266                DMA6_DriverIRQHandler
                0x00000266                LLWU_DriverIRQHandler
                0x00000266                MCM_DriverIRQHandler
                0x00000266                MCG_DriverIRQHandler
                0x00000266                ENET_1588_Timer_DriverIRQHandler
                0x00000266                DAC1_DriverIRQHandler
                0x00000266                DMA12_DriverIRQHandler
                0x00000266                CMP1_DriverIRQHandler
                0x00000266                FTM0_DriverIRQHandler
                0x00000266                IntDefaultHandler
                0x00000266                USB0_DriverIRQHandler
                0x00000266                UART5_ERR_DriverIRQHandler
                0x00000266                PORTC_DriverIRQHandler
                0x00000266                DMA11_DriverIRQHandler
                0x00000266                DAC0_DriverIRQHandler
                0x00000266                DMA10_DriverIRQHandler
                0x00000266                CMP2_DriverIRQHandler
                0x00000266                UART2_ERR_DriverIRQHandler
                0x00000266                LVD_LVW_DriverIRQHandler
                0x00000266                PIT0_DriverIRQHandler
                0x00000266                RNG_DriverIRQHandler
                0x00000266                PORTB_DriverIRQHandler
                0x00000266                DMA4_DriverIRQHandler
                0x00000266                USBDCD_DriverIRQHandler
                0x00000266                UART3_ERR_DriverIRQHandler
                0x00000266                DMA3_DriverIRQHandler
                0x00000266                DMA8_DriverIRQHandler
                0x00000266                DMA9_DriverIRQHandler
                0x00000266                UART0_ERR_DriverIRQHandler
                0x00000266                CMT_DriverIRQHandler
                0x00000266                Reserved71_DriverIRQHandler
                0x00000266                ADC1_DriverIRQHandler
                0x00000266                PORTA_DriverIRQHandler
                0x00000266                DMA14_DriverIRQHandler
                0x00000266                PIT3_DriverIRQHandler
                0x00000266                PIT1_DriverIRQHandler
                0x00000266                WDOG_EWM_DriverIRQHandler
                0x00000266                PDB0_DriverIRQHandler
                0x00000266                RTC_DriverIRQHandler
                0x00000266                I2S0_Rx_DriverIRQHandler
                0x00000266                Read_Collision_DriverIRQHandler
                0x00000266                SWI_DriverIRQHandler
                0x00000266                UART4_ERR_DriverIRQHandler
                0x00000266                DMA0_DriverIRQHandler
                0x00000266                UART0_LON_DriverIRQHandler
                0x00000266                DMA1_DriverIRQHandler
                0x00000266                ENET_Receive_DriverIRQHandler
                0x00000266                DMA13_DriverIRQHandler
                0x00000266                ENET_Error_DriverIRQHandler
                0x00000266                DMA15_DriverIRQHandler
                0x00000266                ADC0_DriverIRQHandler
                0x00000266                CMP0_DriverIRQHandler
                0x00000266                CAN0_DriverIRQHandler
                0x00000266                FTM3_DriverIRQHandler
                0x00000266                DMA5_DriverIRQHandler
                0x00000266                UART1_ERR_DriverIRQHandler
                0x00000266                DMA2_DriverIRQHandler
                0x00000266                ENET_Transmit_DriverIRQHandler
                0x00000266                PORTD_DriverIRQHandler
                0x00000266                PORTE_DriverIRQHandler
                0x00000266                FTFE_DriverIRQHandler
                0x00000266                DMA7_DriverIRQHandler
                0x00000400                . = 0x400
 *fill*         0x00000268      0x198 ff
                0x00000400                PROVIDE (__FLASH_CONFIG_START__ = .)
 *(SORT_BY_ALIGNMENT(.FlashConfig))
 .FlashConfig   0x00000400       0x10 ./startup/startup_mk64f12.o
                0x00000410                PROVIDE (__FLASH_CONFIG_END__ = .)
                0x00000001                ASSERT (! ((__FLASH_CONFIG_START__ == __FLASH_CONFIG_END__)), Linker Flash Config Support Enabled, but no .FlashConfig section provided within application)
 *(SORT_BY_ALIGNMENT(.text*))
 .text.SVC_Handler
                0x00000410       0x28 ./freertos/freertos_kernel/portable/GCC/ARM_CM4F/port.o
                0x00000410                SVC_Handler
 *fill*         0x00000438        0x8 ff
 .text.PendSV_Handler
                0x00000440       0x68 ./freertos/freertos_kernel/portable/GCC/ARM_CM4F/port.o
                0x00000440                PendSV_Handler
 *fill*         0x000004a8        0x8 ff
 .text          0x000004b0       0xa0 c:/nxp/mcuxpressoide_11.5.0_7232/ide/plugins/com.nxp.mcuxpresso.tools.win32_11.5.0.202107051138/tools/bin/../lib/gcc/arm-none-eabi/10.3.1/../../../../arm-none-eabi/lib/thumb/v7e-m+fp/hard\libc_nano.a(lib_a-memchr.o)
                0x000004b0                memchr
 .text.main     0x00000550       0x34 ./source/RaceCar_P2.o
                0x00000550                main
 .text._Z12default_taskPv
                0x00000584       0x64 ./source/RaceCar_P2.o
                0x00000584                default_task(void*)
 .text.ADC16_GetChannelConversionValue
                0x000005e8       0x3c ./source/irq_handler.o
 .text.ADC0_IRQHandler
                0x00000624       0x5c ./source/irq_handler.o
                0x00000624                ADC0_IRQHandler
 .text.servo_set
                0x00000680       0x3c ./source/servo.o
                0x00000680                servo_set
 .text.servo_step
                0x000006bc      0x110 ./source/servo.o
                0x000006bc                servo_step
 .text.servo_center
                0x000007cc       0x60 ./source/servo.o
                0x000007cc                servo_center
 .text.FTM_SetPpm
                0x0000082c       0x84 ./source/signals.o
                0x0000082c                FTM_SetPpm
 .text.pvPortMalloc
                0x000008b0      0x1c0 ./freertos/freertos_kernel/portable/MemMang/heap_4.o
                0x000008b0                pvPortMalloc
 .text.vPortFree
                0x00000a70       0xc4 ./freertos/freertos_kernel/portable/MemMang/heap_4.o
                0x00000a70                vPortFree
 .text.prvHeapInit
                0x00000b34       0xc4 ./freertos/freertos_kernel/portable/MemMang/heap_4.o
 .text.prvInsertBlockIntoFreeList
                0x00000bf8       0xb4 ./freertos/freertos_kernel/portable/MemMang/heap_4.o
 .text.pxPortInitialiseStack
                0x00000cac       0x68 ./freertos/freertos_kernel/portable/GCC/ARM_CM4F/port.o
                0x00000cac                pxPortInitialiseStack
 .text.prvTaskExitError
                0x00000d14       0x58 ./freertos/freertos_kernel/portable/GCC/ARM_CM4F/port.o
 .text.prvPortStartFirstTask
                0x00000d6c       0x2c ./freertos/freertos_kernel/portable/GCC/ARM_CM4F/port.o
 .text.xPortStartScheduler
                0x00000d98      0x144 ./freertos/freertos_kernel/portable/GCC/ARM_CM4F/port.o
                0x00000d98                xPortStartScheduler
 .text.vPortEnterCritical
                0x00000edc       0x60 ./freertos/freertos_kernel/portable/GCC/ARM_CM4F/port.o
                0x00000edc                vPortEnterCritical
 .text.vPortExitCritical
                0x00000f3c       0x54 ./freertos/freertos_kernel/portable/GCC/ARM_CM4F/port.o
                0x00000f3c                vPortExitCritical
 .text.SysTick_Handler
                0x00000f90       0x44 ./freertos/freertos_kernel/portable/GCC/ARM_CM4F/port.o
                0x00000f90                SysTick_Handler
 .text.vPortSetupTimerInterrupt
                0x00000fd4       0x48 ./freertos/freertos_kernel/portable/GCC/ARM_CM4F/port.o
                0x00000fd4                vPortSetupTimerInterrupt
 .text.vPortEnableVFP
                0x0000101c       0x18 ./freertos/freertos_kernel/portable/GCC/ARM_CM4F/port.o
 .text.vPortValidateInterruptPriority
                0x00001034       0x80 ./freertos/freertos_kernel/portable/GCC/ARM_CM4F/port.o
                0x00001034                vPortValidateInterruptPriority
 .text.xQueueGenericReset
                0x000010b4       0xd0 ./freertos/freertos_kernel/queue.o
                0x000010b4                xQueueGenericReset
 .text.xQueueGenericSend
                0x00001184      0x1fc ./freertos/freertos_kernel/queue.o
                0x00001184                xQueueGenericSend
 .text.xQueueReceive
                0x00001380      0x1c0 ./freertos/freertos_kernel/queue.o
                0x00001380                xQueueReceive
 .text.vQueueAddToRegistry
                0x00001540       0x54 ./freertos/freertos_kernel/queue.o
                0x00001540                vQueueAddToRegistry
 .text.prvAddNewTaskToReadyList
                0x00001594       0xdc ./freertos/freertos_kernel/tasks.o
 .text.vTaskDelay
                0x00001670       0x68 ./freertos/freertos_kernel/tasks.o
                0x00001670                vTaskDelay
 .text.vTaskStartScheduler
                0x000016d8       0xa4 ./freertos/freertos_kernel/tasks.o
                0x000016d8                vTaskStartScheduler
 .text.vTaskSuspendAll
                0x0000177c       0x1c ./freertos/freertos_kernel/tasks.o
                0x0000177c                vTaskSuspendAll
 .text.xTaskResumeAll
                0x00001798      0x138 ./freertos/freertos_kernel/tasks.o
                0x00001798                xTaskResumeAll
 .text.xTaskGetTickCount
                0x000018d0       0x20 ./freertos/freertos_kernel/tasks.o
                0x000018d0                xTaskGetTickCount
 .text.xTaskIncrementTick
                0x000018f0      0x154 ./freertos/freertos_kernel/tasks.o
                0x000018f0                xTaskIncrementTick
 .text.vTaskSwitchContext
                0x00001a44       0xb8 ./freertos/freertos_kernel/tasks.o
                0x00001a44                vTaskSwitchContext
 .text.vTaskPlaceOnEventList
                0x00001afc       0x48 ./freertos/freertos_kernel/tasks.o
                0x00001afc                vTaskPlaceOnEventList
 .text.vTaskPlaceOnEventListRestricted
                0x00001b44       0x58 ./freertos/freertos_kernel/tasks.o
                0x00001b44                vTaskPlaceOnEventListRestricted
 .text.xTaskRemoveFromEventList
                0x00001b9c       0xc4 ./freertos/freertos_kernel/tasks.o
                0x00001b9c                xTaskRemoveFromEventList
 .text.vTaskInternalSetTimeOutState
                0x00001c60       0x2c ./freertos/freertos_kernel/tasks.o
                0x00001c60                vTaskInternalSetTimeOutState
 .text.xTaskCheckForTimeOut
                0x00001c8c       0xcc ./freertos/freertos_kernel/tasks.o
                0x00001c8c                xTaskCheckForTimeOut
 .text.vTaskMissedYield
                0x00001d58       0x18 ./freertos/freertos_kernel/tasks.o
                0x00001d58                vTaskMissedYield
 .text.prvIdleTask
                0x00001d70       0x30 ./freertos/freertos_kernel/tasks.o
 .text.prvInitialiseTaskLists
                0x00001da0       0x80 ./freertos/freertos_kernel/tasks.o
 .text.prvCheckTasksWaitingTermination
                0x00001e20       0x5c ./freertos/freertos_kernel/tasks.o
 .text.prvResetNextTaskUnblockTime
                0x00001e7c       0x38 ./freertos/freertos_kernel/tasks.o
 .text.xTaskGetSchedulerState
                0x00001eb4       0x3c ./freertos/freertos_kernel/tasks.o
                0x00001eb4                xTaskGetSchedulerState
 .text.xTaskPriorityDisinherit
                0x00001ef0       0xf4 ./freertos/freertos_kernel/tasks.o
                0x00001ef0                xTaskPriorityDisinherit
 .text.prvAddCurrentTaskToDelayedList
                0x00001fe4       0xcc ./freertos/freertos_kernel/tasks.o
 .text.xTimerCreateTimerTask
                0x000020b0       0x64 ./freertos/freertos_kernel/timers.o
                0x000020b0                xTimerCreateTimerTask
 .text.xTimerGenericCommand
                0x00002114       0x9c ./freertos/freertos_kernel/timers.o
                0x00002114                xTimerGenericCommand
 .text.prvProcessExpiredTimer
                0x000021b0       0x98 ./freertos/freertos_kernel/timers.o
 .text.prvProcessTimerOrBlockTask
                0x00002248       0x9c ./freertos/freertos_kernel/timers.o
 .text.prvGetNextExpireTime
                0x000022e4       0x48 ./freertos/freertos_kernel/timers.o
 .text.prvSampleTimeNow
                0x0000232c       0x40 ./freertos/freertos_kernel/timers.o
 .text.prvInsertTimerInActiveList
                0x0000236c       0x84 ./freertos/freertos_kernel/timers.o
 .text.prvProcessReceivedCommands
                0x000023f0      0x1c4 ./freertos/freertos_kernel/timers.o
 .text.prvSwitchTimerLists
                0x000025b4       0xc8 ./freertos/freertos_kernel/timers.o
 .text.prvCheckForValidListAndQueue
                0x0000267c       0x6c ./freertos/freertos_kernel/timers.o
 .text.ADC16_GetInstance
                0x000026e8       0x58 ./drivers/fsl_adc16.o
 .text.ADC16_Init
                0x00002740      0x128 ./drivers/fsl_adc16.o
                0x00002740                ADC16_Init
 .text.ADC16_SetChannelConfig
                0x00002868       0x80 ./drivers/fsl_adc16.o
                0x00002868                ADC16_SetChannelConfig
 .text.ADC16_GetChannelStatusFlags
                0x000028e8       0x50 ./drivers/fsl_adc16.o
                0x000028e8                ADC16_GetChannelStatusFlags
 .text.CLOCK_SetEr32kClock
                0x00002938       0x30 ./drivers/fsl_clock.o
 .text.CLOCK_SetPllFllSelClock
                0x00002968       0x38 ./drivers/fsl_clock.o
 .text.CLOCK_GetMcgExtClkFreq
                0x000029a0       0x90 ./drivers/fsl_clock.o
 .text.CLOCK_GetFllExtRefClkFreq
                0x00002a30       0xb0 ./drivers/fsl_clock.o
 .text.CLOCK_GetInternalRefClkSelectFreq
                0x00002ae0       0x4c ./drivers/fsl_clock.o
 .text.CLOCK_GetFllRefClkFreq
                0x00002b2c       0x34 ./drivers/fsl_clock.o
 .text.CLOCK_GetOscRangeFromFreq
                0x00002b60       0x3c ./drivers/fsl_clock.o
 .text.CLOCK_GetOsc0ErClkFreq
                0x00002b9c       0x54 ./drivers/fsl_clock.o
                0x00002b9c                CLOCK_GetOsc0ErClkFreq
 .text.CLOCK_GetEr32kClkFreq
                0x00002bf0       0x84 ./drivers/fsl_clock.o
                0x00002bf0                CLOCK_GetEr32kClkFreq
 .text.CLOCK_GetPllFllSelClkFreq
                0x00002c74       0x54 ./drivers/fsl_clock.o
                0x00002c74                CLOCK_GetPllFllSelClkFreq
 .text.CLOCK_GetFreq
                0x00002cc8      0x140 ./drivers/fsl_clock.o
                0x00002cc8                CLOCK_GetFreq
 .text.CLOCK_SetSimConfig
                0x00002e08       0x34 ./drivers/fsl_clock.o
                0x00002e08                CLOCK_SetSimConfig
 .text.CLOCK_GetOutClkFreq
                0x00002e3c       0x64 ./drivers/fsl_clock.o
                0x00002e3c                CLOCK_GetOutClkFreq
 .text.CLOCK_GetFllFreq
                0x00002ea0       0x84 ./drivers/fsl_clock.o
                0x00002ea0                CLOCK_GetFllFreq
 .text.CLOCK_GetInternalRefClkFreq
                0x00002f24       0x30 ./drivers/fsl_clock.o
                0x00002f24                CLOCK_GetInternalRefClkFreq
 .text.CLOCK_GetPll0Freq
                0x00002f54       0x88 ./drivers/fsl_clock.o
                0x00002f54                CLOCK_GetPll0Freq
 .text.CLOCK_SetExternalRefClkConfig
                0x00002fdc       0x6c ./drivers/fsl_clock.o
                0x00002fdc                CLOCK_SetExternalRefClkConfig
 .text.CLOCK_EnablePll0
                0x00003048       0x98 ./drivers/fsl_clock.o
                0x00003048                CLOCK_EnablePll0
 .text.CLOCK_InitOsc0
                0x000030e0       0x8c ./drivers/fsl_clock.o
                0x000030e0                CLOCK_InitOsc0
 .text.CLOCK_SetPbeMode
                0x0000316c       0xb8 ./drivers/fsl_clock.o
                0x0000316c                CLOCK_SetPbeMode
 .text.CLOCK_BootToPeeMode
                0x00003224       0x74 ./drivers/fsl_clock.o
                0x00003224                CLOCK_BootToPeeMode
 .text.DSPI_CommonIRQHandler
                0x00003298       0x44 ./drivers/fsl_dspi.o
 .text.SPI0_DriverIRQHandler
                0x000032dc       0x40 ./drivers/fsl_dspi.o
                0x000032dc                SPI0_DriverIRQHandler
 .text.SPI1_DriverIRQHandler
                0x0000331c       0x40 ./drivers/fsl_dspi.o
                0x0000331c                SPI1_DriverIRQHandler
 .text.SPI2_DriverIRQHandler
                0x0000335c       0x40 ./drivers/fsl_dspi.o
                0x0000335c                SPI2_DriverIRQHandler
 .text.FTM_GetInstance
                0x0000339c       0x60 ./drivers/fsl_ftm.o
 .text.FTM_SetPwmSync
                0x000033fc      0x150 ./drivers/fsl_ftm.o
 .text.FTM_SetReloadPoints
                0x0000354c      0x148 ./drivers/fsl_ftm.o
 .text.FTM_Init
                0x00003694      0x100 ./drivers/fsl_ftm.o
                0x00003694                FTM_Init
 .text.FTM_SetupPwmMode
                0x00003794      0x2bc ./drivers/fsl_ftm.o
                0x00003794                FTM_SetupPwmMode
 .text.I2C_TransferCommonIRQHandler
                0x00003a50       0x58 ./drivers/fsl_i2c.o
 .text.I2C0_DriverIRQHandler
                0x00003aa8       0x1c ./drivers/fsl_i2c.o
                0x00003aa8                I2C0_DriverIRQHandler
 .text.I2C1_DriverIRQHandler
                0x00003ac4       0x1c ./drivers/fsl_i2c.o
                0x00003ac4                I2C1_DriverIRQHandler
 .text.I2C2_DriverIRQHandler
                0x00003ae0       0x1c ./drivers/fsl_i2c.o
                0x00003ae0                I2C2_DriverIRQHandler
 .text.SDHC_DriverIRQHandler
                0x00003afc       0x4c ./drivers/fsl_sdhc.o
                0x00003afc                SDHC_DriverIRQHandler
 .text.UART0_DriverIRQHandler
                0x00003b48       0x28 ./drivers/fsl_uart.o
                0x00003b48                UART0_DriverIRQHandler
 .text.UART1_DriverIRQHandler
                0x00003b70       0x28 ./drivers/fsl_uart.o
                0x00003b70                UART1_DriverIRQHandler
 .text.UART2_DriverIRQHandler
                0x00003b98       0x28 ./drivers/fsl_uart.o
                0x00003b98                UART2_DriverIRQHandler
 .text.UART3_DriverIRQHandler
                0x00003bc0       0x28 ./drivers/fsl_uart.o
                0x00003bc0                UART3_DriverIRQHandler
 .text.UART4_DriverIRQHandler
                0x00003be8       0x28 ./drivers/fsl_uart.o
                0x00003be8                UART4_DriverIRQHandler
 .text.UART5_DriverIRQHandler
                0x00003c10       0x28 ./drivers/fsl_uart.o
                0x00003c10                UART5_DriverIRQHandler
 .text.SystemInit
                0x00003c38       0x3c ./device/system_MK64F12.o
                0x00003c38                SystemInit
 .text.CLOCK_SetSimSafeDivs
                0x00003c74       0x20 ./board/clock_config.o
 .text.CLOCK_SetXtal0Freq
                0x00003c94       0x20 ./board/clock_config.o
 .text.CLOCK_CONFIG_SetFllExtRefDiv
                0x00003cb4       0x3c ./board/clock_config.o
 .text.BOARD_BootClockRUN
                0x00003cf0       0x54 ./board/clock_config.o
                0x00003cf0                BOARD_BootClockRUN
 .text.__NVIC_EnableIRQ
                0x00003d44       0x3c ./board/peripherals.o
 .text.__NVIC_SetPriority
                0x00003d80       0x54 ./board/peripherals.o
 .text.FTM2_init
                0x00003dd4       0x5c ./board/peripherals.o
 .text.FTM1_init
                0x00003e30       0x5c ./board/peripherals.o
 .text.ADC0_init
                0x00003e8c       0x4c ./board/peripherals.o
 .text.BOARD_InitPins
                0x00003ed8       0x8c ./board/pin_mux.o
                0x00003ed8                BOARD_InitPins
 .text.__assert_func
                0x00003f64       0x3c c:/nxp/mcuxpressoide_11.5.0_7232/ide/plugins/com.nxp.mcuxpresso.tools.win32_11.5.0.202107051138/tools/bin/../lib/gcc/arm-none-eabi/10.3.1/../../../../arm-none-eabi/lib/thumb/v7e-m+fp/hard\libc_nano.a(lib_a-assert.o)
                0x00003f64                __assert_func
 .text.__errno  0x00003fa0        0xc c:/nxp/mcuxpressoide_11.5.0_7232/ide/plugins/com.nxp.mcuxpresso.tools.win32_11.5.0.202107051138/tools/bin/../lib/gcc/arm-none-eabi/10.3.1/../../../../arm-none-eabi/lib/thumb/v7e-m+fp/hard\libc_nano.a(lib_a-errno.o)
                0x00003fa0                __errno
 .text.fprintf  0x00003fac       0x24 c:/nxp/mcuxpressoide_11.5.0_7232/ide/plugins/com.nxp.mcuxpresso.tools.win32_11.5.0.202107051138/tools/bin/../lib/gcc/arm-none-eabi/10.3.1/../../../../arm-none-eabi/lib/thumb/v7e-m+fp/hard\libc_nano.a(lib_a-fprintf.o)
                0x00003fac                fiprintf
                0x00003fac                fprintf
 .text.__libc_init_array
                0x00003fd0       0x48 c:/nxp/mcuxpressoide_11.5.0_7232/ide/plugins/com.nxp.mcuxpresso.tools.win32_11.5.0.202107051138/tools/bin/../lib/gcc/arm-none-eabi/10.3.1/../../../../arm-none-eabi/lib/thumb/v7e-m+fp/hard\libc_nano.a(lib_a-init.o)
                0x00003fd0                __libc_init_array
 .text._free_r  0x00004018       0x98 c:/nxp/mcuxpressoide_11.5.0_7232/ide/plugins/com.nxp.mcuxpresso.tools.win32_11.5.0.202107051138/tools/bin/../lib/gcc/arm-none-eabi/10.3.1/../../../../arm-none-eabi/lib/thumb/v7e-m+fp/hard\libc_nano.a(lib_a-nano-freer.o)
                0x00004018                _free_r
 .text.sbrk_aligned
                0x000040b0       0x40 c:/nxp/mcuxpressoide_11.5.0_7232/ide/plugins/com.nxp.mcuxpresso.tools.win32_11.5.0.202107051138/tools/bin/../lib/gcc/arm-none-eabi/10.3.1/../../../../arm-none-eabi/lib/thumb/v7e-m+fp/hard\libc_nano.a(lib_a-nano-mallocr.o)
 .text._malloc_r
                0x000040f0       0xe8 c:/nxp/mcuxpressoide_11.5.0_7232/ide/plugins/com.nxp.mcuxpresso.tools.win32_11.5.0.202107051138/tools/bin/../lib/gcc/arm-none-eabi/10.3.1/../../../../arm-none-eabi/lib/thumb/v7e-m+fp/hard\libc_nano.a(lib_a-nano-mallocr.o)
                0x000040f0                _malloc_r
 .text._vfprintf_r
                0x000041d8      0x260 c:/nxp/mcuxpressoide_11.5.0_7232/ide/plugins/com.nxp.mcuxpresso.tools.win32_11.5.0.202107051138/tools/bin/../lib/gcc/arm-none-eabi/10.3.1/../../../../arm-none-eabi/lib/thumb/v7e-m+fp/hard\libc_nano.a(lib_a-nano-vfprintf.o)
                0x000041d8                _vfprintf_r
                0x000041d8                _vfiprintf_r
 .text._printf_i
                0x00004438      0x24c c:/nxp/mcuxpressoide_11.5.0_7232/ide/plugins/com.nxp.mcuxpresso.tools.win32_11.5.0.202107051138/tools/bin/../lib/gcc/arm-none-eabi/10.3.1/../../../../arm-none-eabi/lib/thumb/v7e-m+fp/hard\libc_nano.a(lib_a-nano-vfprintf_i.o)
                0x00004438                _printf_i
 .text._sbrk_r  0x00004684       0x20 c:/nxp/mcuxpressoide_11.5.0_7232/ide/plugins/com.nxp.mcuxpresso.tools.win32_11.5.0.202107051138/tools/bin/../lib/gcc/arm-none-eabi/10.3.1/../../../../arm-none-eabi/lib/thumb/v7e-m+fp/hard\libc_nano.a(lib_a-sbrkr.o)
                0x00004684                _sbrk_r
 .text.__swbuf_r
                0x000046a4       0xa4 c:/nxp/mcuxpressoide_11.5.0_7232/ide/plugins/com.nxp.mcuxpresso.tools.win32_11.5.0.202107051138/tools/bin/../lib/gcc/arm-none-eabi/10.3.1/../../../../arm-none-eabi/lib/thumb/v7e-m+fp/hard\libc_nano.a(lib_a-wbuf.o)
                0x000046a4                __swbuf_r
 .text.__swsetup_r
                0x00004748       0xdc c:/nxp/mcuxpressoide_11.5.0_7232/ide/plugins/com.nxp.mcuxpresso.tools.win32_11.5.0.202107051138/tools/bin/../lib/gcc/arm-none-eabi/10.3.1/../../../../arm-none-eabi/lib/thumb/v7e-m+fp/hard\libc_nano.a(lib_a-wsetup.o)
                0x00004748                __swsetup_r
 .text.__sflush_r
                0x00004824      0x10c c:/nxp/mcuxpressoide_11.5.0_7232/ide/plugins/com.nxp.mcuxpresso.tools.win32_11.5.0.202107051138/tools/bin/../lib/gcc/arm-none-eabi/10.3.1/../../../../arm-none-eabi/lib/thumb/v7e-m+fp/hard\libc_nano.a(lib_a-fflush.o)
                0x00004824                __sflush_r
 .text._fflush_r
                0x00004930       0x78 c:/nxp/mcuxpressoide_11.5.0_7232/ide/plugins/com.nxp.mcuxpresso.tools.win32_11.5.0.202107051138/tools/bin/../lib/gcc/arm-none-eabi/10.3.1/../../../../arm-none-eabi/lib/thumb/v7e-m+fp/hard\libc_nano.a(lib_a-fflush.o)
                0x00004930                _fflush_r
 .text.std      0x000049a8       0x48 c:/nxp/mcuxpressoide_11.5.0_7232/ide/plugins/com.nxp.mcuxpresso.tools.win32_11.5.0.202107051138/tools/bin/../lib/gcc/arm-none-eabi/10.3.1/../../../../arm-none-eabi/lib/thumb/v7e-m+fp/hard\libc_nano.a(lib_a-findfp.o)
 .text._cleanup_r
                0x000049f0        0xc c:/nxp/mcuxpressoide_11.5.0_7232/ide/plugins/com.nxp.mcuxpresso.tools.win32_11.5.0.202107051138/tools/bin/../lib/gcc/arm-none-eabi/10.3.1/../../../../arm-none-eabi/lib/thumb/v7e-m+fp/hard\libc_nano.a(lib_a-findfp.o)
                0x000049f0                _cleanup_r
 .text.__sfp_lock_acquire
                0x000049fc        0xc c:/nxp/mcuxpressoide_11.5.0_7232/ide/plugins/com.nxp.mcuxpresso.tools.win32_11.5.0.202107051138/tools/bin/../lib/gcc/arm-none-eabi/10.3.1/../../../../arm-none-eabi/lib/thumb/v7e-m+fp/hard\libc_nano.a(lib_a-findfp.o)
                0x000049fc                __sfp_lock_acquire
 .text.__sfp_lock_release
                0x00004a08        0xc c:/nxp/mcuxpressoide_11.5.0_7232/ide/plugins/com.nxp.mcuxpresso.tools.win32_11.5.0.202107051138/tools/bin/../lib/gcc/arm-none-eabi/10.3.1/../../../../arm-none-eabi/lib/thumb/v7e-m+fp/hard\libc_nano.a(lib_a-findfp.o)
                0x00004a08                __sfp_lock_release
 .text.__sinit_lock_acquire
                0x00004a14        0xc c:/nxp/mcuxpressoide_11.5.0_7232/ide/plugins/com.nxp.mcuxpresso.tools.win32_11.5.0.202107051138/tools/bin/../lib/gcc/arm-none-eabi/10.3.1/../../../../arm-none-eabi/lib/thumb/v7e-m+fp/hard\libc_nano.a(lib_a-findfp.o)
                0x00004a14                __sinit_lock_acquire
 .text.__sinit_lock_release
                0x00004a20        0xc c:/nxp/mcuxpressoide_11.5.0_7232/ide/plugins/com.nxp.mcuxpresso.tools.win32_11.5.0.202107051138/tools/bin/../lib/gcc/arm-none-eabi/10.3.1/../../../../arm-none-eabi/lib/thumb/v7e-m+fp/hard\libc_nano.a(lib_a-findfp.o)
                0x00004a20                __sinit_lock_release
 .text.__sinit  0x00004a2c       0x70 c:/nxp/mcuxpressoide_11.5.0_7232/ide/plugins/com.nxp.mcuxpresso.tools.win32_11.5.0.202107051138/tools/bin/../lib/gcc/arm-none-eabi/10.3.1/../../../../arm-none-eabi/lib/thumb/v7e-m+fp/hard\libc_nano.a(lib_a-findfp.o)
                0x00004a2c                __sinit
 .text.__sfp    0x00004a9c       0x8c c:/nxp/mcuxpressoide_11.5.0_7232/ide/plugins/com.nxp.mcuxpresso.tools.win32_11.5.0.202107051138/tools/bin/../lib/gcc/arm-none-eabi/10.3.1/../../../../arm-none-eabi/lib/thumb/v7e-m+fp/hard\libc_nano.a(lib_a-findfp.o)
                0x00004a9c                __sfp
 .text.__smakebuf_r
                0x00004b28       0x80 c:/nxp/mcuxpressoide_11.5.0_7232/ide/plugins/com.nxp.mcuxpresso.tools.win32_11.5.0.202107051138/tools/bin/../lib/gcc/arm-none-eabi/10.3.1/../../../../arm-none-eabi/lib/thumb/v7e-m+fp/hard\libc_nano.a(lib_a-makebuf.o)
                0x00004b28                __smakebuf_r
 .text.__malloc_lock
                0x00004ba8        0xc c:/nxp/mcuxpressoide_11.5.0_7232/ide/plugins/com.nxp.mcuxpresso.tools.win32_11.5.0.202107051138/tools/bin/../lib/gcc/arm-none-eabi/10.3.1/../../../../arm-none-eabi/lib/thumb/v7e-m+fp/hard\libc_nano.a(lib_a-mlock.o)
                0x00004ba8                __malloc_lock
 .text.__malloc_unlock
                0x00004bb4        0xc c:/nxp/mcuxpressoide_11.5.0_7232/ide/plugins/com.nxp.mcuxpresso.tools.win32_11.5.0.202107051138/tools/bin/../lib/gcc/arm-none-eabi/10.3.1/../../../../arm-none-eabi/lib/thumb/v7e-m+fp/hard\libc_nano.a(lib_a-mlock.o)
                0x00004bb4                __malloc_unlock
 .text.raise    0x00004bc0       0x10 c:/nxp/mcuxpressoide_11.5.0_7232/ide/plugins/com.nxp.mcuxpresso.tools.win32_11.5.0.202107051138/tools/bin/../lib/gcc/arm-none-eabi/10.3.1/../../../../arm-none-eabi/lib/thumb/v7e-m+fp/hard\libc_nano.a(lib_a-signal.o)
                0x00004bc0                raise
 .text._kill_r  0x00004bd0       0x24 c:/nxp/mcuxpressoide_11.5.0_7232/ide/plugins/com.nxp.mcuxpresso.tools.win32_11.5.0.202107051138/tools/bin/../lib/gcc/arm-none-eabi/10.3.1/../../../../arm-none-eabi/lib/thumb/v7e-m+fp/hard\libc_nano.a(lib_a-signalr.o)
                0x00004bd0                _kill_r
 .text._write_r
                0x00004bf4       0x24 c:/nxp/mcuxpressoide_11.5.0_7232/ide/plugins/com.nxp.mcuxpresso.tools.win32_11.5.0.202107051138/tools/bin/../lib/gcc/arm-none-eabi/10.3.1/../../../../arm-none-eabi/lib/thumb/v7e-m+fp/hard\libc_nano.a(lib_a-writer.o)
                0x00004bf4                _write_r
 .text._close_r
                0x00004c18       0x20 c:/nxp/mcuxpressoide_11.5.0_7232/ide/plugins/com.nxp.mcuxpresso.tools.win32_11.5.0.202107051138/tools/bin/../lib/gcc/arm-none-eabi/10.3.1/../../../../arm-none-eabi/lib/thumb/v7e-m+fp/hard\libc_nano.a(lib_a-closer.o)
                0x00004c18                _close_r
 .text._fstat_r
                0x00004c38       0x24 c:/nxp/mcuxpressoide_11.5.0_7232/ide/plugins/com.nxp.mcuxpresso.tools.win32_11.5.0.202107051138/tools/bin/../lib/gcc/arm-none-eabi/10.3.1/../../../../arm-none-eabi/lib/thumb/v7e-m+fp/hard\libc_nano.a(lib_a-fstatr.o)
                0x00004c38                _fstat_r
 .text._isatty_r
                0x00004c5c       0x20 c:/nxp/mcuxpressoide_11.5.0_7232/ide/plugins/com.nxp.mcuxpresso.tools.win32_11.5.0.202107051138/tools/bin/../lib/gcc/arm-none-eabi/10.3.1/../../../../arm-none-eabi/lib/thumb/v7e-m+fp/hard\libc_nano.a(lib_a-isattyr.o)
                0x00004c5c                _isatty_r
 .text._lseek_r
                0x00004c7c       0x24 c:/nxp/mcuxpressoide_11.5.0_7232/ide/plugins/com.nxp.mcuxpresso.tools.win32_11.5.0.202107051138/tools/bin/../lib/gcc/arm-none-eabi/10.3.1/../../../../arm-none-eabi/lib/thumb/v7e-m+fp/hard\libc_nano.a(lib_a-lseekr.o)
                0x00004c7c                _lseek_r
 .text._read_r  0x00004ca0       0x24 c:/nxp/mcuxpressoide_11.5.0_7232/ide/plugins/com.nxp.mcuxpresso.tools.win32_11.5.0.202107051138/tools/bin/../lib/gcc/arm-none-eabi/10.3.1/../../../../arm-none-eabi/lib/thumb/v7e-m+fp/hard\libc_nano.a(lib_a-readr.o)
                0x00004ca0                _read_r
 .text._sbrk    0x00004cc4       0x3c c:/nxp/mcuxpressoide_11.5.0_7232/ide/plugins/com.nxp.mcuxpresso.tools.win32_11.5.0.202107051138/tools/bin/../lib/gcc/arm-none-eabi/10.3.1/../../../../arm-none-eabi/lib/thumb/v7e-m+fp/hard\libcr_newlib_nohost.a(_cr_sbrk.o)
                0x00004cc4                _sbrk
 .text._close   0x00004d00       0x10 c:/nxp/mcuxpressoide_11.5.0_7232/ide/plugins/com.nxp.mcuxpresso.tools.win32_11.5.0.202107051138/tools/bin/../lib/gcc/arm-none-eabi/10.3.1/../../../../arm-none-eabi/lib/thumb/v7e-m+fp/hard\libcr_newlib_nohost.a(close.o)
                0x00004d00                _close
 .text._fstat   0x00004d10       0x10 c:/nxp/mcuxpressoide_11.5.0_7232/ide/plugins/com.nxp.mcuxpresso.tools.win32_11.5.0.202107051138/tools/bin/../lib/gcc/arm-none-eabi/10.3.1/../../../../arm-none-eabi/lib/thumb/v7e-m+fp/hard\libcr_newlib_nohost.a(fstat.o)
                0x00004d10                _fstat
 .text._getpid  0x00004d20       0x10 c:/nxp/mcuxpressoide_11.5.0_7232/ide/plugins/com.nxp.mcuxpresso.tools.win32_11.5.0.202107051138/tools/bin/../lib/gcc/arm-none-eabi/10.3.1/../../../../arm-none-eabi/lib/thumb/v7e-m+fp/hard\libcr_newlib_nohost.a(getpid.o)
                0x00004d20                _getpid
 .text._isatty  0x00004d30       0x10 c:/nxp/mcuxpressoide_11.5.0_7232/ide/plugins/com.nxp.mcuxpresso.tools.win32_11.5.0.202107051138/tools/bin/../lib/gcc/arm-none-eabi/10.3.1/../../../../arm-none-eabi/lib/thumb/v7e-m+fp/hard\libcr_newlib_nohost.a(isatty.o)
                0x00004d30                _isatty
 .text._kill    0x00004d40       0x10 c:/nxp/mcuxpressoide_11.5.0_7232/ide/plugins/com.nxp.mcuxpresso.tools.win32_11.5.0.202107051138/tools/bin/../lib/gcc/arm-none-eabi/10.3.1/../../../../arm-none-eabi/lib/thumb/v7e-m+fp/hard\libcr_newlib_nohost.a(kill.o)
                0x00004d40                _kill
 .text._lseek   0x00004d50       0x10 c:/nxp/mcuxpressoide_11.5.0_7232/ide/plugins/com.nxp.mcuxpresso.tools.win32_11.5.0.202107051138/tools/bin/../lib/gcc/arm-none-eabi/10.3.1/../../../../arm-none-eabi/lib/thumb/v7e-m+fp/hard\libcr_newlib_nohost.a(lseek.o)
                0x00004d50                _lseek
 .text._read    0x00004d60       0x10 c:/nxp/mcuxpressoide_11.5.0_7232/ide/plugins/com.nxp.mcuxpresso.tools.win32_11.5.0.202107051138/tools/bin/../lib/gcc/arm-none-eabi/10.3.1/../../../../arm-none-eabi/lib/thumb/v7e-m+fp/hard\libcr_newlib_nohost.a(read.o)
                0x00004d60                _read
 .text._write   0x00004d70       0x10 c:/nxp/mcuxpressoide_11.5.0_7232/ide/plugins/com.nxp.mcuxpresso.tools.win32_11.5.0.202107051138/tools/bin/../lib/gcc/arm-none-eabi/10.3.1/../../../../arm-none-eabi/lib/thumb/v7e-m+fp/hard\libcr_newlib_nohost.a(write.o)
                0x00004d70                _write
 .text.__check_heap_overflow
                0x00004d80       0x18 c:/nxp/mcuxpressoide_11.5.0_7232/ide/plugins/com.nxp.mcuxpresso.tools.win32_11.5.0.202107051138/tools/bin/../lib/gcc/arm-none-eabi/10.3.1/../../../../arm-none-eabi/lib/thumb/v7e-m+fp/hard\libcr_newlib_nohost.a(_cr_check_heap.o)
                0x00004d80                __check_heap_overflow
 .text          0x00004d98       0x40 c:/nxp/mcuxpressoide_11.5.0_7232/ide/plugins/com.nxp.mcuxpresso.tools.win32_11.5.0.202107051138/tools/bin/../lib/gcc/arm-none-eabi/10.3.1/thumb/v7e-m+fp/hard\crtbegin.o
 .text.DMA0_IRQHandler
                0x00004dd8        0x8 ./startup/startup_mk64f12.o
                0x00004dd8                DMA0_IRQHandler
 .text.DMA1_IRQHandler
                0x00004de0        0x8 ./startup/startup_mk64f12.o
                0x00004de0                DMA1_IRQHandler
 .text.DMA2_IRQHandler
                0x00004de8        0x8 ./startup/startup_mk64f12.o
                0x00004de8                DMA2_IRQHandler
 .text.DMA3_IRQHandler
                0x00004df0        0x8 ./startup/startup_mk64f12.o
                0x00004df0                DMA3_IRQHandler
 .text.DMA4_IRQHandler
                0x00004df8        0x8 ./startup/startup_mk64f12.o
                0x00004df8                DMA4_IRQHandler
 .text.DMA5_IRQHandler
                0x00004e00        0x8 ./startup/startup_mk64f12.o
                0x00004e00                DMA5_IRQHandler
 .text.DMA6_IRQHandler
                0x00004e08        0x8 ./startup/startup_mk64f12.o
                0x00004e08                DMA6_IRQHandler
 .text.DMA7_IRQHandler
                0x00004e10        0x8 ./startup/startup_mk64f12.o
                0x00004e10                DMA7_IRQHandler
 .text.DMA8_IRQHandler
                0x00004e18        0x8 ./startup/startup_mk64f12.o
                0x00004e18                DMA8_IRQHandler
 .text.DMA9_IRQHandler
                0x00004e20        0x8 ./startup/startup_mk64f12.o
                0x00004e20                DMA9_IRQHandler
 .text.DMA10_IRQHandler
                0x00004e28        0x8 ./startup/startup_mk64f12.o
                0x00004e28                DMA10_IRQHandler
 .text.DMA11_IRQHandler
                0x00004e30        0x8 ./startup/startup_mk64f12.o
                0x00004e30                DMA11_IRQHandler
 .text.DMA12_IRQHandler
                0x00004e38        0x8 ./startup/startup_mk64f12.o
                0x00004e38                DMA12_IRQHandler
 .text.DMA13_IRQHandler
                0x00004e40        0x8 ./startup/startup_mk64f12.o
                0x00004e40                DMA13_IRQHandler
 .text.DMA14_IRQHandler
                0x00004e48        0x8 ./startup/startup_mk64f12.o
                0x00004e48                DMA14_IRQHandler
 .text.DMA15_IRQHandler
                0x00004e50        0x8 ./startup/startup_mk64f12.o
                0x00004e50                DMA15_IRQHandler
 .text.DMA_Error_IRQHandler
                0x00004e58        0x8 ./startup/startup_mk64f12.o
                0x00004e58                DMA_Error_IRQHandler
 .text.MCM_IRQHandler
                0x00004e60        0x8 ./startup/startup_mk64f12.o
                0x00004e60                MCM_IRQHandler
 .text.FTFE_IRQHandler
                0x00004e68        0x8 ./startup/startup_mk64f12.o
                0x00004e68                FTFE_IRQHandler
 .text.Read_Collision_IRQHandler
                0x00004e70        0x8 ./startup/startup_mk64f12.o
                0x00004e70                Read_Collision_IRQHandler
 .text.LVD_LVW_IRQHandler
                0x00004e78        0x8 ./startup/startup_mk64f12.o
                0x00004e78                LVD_LVW_IRQHandler
 .text.LLWU_IRQHandler
                0x00004e80        0x8 ./startup/startup_mk64f12.o
                0x00004e80                LLWU_IRQHandler
 .text.WDOG_EWM_IRQHandler
                0x00004e88        0x8 ./startup/startup_mk64f12.o
                0x00004e88                WDOG_EWM_IRQHandler
 .text.RNG_IRQHandler
                0x00004e90        0x8 ./startup/startup_mk64f12.o
                0x00004e90                RNG_IRQHandler
 .text.I2C0_IRQHandler
                0x00004e98        0x8 ./startup/startup_mk64f12.o
                0x00004e98                I2C0_IRQHandler
 .text.I2C1_IRQHandler
                0x00004ea0        0x8 ./startup/startup_mk64f12.o
                0x00004ea0                I2C1_IRQHandler
 .text.SPI0_IRQHandler
                0x00004ea8        0x8 ./startup/startup_mk64f12.o
                0x00004ea8                SPI0_IRQHandler
 .text.SPI1_IRQHandler
                0x00004eb0        0x8 ./startup/startup_mk64f12.o
                0x00004eb0                SPI1_IRQHandler
 .text.I2S0_Tx_IRQHandler
                0x00004eb8        0x8 ./startup/startup_mk64f12.o
                0x00004eb8                I2S0_Tx_IRQHandler
 .text.I2S0_Rx_IRQHandler
                0x00004ec0        0x8 ./startup/startup_mk64f12.o
                0x00004ec0                I2S0_Rx_IRQHandler
 .text.UART0_LON_IRQHandler
                0x00004ec8        0x8 ./startup/startup_mk64f12.o
                0x00004ec8                UART0_LON_IRQHandler
 .text.UART0_RX_TX_IRQHandler
                0x00004ed0        0x8 ./startup/startup_mk64f12.o
                0x00004ed0                UART0_RX_TX_IRQHandler
 .text.UART0_ERR_IRQHandler
                0x00004ed8        0x8 ./startup/startup_mk64f12.o
                0x00004ed8                UART0_ERR_IRQHandler
 .text.UART1_RX_TX_IRQHandler
                0x00004ee0        0x8 ./startup/startup_mk64f12.o
                0x00004ee0                UART1_RX_TX_IRQHandler
 .text.UART1_ERR_IRQHandler
                0x00004ee8        0x8 ./startup/startup_mk64f12.o
                0x00004ee8                UART1_ERR_IRQHandler
 .text.UART2_RX_TX_IRQHandler
                0x00004ef0        0x8 ./startup/startup_mk64f12.o
                0x00004ef0                UART2_RX_TX_IRQHandler
 .text.UART2_ERR_IRQHandler
                0x00004ef8        0x8 ./startup/startup_mk64f12.o
                0x00004ef8                UART2_ERR_IRQHandler
 .text.UART3_RX_TX_IRQHandler
                0x00004f00        0x8 ./startup/startup_mk64f12.o
                0x00004f00                UART3_RX_TX_IRQHandler
 .text.UART3_ERR_IRQHandler
                0x00004f08        0x8 ./startup/startup_mk64f12.o
                0x00004f08                UART3_ERR_IRQHandler
 .text.CMP0_IRQHandler
                0x00004f10        0x8 ./startup/startup_mk64f12.o
                0x00004f10                CMP0_IRQHandler
 .text.CMP1_IRQHandler
                0x00004f18        0x8 ./startup/startup_mk64f12.o
                0x00004f18                CMP1_IRQHandler
 .text.FTM0_IRQHandler
                0x00004f20        0x8 ./startup/startup_mk64f12.o
                0x00004f20                FTM0_IRQHandler
 .text.FTM1_IRQHandler
                0x00004f28        0x8 ./startup/startup_mk64f12.o
                0x00004f28                FTM1_IRQHandler
 .text.FTM2_IRQHandler
                0x00004f30        0x8 ./startup/startup_mk64f12.o
                0x00004f30                FTM2_IRQHandler
 .text.CMT_IRQHandler
                0x00004f38        0x8 ./startup/startup_mk64f12.o
                0x00004f38                CMT_IRQHandler
 .text.RTC_IRQHandler
                0x00004f40        0x8 ./startup/startup_mk64f12.o
                0x00004f40                RTC_IRQHandler
 .text.RTC_Seconds_IRQHandler
                0x00004f48        0x8 ./startup/startup_mk64f12.o
                0x00004f48                RTC_Seconds_IRQHandler
 .text.PIT0_IRQHandler
                0x00004f50        0x8 ./startup/startup_mk64f12.o
                0x00004f50                PIT0_IRQHandler
 .text.PIT1_IRQHandler
                0x00004f58        0x8 ./startup/startup_mk64f12.o
                0x00004f58                PIT1_IRQHandler
 .text.PIT2_IRQHandler
                0x00004f60        0x8 ./startup/startup_mk64f12.o
                0x00004f60                PIT2_IRQHandler
 .text.PIT3_IRQHandler
                0x00004f68        0x8 ./startup/startup_mk64f12.o
                0x00004f68                PIT3_IRQHandler
 .text.PDB0_IRQHandler
                0x00004f70        0x8 ./startup/startup_mk64f12.o
                0x00004f70                PDB0_IRQHandler
 .text.USB0_IRQHandler
                0x00004f78        0x8 ./startup/startup_mk64f12.o
                0x00004f78                USB0_IRQHandler
 .text.USBDCD_IRQHandler
                0x00004f80        0x8 ./startup/startup_mk64f12.o
                0x00004f80                USBDCD_IRQHandler
 .text.Reserved71_IRQHandler
                0x00004f88        0x8 ./startup/startup_mk64f12.o
                0x00004f88                Reserved71_IRQHandler
 .text.DAC0_IRQHandler
                0x00004f90        0x8 ./startup/startup_mk64f12.o
                0x00004f90                DAC0_IRQHandler
 .text.MCG_IRQHandler
                0x00004f98        0x8 ./startup/startup_mk64f12.o
                0x00004f98                MCG_IRQHandler
 .text.LPTMR0_IRQHandler
                0x00004fa0        0x8 ./startup/startup_mk64f12.o
                0x00004fa0                LPTMR0_IRQHandler
 .text.PORTA_IRQHandler
                0x00004fa8        0x8 ./startup/startup_mk64f12.o
                0x00004fa8                PORTA_IRQHandler
 .text.PORTB_IRQHandler
                0x00004fb0        0x8 ./startup/startup_mk64f12.o
                0x00004fb0                PORTB_IRQHandler
 .text.PORTC_IRQHandler
                0x00004fb8        0x8 ./startup/startup_mk64f12.o
                0x00004fb8                PORTC_IRQHandler
 .text.PORTD_IRQHandler
                0x00004fc0        0x8 ./startup/startup_mk64f12.o
                0x00004fc0                PORTD_IRQHandler
 .text.PORTE_IRQHandler
                0x00004fc8        0x8 ./startup/startup_mk64f12.o
                0x00004fc8                PORTE_IRQHandler
 .text.SWI_IRQHandler
                0x00004fd0        0x8 ./startup/startup_mk64f12.o
                0x00004fd0                SWI_IRQHandler
 .text.SPI2_IRQHandler
                0x00004fd8        0x8 ./startup/startup_mk64f12.o
                0x00004fd8                SPI2_IRQHandler
 .text.UART4_RX_TX_IRQHandler
                0x00004fe0        0x8 ./startup/startup_mk64f12.o
                0x00004fe0                UART4_RX_TX_IRQHandler
 .text.UART4_ERR_IRQHandler
                0x00004fe8        0x8 ./startup/startup_mk64f12.o
                0x00004fe8                UART4_ERR_IRQHandler
 .text.UART5_RX_TX_IRQHandler
                0x00004ff0        0x8 ./startup/startup_mk64f12.o
                0x00004ff0                UART5_RX_TX_IRQHandler
 .text.UART5_ERR_IRQHandler
                0x00004ff8        0x8 ./startup/startup_mk64f12.o
                0x00004ff8                UART5_ERR_IRQHandler
 .text.CMP2_IRQHandler
                0x00005000        0x8 ./startup/startup_mk64f12.o
                0x00005000                CMP2_IRQHandler
 .text.FTM3_IRQHandler
                0x00005008        0x8 ./startup/startup_mk64f12.o
                0x00005008                FTM3_IRQHandler
 .text.DAC1_IRQHandler
                0x00005010        0x8 ./startup/startup_mk64f12.o
                0x00005010                DAC1_IRQHandler
 .text.ADC1_IRQHandler
                0x00005018        0x8 ./startup/startup_mk64f12.o
                0x00005018                ADC1_IRQHandler
 .text.I2C2_IRQHandler
                0x00005020        0x8 ./startup/startup_mk64f12.o
                0x00005020                I2C2_IRQHandler
 .text.CAN0_ORed_Message_buffer_IRQHandler
                0x00005028        0x8 ./startup/startup_mk64f12.o
                0x00005028                CAN0_ORed_Message_buffer_IRQHandler
 .text.CAN0_Bus_Off_IRQHandler
                0x00005030        0x8 ./startup/startup_mk64f12.o
                0x00005030                CAN0_Bus_Off_IRQHandler
 .text.CAN0_Error_IRQHandler
                0x00005038        0x8 ./startup/startup_mk64f12.o
                0x00005038                CAN0_Error_IRQHandler
 .text.CAN0_Tx_Warning_IRQHandler
                0x00005040        0x8 ./startup/startup_mk64f12.o
                0x00005040                CAN0_Tx_Warning_IRQHandler
 .text.CAN0_Rx_Warning_IRQHandler
                0x00005048        0x8 ./startup/startup_mk64f12.o
                0x00005048                CAN0_Rx_Warning_IRQHandler
 .text.CAN0_Wake_Up_IRQHandler
                0x00005050        0x8 ./startup/startup_mk64f12.o
                0x00005050                CAN0_Wake_Up_IRQHandler
 .text.SDHC_IRQHandler
                0x00005058        0x8 ./startup/startup_mk64f12.o
                0x00005058                SDHC_IRQHandler
 .text.ENET_1588_Timer_IRQHandler
                0x00005060        0x8 ./startup/startup_mk64f12.o
                0x00005060                ENET_1588_Timer_IRQHandler
 .text.ENET_Transmit_IRQHandler
                0x00005068        0x8 ./startup/startup_mk64f12.o
                0x00005068                ENET_Transmit_IRQHandler
 .text.ENET_Receive_IRQHandler
                0x00005070        0x8 ./startup/startup_mk64f12.o
                0x00005070                ENET_Receive_IRQHandler
 .text.ENET_Error_IRQHandler
                0x00005078        0x8 ./startup/startup_mk64f12.o
                0x00005078                ENET_Error_IRQHandler
 .text.HardFault_Handler
                0x00005080       0x2c ./source/semihost_hardfault.o
                0x00005080                HardFault_Handler
 .text.FTM_SetSoftwareTrigger
                0x000050ac       0x38 ./source/servo.o
 .text.map      0x000050e4       0x5c ./source/signals.o
                0x000050e4                map
 .text.vListInitialise
                0x00005140       0x40 ./freertos/freertos_kernel/list.o
                0x00005140                vListInitialise
 .text.vListInitialiseItem
                0x00005180       0x1a ./freertos/freertos_kernel/list.o
                0x00005180                vListInitialiseItem
 .text.vListInsertEnd
                0x0000519a       0x48 ./freertos/freertos_kernel/list.o
                0x0000519a                vListInsertEnd
 .text.vListInsert
                0x000051e2       0x72 ./freertos/freertos_kernel/list.o
                0x000051e2                vListInsert
 .text.uxListRemove
                0x00005254       0x54 ./freertos/freertos_kernel/list.o
                0x00005254                uxListRemove
 .text.xQueueGenericCreate
                0x000052a8       0xbe ./freertos/freertos_kernel/queue.o
                0x000052a8                xQueueGenericCreate
 .text.prvInitialiseNewQueue
                0x00005366       0x46 ./freertos/freertos_kernel/queue.o
 .text.xQueueGenericSendFromISR
                0x000053ac      0x154 ./freertos/freertos_kernel/queue.o
                0x000053ac                xQueueGenericSendFromISR
 .text.prvCopyDataToQueue
                0x00005500       0xd4 ./freertos/freertos_kernel/queue.o
 .text.prvCopyDataFromQueue
                0x000055d4       0x4c ./freertos/freertos_kernel/queue.o
 .text.prvUnlockQueue
                0x00005620       0xa4 ./freertos/freertos_kernel/queue.o
 .text.prvIsQueueEmpty
                0x000056c4       0x2c ./freertos/freertos_kernel/queue.o
 .text.prvIsQueueFull
                0x000056f0       0x30 ./freertos/freertos_kernel/queue.o
 .text.vQueueWaitForMessageRestricted
                0x00005720       0x68 ./freertos/freertos_kernel/queue.o
                0x00005720                vQueueWaitForMessageRestricted
 .text.xTaskCreate
                0x00005788       0x82 ./freertos/freertos_kernel/tasks.o
                0x00005788                xTaskCreate
 .text.prvInitialiseNewTask
                0x0000580a      0x13a ./freertos/freertos_kernel/tasks.o
 .text.prvDeleteTCB
                0x00005944       0x20 ./freertos/freertos_kernel/tasks.o
 .text.prvTimerTask
                0x00005964       0x24 ./freertos/freertos_kernel/timers.o
 .text.CLOCK_EnableClock
                0x00005988       0x34 ./drivers/fsl_adc16.o
 .text.ADC16_DoAutoCalibration
                0x000059bc      0x130 ./drivers/fsl_adc16.o
                0x000059bc                ADC16_DoAutoCalibration
 .text.ADC16_SetChannelMuxMode
                0x00005aec       0x38 ./drivers/fsl_adc16.o
                0x00005aec                ADC16_SetChannelMuxMode
 .text.ADC16_SetHardwareAverage
                0x00005b24       0x3e ./drivers/fsl_adc16.o
                0x00005b24                ADC16_SetHardwareAverage
 .text.ADC16_GetStatusFlags
                0x00005b62       0x42 ./drivers/fsl_adc16.o
                0x00005b62                ADC16_GetStatusFlags
 .text.OSC_SetExtRefClkConfig
                0x00005ba4       0x34 ./drivers/fsl_clock.o
 .text.OSC_SetCapLoad
                0x00005bd8       0x34 ./drivers/fsl_clock.o
 .text.CLOCK_GetPll0RefFreq
                0x00005c0c        0xe ./drivers/fsl_clock.o
 .text.CLOCK_GetFixedFreqClkFreq
                0x00005c1a       0x34 ./drivers/fsl_clock.o
                0x00005c1a                CLOCK_GetFixedFreqClkFreq
 .text.DSPI_IsMaster
                0x00005c4e       0x26 ./drivers/fsl_dspi.o
 .text.CLOCK_EnableClock
                0x00005c74       0x34 ./drivers/fsl_ftm.o
 .text.FTM_SetDeadTimeEnable
                0x00005ca8       0x52 ./drivers/fsl_ftm.o
 .text.FTM_SetComplementaryEnable
                0x00005cfa       0x52 ./drivers/fsl_ftm.o
 .text.UART0_RX_TX_DriverIRQHandler
                0x00005d4c       0x12 ./drivers/fsl_uart.o
                0x00005d4c                UART0_RX_TX_DriverIRQHandler
 .text.UART1_RX_TX_DriverIRQHandler
                0x00005d5e       0x12 ./drivers/fsl_uart.o
                0x00005d5e                UART1_RX_TX_DriverIRQHandler
 .text.UART2_RX_TX_DriverIRQHandler
                0x00005d70       0x12 ./drivers/fsl_uart.o
                0x00005d70                UART2_RX_TX_DriverIRQHandler
 .text.UART3_RX_TX_DriverIRQHandler
                0x00005d82       0x12 ./drivers/fsl_uart.o
                0x00005d82                UART3_RX_TX_DriverIRQHandler
 .text.UART4_RX_TX_DriverIRQHandler
                0x00005d94       0x12 ./drivers/fsl_uart.o
                0x00005d94                UART4_RX_TX_DriverIRQHandler
 .text.UART5_RX_TX_DriverIRQHandler
                0x00005da6       0x12 ./drivers/fsl_uart.o
                0x00005da6                UART5_RX_TX_DriverIRQHandler
 .text.SystemInitHook
                0x00005db8        0xe ./device/system_MK64F12.o
                0x00005db8                SystemInitHook
 .text.BOARD_InitBootClocks
                0x00005dc6        0xc ./board/clock_config.o
                0x00005dc6                BOARD_InitBootClocks
 .text.EnableIRQ
                0x00005dd2       0x32 ./board/peripherals.o
 .text.FTM_SetTimerPeriod
                0x00005e04       0x22 ./board/peripherals.o
 .text.FTM_StartTimer
                0x00005e26       0x3a ./board/peripherals.o
 .text.ADC16_EnableHardwareTrigger
                0x00005e60       0x38 ./board/peripherals.o
 .text.BOARD_InitPeripherals
                0x00005e98       0x14 ./board/peripherals.o
                0x00005e98                BOARD_InitPeripherals
 .text.BOARD_InitBootPeripherals
                0x00005eac        0xc ./board/peripherals.o
                0x00005eac                BOARD_InitBootPeripherals
 .text.CLOCK_EnableClock
                0x00005eb8       0x34 ./board/pin_mux.o
 .text.PORT_SetPinMux
                0x00005eec       0x3a ./board/pin_mux.o
 .text.BOARD_InitBootPins
                0x00005f26        0xc ./board/pin_mux.o
                0x00005f26                BOARD_InitBootPins
 .text.memcpy   0x00005f32       0x1c c:/nxp/mcuxpressoide_11.5.0_7232/ide/plugins/com.nxp.mcuxpresso.tools.win32_11.5.0.202107051138/tools/bin/../lib/gcc/arm-none-eabi/10.3.1/../../../../arm-none-eabi/lib/thumb/v7e-m+fp/hard\libc_nano.a(lib_a-memcpy-stub.o)
                0x00005f32                memcpy
 .text.memset   0x00005f4e       0x10 c:/nxp/mcuxpressoide_11.5.0_7232/ide/plugins/com.nxp.mcuxpresso.tools.win32_11.5.0.202107051138/tools/bin/../lib/gcc/arm-none-eabi/10.3.1/../../../../arm-none-eabi/lib/thumb/v7e-m+fp/hard\libc_nano.a(lib_a-memset.o)
                0x00005f4e                memset
 .text.__sfputc_r
                0x00005f5e       0x2e c:/nxp/mcuxpressoide_11.5.0_7232/ide/plugins/com.nxp.mcuxpresso.tools.win32_11.5.0.202107051138/tools/bin/../lib/gcc/arm-none-eabi/10.3.1/../../../../arm-none-eabi/lib/thumb/v7e-m+fp/hard\libc_nano.a(lib_a-nano-vfprintf.o)
 .text.__sfputs_r
                0x00005f8c       0x24 c:/nxp/mcuxpressoide_11.5.0_7232/ide/plugins/com.nxp.mcuxpresso.tools.win32_11.5.0.202107051138/tools/bin/../lib/gcc/arm-none-eabi/10.3.1/../../../../arm-none-eabi/lib/thumb/v7e-m+fp/hard\libc_nano.a(lib_a-nano-vfprintf.o)
                0x00005f8c                __sfputs_r
 .text._printf_common
                0x00005fb0       0xda c:/nxp/mcuxpressoide_11.5.0_7232/ide/plugins/com.nxp.mcuxpresso.tools.win32_11.5.0.202107051138/tools/bin/../lib/gcc/arm-none-eabi/10.3.1/../../../../arm-none-eabi/lib/thumb/v7e-m+fp/hard\libc_nano.a(lib_a-nano-vfprintf_i.o)
                0x00005fb0                _printf_common
 .text.abort    0x0000608a        0xe c:/nxp/mcuxpressoide_11.5.0_7232/ide/plugins/com.nxp.mcuxpresso.tools.win32_11.5.0.202107051138/tools/bin/../lib/gcc/arm-none-eabi/10.3.1/../../../../arm-none-eabi/lib/thumb/v7e-m+fp/hard\libc_nano.a(lib_a-abort.o)
                0x0000608a                abort
 .text.__sfmoreglue
                0x00006098       0x2c c:/nxp/mcuxpressoide_11.5.0_7232/ide/plugins/com.nxp.mcuxpresso.tools.win32_11.5.0.202107051138/tools/bin/../lib/gcc/arm-none-eabi/10.3.1/../../../../arm-none-eabi/lib/thumb/v7e-m+fp/hard\libc_nano.a(lib_a-findfp.o)
                0x00006098                __sfmoreglue
 .text._fwalk_reent
                0x000060c4       0x3e c:/nxp/mcuxpressoide_11.5.0_7232/ide/plugins/com.nxp.mcuxpresso.tools.win32_11.5.0.202107051138/tools/bin/../lib/gcc/arm-none-eabi/10.3.1/../../../../arm-none-eabi/lib/thumb/v7e-m+fp/hard\libc_nano.a(lib_a-fwalk.o)
                0x000060c4                _fwalk_reent
 .text.__retarget_lock_init_recursive
                0x00006102        0x2 c:/nxp/mcuxpressoide_11.5.0_7232/ide/plugins/com.nxp.mcuxpresso.tools.win32_11.5.0.202107051138/tools/bin/../lib/gcc/arm-none-eabi/10.3.1/../../../../arm-none-eabi/lib/thumb/v7e-m+fp/hard\libc_nano.a(lib_a-lock.o)
                0x00006102                __retarget_lock_init_recursive
 .text.__retarget_lock_acquire_recursive
                0x00006104        0x2 c:/nxp/mcuxpressoide_11.5.0_7232/ide/plugins/com.nxp.mcuxpresso.tools.win32_11.5.0.202107051138/tools/bin/../lib/gcc/arm-none-eabi/10.3.1/../../../../arm-none-eabi/lib/thumb/v7e-m+fp/hard\libc_nano.a(lib_a-lock.o)
                0x00006104                __retarget_lock_acquire_recursive
 .text.__retarget_lock_release_recursive
                0x00006106        0x2 c:/nxp/mcuxpressoide_11.5.0_7232/ide/plugins/com.nxp.mcuxpresso.tools.win32_11.5.0.202107051138/tools/bin/../lib/gcc/arm-none-eabi/10.3.1/../../../../arm-none-eabi/lib/thumb/v7e-m+fp/hard\libc_nano.a(lib_a-lock.o)
                0x00006106                __retarget_lock_release_recursive
 .text.__swhatbuf_r
                0x00006108       0x4a c:/nxp/mcuxpressoide_11.5.0_7232/ide/plugins/com.nxp.mcuxpresso.tools.win32_11.5.0.202107051138/tools/bin/../lib/gcc/arm-none-eabi/10.3.1/../../../../arm-none-eabi/lib/thumb/v7e-m+fp/hard\libc_nano.a(lib_a-makebuf.o)
                0x00006108                __swhatbuf_r
 .text._raise_r
                0x00006152       0x50 c:/nxp/mcuxpressoide_11.5.0_7232/ide/plugins/com.nxp.mcuxpresso.tools.win32_11.5.0.202107051138/tools/bin/../lib/gcc/arm-none-eabi/10.3.1/../../../../arm-none-eabi/lib/thumb/v7e-m+fp/hard\libc_nano.a(lib_a-signal.o)
                0x00006152                _raise_r
 .text._getpid_r
                0x000061a2        0x4 c:/nxp/mcuxpressoide_11.5.0_7232/ide/plugins/com.nxp.mcuxpresso.tools.win32_11.5.0.202107051138/tools/bin/../lib/gcc/arm-none-eabi/10.3.1/../../../../arm-none-eabi/lib/thumb/v7e-m+fp/hard\libc_nano.a(lib_a-signalr.o)
                0x000061a2                _getpid_r
 .text.__sread  0x000061a6       0x22 c:/nxp/mcuxpressoide_11.5.0_7232/ide/plugins/com.nxp.mcuxpresso.tools.win32_11.5.0.202107051138/tools/bin/../lib/gcc/arm-none-eabi/10.3.1/../../../../arm-none-eabi/lib/thumb/v7e-m+fp/hard\libc_nano.a(lib_a-stdio.o)
                0x000061a6                __sread
 .text.__swrite
                0x000061c8       0x38 c:/nxp/mcuxpressoide_11.5.0_7232/ide/plugins/com.nxp.mcuxpresso.tools.win32_11.5.0.202107051138/tools/bin/../lib/gcc/arm-none-eabi/10.3.1/../../../../arm-none-eabi/lib/thumb/v7e-m+fp/hard\libc_nano.a(lib_a-stdio.o)
                0x000061c8                __swrite
 .text.__sseek  0x00006200       0x24 c:/nxp/mcuxpressoide_11.5.0_7232/ide/plugins/com.nxp.mcuxpresso.tools.win32_11.5.0.202107051138/tools/bin/../lib/gcc/arm-none-eabi/10.3.1/../../../../arm-none-eabi/lib/thumb/v7e-m+fp/hard\libc_nano.a(lib_a-stdio.o)
                0x00006200                __sseek
 .text.__sclose
                0x00006224        0x8 c:/nxp/mcuxpressoide_11.5.0_7232/ide/plugins/com.nxp.mcuxpresso.tools.win32_11.5.0.202107051138/tools/bin/../lib/gcc/arm-none-eabi/10.3.1/../../../../arm-none-eabi/lib/thumb/v7e-m+fp/hard\libc_nano.a(lib_a-stdio.o)
                0x00006224                __sclose
 .text._exit    0x0000622c        0x2 c:/nxp/mcuxpressoide_11.5.0_7232/ide/plugins/com.nxp.mcuxpresso.tools.win32_11.5.0.202107051138/tools/bin/../lib/gcc/arm-none-eabi/10.3.1/../../../../arm-none-eabi/lib/thumb/v7e-m+fp/hard\libcr_newlib_nohost.a(_exit.o)
                0x0000622c                _exit
 *freertos*/tasks.o(SORT_BY_ALIGNMENT(.rodata*))
 *fill*         0x0000622e        0x2 ff
 .rodata.vTaskStartScheduler.str1.4
                0x00006230        0x5 ./freertos/freertos_kernel/tasks.o
 *(SORT_BY_ALIGNMENT(.rodata) SORT_BY_ALIGNMENT(.rodata.*) SORT_BY_ALIGNMENT(.constdata) SORT_BY_ALIGNMENT(.constdata.*))
 *fill*         0x00006235        0x3 ff
 .rodata.main.str1.4
                0x00006238        0xd ./source/RaceCar_P2.o
 *fill*         0x00006245        0x3 ff
 .rodata.ADC16_GetChannelConversionValue.str1.4
                0x00006248       0xb2 ./source/irq_handler.o
 *fill*         0x000062fa        0x2 ff
 .rodata.xTimerCreateTimerTask.str1.4
                0x000062fc        0x8 ./freertos/freertos_kernel/timers.o
 .rodata.prvCheckForValidListAndQueue.str1.4
                0x00006304        0x5 ./freertos/freertos_kernel/timers.o
 *fill*         0x00006309        0x3 ff
 .rodata.s_adc16Bases
                0x0000630c        0x8 ./drivers/fsl_adc16.o
 .rodata.s_adc16Clocks
                0x00006314        0x8 ./drivers/fsl_adc16.o
 .rodata.ADC16_GetInstance.str1.4
                0x0000631c       0x30 ./drivers/fsl_adc16.o
 .rodata.ADC16_Init.str1.4
                0x0000634c        0xf ./drivers/fsl_adc16.o
 *fill*         0x0000635b        0x1 ff
 .rodata.ADC16_SetChannelConfig.str1.4
                0x0000635c       0x1d ./drivers/fsl_adc16.o
 *fill*         0x00006379        0x3 ff
 .rodata.__func__.5
                0x0000637c       0x12 ./drivers/fsl_adc16.o
 *fill*         0x0000638e        0x2 ff
 .rodata.__func__.4
                0x00006390        0xb ./drivers/fsl_adc16.o
 *fill*         0x0000639b        0x1 ff
 .rodata.__func__.1
                0x0000639c       0x17 ./drivers/fsl_adc16.o
 *fill*         0x000063b3        0x1 ff
 .rodata.__func__.0
                0x000063b4       0x1c ./drivers/fsl_adc16.o
 .rodata.CLOCK_GetMcgExtClkFreq.str1.4
                0x000063d0       0x33 ./drivers/fsl_clock.o
 *fill*         0x00006403        0x1 ff
 .rodata.CLOCK_GetOsc0ErClkFreq.str1.4
                0x00006404        0xc ./drivers/fsl_clock.o
 .rodata.CLOCK_GetEr32kClkFreq.str1.4
                0x00006410        0xd ./drivers/fsl_clock.o
 *fill*         0x0000641d        0x3 ff
 .rodata.CLOCK_GetPll0Freq.str1.4
                0x00006420        0xb ./drivers/fsl_clock.o
 .rodata.CLOCK_EnablePll0.str1.4
                0x0000642b        0xb ./drivers/fsl_clock.o
                                  0x7 (size before relaxing)
 *fill*         0x0000642b        0x1 ff
 .rodata.__func__.9
                0x0000642c       0x17 ./drivers/fsl_clock.o
 *fill*         0x00006443        0x1 ff
 .rodata.__func__.8
                0x00006444       0x17 ./drivers/fsl_clock.o
 *fill*         0x0000645b        0x1 ff
 .rodata.__func__.7
                0x0000645c       0x16 ./drivers/fsl_clock.o
 *fill*         0x00006472        0x2 ff
 .rodata.fllFactorTable.6
                0x00006474       0x10 ./drivers/fsl_clock.o
 .rodata.__func__.5
                0x00006484       0x12 ./drivers/fsl_clock.o
 *fill*         0x00006496        0x2 ff
 .rodata.__func__.4
                0x00006498       0x11 ./drivers/fsl_clock.o
 *fill*         0x000064a9        0x3 ff
 .rodata.__func__.2
                0x000064ac       0x11 ./drivers/fsl_clock.o
 *fill*         0x000064bd        0x3 ff
 .rodata.__func__.1
                0x000064c0       0x14 ./drivers/fsl_clock.o
 .rodata.DSPI_GetInstance.str1.4
                0x000064d4       0x2f ./drivers/fsl_dspi.o
 *fill*         0x00006503        0x1 ff
 .rodata.SPI0_DriverIRQHandler.str1.4
                0x00006504       0x18 ./drivers/fsl_dspi.o
 .rodata.SPI1_DriverIRQHandler.str1.4
                0x0000651c       0x18 ./drivers/fsl_dspi.o
 .rodata.SPI2_DriverIRQHandler.str1.4
                0x00006534       0x18 ./drivers/fsl_dspi.o
 .rodata.__func__.2
                0x0000654c       0x16 ./drivers/fsl_dspi.o
 *fill*         0x00006562        0x2 ff
 .rodata.__func__.1
                0x00006564       0x16 ./drivers/fsl_dspi.o
 *fill*         0x0000657a        0x2 ff
 .rodata.__func__.0
                0x0000657c       0x16 ./drivers/fsl_dspi.o
 *fill*         0x00006592        0x2 ff
 .rodata.s_ftmBases
                0x00006594       0x10 ./drivers/fsl_ftm.o
 .rodata.s_ftmClocks
                0x000065a4       0x10 ./drivers/fsl_ftm.o
 .rodata.FTM_GetInstance.str1.4
                0x000065b4       0x26 ./drivers/fsl_ftm.o
 *fill*         0x000065da        0x2 ff
 .rodata.FTM_SetPwmSync.str1.4
                0x000065dc       0x2b ./drivers/fsl_ftm.o
 *fill*         0x00006607        0x1 ff
 .rodata.FTM_SetReloadPoints.str1.4
                0x00006608       0x10 ./drivers/fsl_ftm.o
 .rodata.FTM_Init.str1.4
                0x00006618        0x7 ./drivers/fsl_ftm.o
 .rodata.FTM_SetupPwmMode.str1.4
                0x00006618       0x2e ./drivers/fsl_ftm.o
 *fill*         0x00006646        0x2 ff
 .rodata.__func__.10
                0x00006648       0x10 ./drivers/fsl_ftm.o
 .rodata.__func__.9
                0x00006658        0xf ./drivers/fsl_ftm.o
 *fill*         0x00006667        0x1 ff
 .rodata.__func__.8
                0x00006668       0x14 ./drivers/fsl_ftm.o
 .rodata.__func__.7
                0x0000667c        0x9 ./drivers/fsl_ftm.o
 *fill*         0x00006685        0x3 ff
 .rodata.__func__.4
                0x00006688       0x11 ./drivers/fsl_ftm.o
 *fill*         0x00006699        0x3 ff
 .rodata.SDHC_GetInstance.str1.4
                0x0000669c       0x2f ./drivers/fsl_sdhc.o
 *fill*         0x000066cb        0x1 ff
 .rodata.SDHC_DriverIRQHandler.str1.4
                0x000066cc       0x18 ./drivers/fsl_sdhc.o
 .rodata.__func__.0
                0x000066e4       0x16 ./drivers/fsl_sdhc.o
 *fill*         0x000066fa        0x2 ff
 .rodata.mcgConfig_BOARD_BootClockRUN
                0x000066fc        0xb ./board/clock_config.o
                0x000066fc                mcgConfig_BOARD_BootClockRUN
 *fill*         0x00006707        0x1 ff
 .rodata.simConfig_BOARD_BootClockRUN
                0x00006708        0x8 ./board/clock_config.o
                0x00006708                simConfig_BOARD_BootClockRUN
 .rodata.oscConfig_BOARD_BootClockRUN
                0x00006710        0x8 ./board/clock_config.o
                0x00006710                oscConfig_BOARD_BootClockRUN
 .rodata.FTM2_config
                0x00006718       0x1c ./board/peripherals.o
                0x00006718                FTM2_config
 .rodata.FTM2_pwmSignalParams
                0x00006734       0x10 ./board/peripherals.o
                0x00006734                FTM2_pwmSignalParams
 .rodata.FTM1_config
                0x00006744       0x1c ./board/peripherals.o
                0x00006744                FTM1_config
 .rodata.FTM1_pwmSignalParams
                0x00006760       0x10 ./board/peripherals.o
                0x00006760                FTM1_pwmSignalParams
 .rodata.ADC0_config
                0x00006770        0xa ./board/peripherals.o
                0x00006770                ADC0_config
 *fill*         0x0000677a        0x2 ff
 .rodata._global_impure_ptr
                0x0000677c        0x4 c:/nxp/mcuxpressoide_11.5.0_7232/ide/plugins/com.nxp.mcuxpresso.tools.win32_11.5.0.202107051138/tools/bin/../lib/gcc/arm-none-eabi/10.3.1/../../../../arm-none-eabi/lib/thumb/v7e-m+fp/hard\libc_nano.a(lib_a-impure.o)
                0x0000677c                _global_impure_ptr
 .rodata.__sf_fake_stderr
                0x00006780       0x20 c:/nxp/mcuxpressoide_11.5.0_7232/ide/plugins/com.nxp.mcuxpresso.tools.win32_11.5.0.202107051138/tools/bin/../lib/gcc/arm-none-eabi/10.3.1/../../../../arm-none-eabi/lib/thumb/v7e-m+fp/hard\libc_nano.a(lib_a-findfp.o)
                0x00006780                __sf_fake_stderr
 .rodata.__sf_fake_stdin
                0x000067a0       0x20 c:/nxp/mcuxpressoide_11.5.0_7232/ide/plugins/com.nxp.mcuxpresso.tools.win32_11.5.0.202107051138/tools/bin/../lib/gcc/arm-none-eabi/10.3.1/../../../../arm-none-eabi/lib/thumb/v7e-m+fp/hard\libc_nano.a(lib_a-findfp.o)
                0x000067a0                __sf_fake_stdin
 .rodata.__sf_fake_stdout
                0x000067c0       0x20 c:/nxp/mcuxpressoide_11.5.0_7232/ide/plugins/com.nxp.mcuxpresso.tools.win32_11.5.0.202107051138/tools/bin/../lib/gcc/arm-none-eabi/10.3.1/../../../../arm-none-eabi/lib/thumb/v7e-m+fp/hard\libc_nano.a(lib_a-findfp.o)
                0x000067c0                __sf_fake_stdout
 .rodata.__assert_func.str1.1
                0x000067e0       0x3c c:/nxp/mcuxpressoide_11.5.0_7232/ide/plugins/com.nxp.mcuxpresso.tools.win32_11.5.0.202107051138/tools/bin/../lib/gcc/arm-none-eabi/10.3.1/../../../../arm-none-eabi/lib/thumb/v7e-m+fp/hard\libc_nano.a(lib_a-assert.o)
                                 0x3d (size before relaxing)
 .rodata._vfprintf_r.str1.1
                0x0000681c       0x11 c:/nxp/mcuxpressoide_11.5.0_7232/ide/plugins/com.nxp.mcuxpresso.tools.win32_11.5.0.202107051138/tools/bin/../lib/gcc/arm-none-eabi/10.3.1/../../../../arm-none-eabi/lib/thumb/v7e-m+fp/hard\libc_nano.a(lib_a-nano-vfprintf.o)
 .rodata._printf_i.str1.1
                0x0000682d       0x22 c:/nxp/mcuxpressoide_11.5.0_7232/ide/plugins/com.nxp.mcuxpresso.tools.win32_11.5.0.202107051138/tools/bin/../lib/gcc/arm-none-eabi/10.3.1/../../../../arm-none-eabi/lib/thumb/v7e-m+fp/hard\libc_nano.a(lib_a-nano-vfprintf_i.o)
                0x00006850                . = ALIGN (0x8)
 *fill*         0x0000684f        0x1 ff
                0x00006850                . = ALIGN (0x8)
 *(.init)
 .init          0x00006850        0x4 c:/nxp/mcuxpressoide_11.5.0_7232/ide/plugins/com.nxp.mcuxpresso.tools.win32_11.5.0.202107051138/tools/bin/../lib/gcc/arm-none-eabi/10.3.1/thumb/v7e-m+fp/hard\crti.o
                0x00006850                _init
 .init          0x00006854        0x8 c:/nxp/mcuxpressoide_11.5.0_7232/ide/plugins/com.nxp.mcuxpresso.tools.win32_11.5.0.202107051138/tools/bin/../lib/gcc/arm-none-eabi/10.3.1/thumb/v7e-m+fp/hard\crtn.o
                0x00006860                . = ALIGN (0x8)
 *fill*         0x0000685c        0x4 ff
                0x00006860                __preinit_array_start = .
 *(SORT_BY_ALIGNMENT(.preinit_array))
                0x00006860                __preinit_array_end = .
                0x00006860                . = ALIGN (0x8)
                0x00006860                __init_array_start = .
 *(SORT_BY_NAME(SORT_BY_ALIGNMENT(.init_array.*)))
 *(SORT_BY_ALIGNMENT(.init_array))
 .init_array    0x00006860        0x4 c:/nxp/mcuxpressoide_11.5.0_7232/ide/plugins/com.nxp.mcuxpresso.tools.win32_11.5.0.202107051138/tools/bin/../lib/gcc/arm-none-eabi/10.3.1/thumb/v7e-m+fp/hard\crtbegin.o
                0x00006864                __init_array_end = .
 *(.fini)
 .fini          0x00006864        0x4 c:/nxp/mcuxpressoide_11.5.0_7232/ide/plugins/com.nxp.mcuxpresso.tools.win32_11.5.0.202107051138/tools/bin/../lib/gcc/arm-none-eabi/10.3.1/thumb/v7e-m+fp/hard\crti.o
                0x00006864                _fini
 .fini          0x00006868        0x8 c:/nxp/mcuxpressoide_11.5.0_7232/ide/plugins/com.nxp.mcuxpresso.tools.win32_11.5.0.202107051138/tools/bin/../lib/gcc/arm-none-eabi/10.3.1/thumb/v7e-m+fp/hard\crtn.o
                0x00006870                . = ALIGN (0x8)
 *crtbegin.o(SORT_BY_ALIGNMENT(.ctors))
 *(SORT_BY_ALIGNMENT(EXCLUDE_FILE(*crtend.o) .ctors))
 *(SORT_BY_NAME(SORT_BY_ALIGNMENT(.ctors.*)))
 *crtend.o(SORT_BY_ALIGNMENT(.ctors))
                0x00006870                . = ALIGN (0x8)
 *crtbegin.o(SORT_BY_ALIGNMENT(.dtors))
 *(SORT_BY_ALIGNMENT(EXCLUDE_FILE(*crtend.o) .dtors))
 *(SORT_BY_NAME(SORT_BY_ALIGNMENT(.dtors.*)))
 *crtend.o(SORT_BY_ALIGNMENT(.dtors))
                0x00006870                . = ALIGN (0x8)

.glue_7         0x00006870        0x0
 .glue_7        0x00006870        0x0 linker stubs

.glue_7t        0x00006870        0x0
 .glue_7t       0x00006870        0x0 linker stubs

.vfp11_veneer   0x00006870        0x0
 .vfp11_veneer  0x00006870        0x0 linker stubs

.v4_bx          0x00006870        0x0
 .v4_bx         0x00006870        0x0 linker stubs

.iplt           0x00006870        0x0
 .iplt          0x00006870        0x0 ./startup/startup_mk64f12.o

.rel.dyn        0x00006870        0x0
 .rel.iplt      0x00006870        0x0 ./startup/startup_mk64f12.o

.eh_frame       0x00006870        0x0
 .eh_frame      0x00006870        0x0 c:/nxp/mcuxpressoide_11.5.0_7232/ide/plugins/com.nxp.mcuxpresso.tools.win32_11.5.0.202107051138/tools/bin/../lib/gcc/arm-none-eabi/10.3.1/thumb/v7e-m+fp/hard\crtbegin.o

.ARM.extab
 *(SORT_BY_ALIGNMENT(.ARM.extab*) SORT_BY_ALIGNMENT(.gnu.linkonce.armextab.*))

.ARM.exidx      0x00006870        0x0
                0x00006870                __exidx_start = .
 *(SORT_BY_ALIGNMENT(.ARM.exidx*) SORT_BY_ALIGNMENT(.gnu.linkonce.armexidx.*))
                0x00006870                __exidx_end = .
                0x00006870                _etext = .

.m_usb_data
 *(SORT_BY_ALIGNMENT(m_usb_bdt))

.data_RAM2      0x1fff0000        0x0 load address 0x00006870
 FILL mask 0xff
                [!provide]                PROVIDE (__start_data_RAM2 = .)
                [!provide]                PROVIDE (__start_data_SRAM_LOWER = .)
 *(SORT_BY_ALIGNMENT(.ramfunc.$RAM2))
 *(SORT_BY_ALIGNMENT(.ramfunc.$SRAM_LOWER))
 *(SORT_BY_ALIGNMENT(.data.$RAM2))
 *(SORT_BY_ALIGNMENT(.data.$SRAM_LOWER))
 *(SORT_BY_ALIGNMENT(.data.$RAM2.*))
 *(SORT_BY_ALIGNMENT(.data.$SRAM_LOWER.*))
                0x1fff0000                . = ALIGN (0x8)
                [!provide]                PROVIDE (__end_data_RAM2 = .)
                [!provide]                PROVIDE (__end_data_SRAM_LOWER = .)

.data_RAM3      0x14000000        0x0 load address 0x00006870
 FILL mask 0xff
                [!provide]                PROVIDE (__start_data_RAM3 = .)
                [!provide]                PROVIDE (__start_data_FLEX_RAM = .)
 *(SORT_BY_ALIGNMENT(.ramfunc.$RAM3))
 *(SORT_BY_ALIGNMENT(.ramfunc.$FLEX_RAM))
 *(SORT_BY_ALIGNMENT(.data.$RAM3))
 *(SORT_BY_ALIGNMENT(.data.$FLEX_RAM))
 *(SORT_BY_ALIGNMENT(.data.$RAM3.*))
 *(SORT_BY_ALIGNMENT(.data.$FLEX_RAM.*))
                0x14000000                . = ALIGN (0x8)
                [!provide]                PROVIDE (__end_data_RAM3 = .)
                [!provide]                PROVIDE (__end_data_FLEX_RAM = .)

.uninit_RESERVED
                0x20000000        0x0
                0x20000000                _start_uninit_RESERVED = .
 *(SORT_BY_ALIGNMENT(.bss.$RESERVED*))
                0x20000000                . = ALIGN (0x8)
                0x20000000                _end_uninit_RESERVED = .

.data           0x20000000       0x88 load address 0x00006870
 FILL mask 0xff
                0x20000000                _data = .
                [!provide]                PROVIDE (__start_data_RAM = .)
                [!provide]                PROVIDE (__start_data_SRAM_UPPER = .)
 *(SORT_BY_ALIGNMENT(vtable))
 *(SORT_BY_ALIGNMENT(.ramfunc*))
 *(SORT_BY_ALIGNMENT(CodeQuickAccess))
 *(SORT_BY_ALIGNMENT(DataQuickAccess))
 *(SORT_BY_ALIGNMENT(RamFunction))
 *(SORT_BY_ALIGNMENT(.data*))
 .data.car_state
                0x20000000        0x4 ./source/drive_tracking.o
                0x20000000                car_state
 .data.uxCriticalNesting
                0x20000004        0x4 ./freertos/freertos_kernel/portable/GCC/ARM_CM4F/port.o
 .data.uxTopUsedPriority
                0x20000008        0x4 ./freertos/freertos_kernel/tasks.o
                0x20000008                uxTopUsedPriority
 .data.s_slowIrcFreq
                0x2000000c        0x4 ./drivers/fsl_clock.o
 .data.s_fastIrcFreq
                0x20000010        0x4 ./drivers/fsl_clock.o
 .data.SystemCoreClock
                0x20000014        0x4 ./device/system_MK64F12.o
                0x20000014                SystemCoreClock
 .data.ADC0_channelsConfig
                0x20000018        0x8 ./board/peripherals.o
                0x20000018                ADC0_channelsConfig
 .data._impure_ptr
                0x20000020        0x4 c:/nxp/mcuxpressoide_11.5.0_7232/ide/plugins/com.nxp.mcuxpresso.tools.win32_11.5.0.202107051138/tools/bin/../lib/gcc/arm-none-eabi/10.3.1/../../../../arm-none-eabi/lib/thumb/v7e-m+fp/hard\libc_nano.a(lib_a-impure.o)
                0x20000020                _impure_ptr
 .data.impure_data
                0x20000024       0x60 c:/nxp/mcuxpressoide_11.5.0_7232/ide/plugins/com.nxp.mcuxpresso.tools.win32_11.5.0.202107051138/tools/bin/../lib/gcc/arm-none-eabi/10.3.1/../../../../arm-none-eabi/lib/thumb/v7e-m+fp/hard\libc_nano.a(lib_a-impure.o)
                0x20000088                . = ALIGN (0x8)
 *fill*         0x20000084        0x4 ff
                0x20000088                _edata = .
                [!provide]                PROVIDE (__end_data_RAM = .)
                [!provide]                PROVIDE (__end_data_SRAM_UPPER = .)

.igot.plt       0x20000088        0x0 load address 0x000068f8
 .igot.plt      0x20000088        0x0 ./startup/startup_mk64f12.o

.bss_RAM2       0x1fff0000        0x0
                [!provide]                PROVIDE (__start_bss_RAM2 = .)
                [!provide]                PROVIDE (__start_bss_SRAM_LOWER = .)
 *(SORT_BY_ALIGNMENT(.bss.$RAM2))
 *(SORT_BY_ALIGNMENT(.bss.$SRAM_LOWER))
 *(SORT_BY_ALIGNMENT(.bss.$RAM2.*))
 *(SORT_BY_ALIGNMENT(.bss.$SRAM_LOWER.*))
                0x1fff0000                . = ALIGN ((. != 0x0)?0x8:0x1)
                [!provide]                PROVIDE (__end_bss_RAM2 = .)
                [!provide]                PROVIDE (__end_bss_SRAM_LOWER = .)

.bss_RAM3       0x14000000        0x0
                [!provide]                PROVIDE (__start_bss_RAM3 = .)
                [!provide]                PROVIDE (__start_bss_FLEX_RAM = .)
 *(SORT_BY_ALIGNMENT(.bss.$RAM3))
 *(SORT_BY_ALIGNMENT(.bss.$FLEX_RAM))
 *(SORT_BY_ALIGNMENT(.bss.$RAM3.*))
 *(SORT_BY_ALIGNMENT(.bss.$FLEX_RAM.*))
                0x14000000                . = ALIGN ((. != 0x0)?0x8:0x1)
                [!provide]                PROVIDE (__end_bss_RAM3 = .)
                [!provide]                PROVIDE (__end_bss_FLEX_RAM = .)

.bss            0x20000088     0x2a40
                0x20000088                _bss = .
                [!provide]                PROVIDE (__start_bss_RAM = .)
                [!provide]                PROVIDE (__start_bss_SRAM_UPPER = .)
 *(SORT_BY_ALIGNMENT(.bss*))
 .bss.watchme2  0x20000088        0x4 ./source/RaceCar_P2.o
                0x20000088                watchme2
 .bss.s         0x2000008c        0xc ./source/drive_tracking.o
                0x2000008c                s
 .bss.watchme   0x20000098        0x4 ./source/servo.o
                0x20000098                watchme
 .bss.ucHeap    0x2000009c     0x2800 ./freertos/freertos_kernel/portable/MemMang/heap_4.o
 .bss.xStart    0x2000289c        0x8 ./freertos/freertos_kernel/portable/MemMang/heap_4.o
 .bss.pxEnd     0x200028a4        0x4 ./freertos/freertos_kernel/portable/MemMang/heap_4.o
 .bss.xFreeBytesRemaining
                0x200028a8        0x4 ./freertos/freertos_kernel/portable/MemMang/heap_4.o
 .bss.xMinimumEverFreeBytesRemaining
                0x200028ac        0x4 ./freertos/freertos_kernel/portable/MemMang/heap_4.o
 .bss.xNumberOfSuccessfulAllocations
                0x200028b0        0x4 ./freertos/freertos_kernel/portable/MemMang/heap_4.o
 .bss.xNumberOfSuccessfulFrees
                0x200028b4        0x4 ./freertos/freertos_kernel/portable/MemMang/heap_4.o
 .bss.xBlockAllocatedBit
                0x200028b8        0x4 ./freertos/freertos_kernel/portable/MemMang/heap_4.o
 .bss.ulMaxPRIGROUPValue
                0x200028bc        0x4 ./freertos/freertos_kernel/portable/GCC/ARM_CM4F/port.o
 .bss.xQueueRegistry
                0x200028c0       0x40 ./freertos/freertos_kernel/queue.o
                0x200028c0                xQueueRegistry
 .bss.pxCurrentTCB
                0x20002900        0x4 ./freertos/freertos_kernel/tasks.o
                0x20002900                pxCurrentTCB
 .bss.pxReadyTasksLists
                0x20002904       0x64 ./freertos/freertos_kernel/tasks.o
 .bss.xDelayedTaskList1
                0x20002968       0x14 ./freertos/freertos_kernel/tasks.o
 .bss.xDelayedTaskList2
                0x2000297c       0x14 ./freertos/freertos_kernel/tasks.o
 .bss.pxDelayedTaskList
                0x20002990        0x4 ./freertos/freertos_kernel/tasks.o
 .bss.pxOverflowDelayedTaskList
                0x20002994        0x4 ./freertos/freertos_kernel/tasks.o
 .bss.xPendingReadyList
                0x20002998       0x14 ./freertos/freertos_kernel/tasks.o
 .bss.xTasksWaitingTermination
                0x200029ac       0x14 ./freertos/freertos_kernel/tasks.o
 .bss.uxDeletedTasksWaitingCleanUp
                0x200029c0        0x4 ./freertos/freertos_kernel/tasks.o
 .bss.xSuspendedTaskList
                0x200029c4       0x14 ./freertos/freertos_kernel/tasks.o
 .bss.uxCurrentNumberOfTasks
                0x200029d8        0x4 ./freertos/freertos_kernel/tasks.o
 .bss.xTickCount
                0x200029dc        0x4 ./freertos/freertos_kernel/tasks.o
 .bss.uxTopReadyPriority
                0x200029e0        0x4 ./freertos/freertos_kernel/tasks.o
 .bss.xSchedulerRunning
                0x200029e4        0x4 ./freertos/freertos_kernel/tasks.o
 .bss.xPendedTicks
                0x200029e8        0x4 ./freertos/freertos_kernel/tasks.o
 .bss.xYieldPending
                0x200029ec        0x4 ./freertos/freertos_kernel/tasks.o
 .bss.xNumOfOverflows
                0x200029f0        0x4 ./freertos/freertos_kernel/tasks.o
 .bss.uxTaskNumber
                0x200029f4        0x4 ./freertos/freertos_kernel/tasks.o
 .bss.xNextTaskUnblockTime
                0x200029f8        0x4 ./freertos/freertos_kernel/tasks.o
 .bss.xIdleTaskHandle
                0x200029fc        0x4 ./freertos/freertos_kernel/tasks.o
 .bss.uxSchedulerSuspended
                0x20002a00        0x4 ./freertos/freertos_kernel/tasks.o
 .bss.xActiveTimerList1
                0x20002a04       0x14 ./freertos/freertos_kernel/timers.o
 .bss.xActiveTimerList2
                0x20002a18       0x14 ./freertos/freertos_kernel/timers.o
 .bss.pxCurrentTimerList
                0x20002a2c        0x4 ./freertos/freertos_kernel/timers.o
 .bss.pxOverflowTimerList
                0x20002a30        0x4 ./freertos/freertos_kernel/timers.o
 .bss.xTimerQueue
                0x20002a34        0x4 ./freertos/freertos_kernel/timers.o
 .bss.xTimerTaskHandle
                0x20002a38        0x4 ./freertos/freertos_kernel/timers.o
 .bss.xLastTime.0
                0x20002a3c        0x4 ./freertos/freertos_kernel/timers.o
 .bss.g_xtal0Freq
                0x20002a40        0x4 ./drivers/fsl_clock.o
                0x20002a40                g_xtal0Freq
 .bss.g_xtal32Freq
                0x20002a44        0x4 ./drivers/fsl_clock.o
                0x20002a44                g_xtal32Freq
 .bss.g_dspiHandle
                0x20002a48        0xc ./drivers/fsl_dspi.o
 .bss.s_dspiMasterIsr
                0x20002a54        0x4 ./drivers/fsl_dspi.o
 .bss.s_dspiSlaveIsr
                0x20002a58        0x4 ./drivers/fsl_dspi.o
 .bss.s_i2cHandle
                0x20002a5c        0xc ./drivers/fsl_i2c.o
 .bss.s_i2cMasterIsr
                0x20002a68        0x4 ./drivers/fsl_i2c.o
 .bss.s_i2cSlaveIsr
                0x20002a6c        0x4 ./drivers/fsl_i2c.o
 .bss.s_sdhcHandle
                0x20002a70        0x4 ./drivers/fsl_sdhc.o
 .bss.s_sdhcIsr
                0x20002a74        0x4 ./drivers/fsl_sdhc.o
 .bss.s_uartHandle
                0x20002a78       0x18 ./drivers/fsl_uart.o
                0x20002a78                s_uartHandle
 .bss.s_uartIsr
                0x20002a90        0x4 ./drivers/fsl_uart.o
                0x20002a90                s_uartIsr
 .bss.__malloc_free_list
                0x20002a94        0x4 c:/nxp/mcuxpressoide_11.5.0_7232/ide/plugins/com.nxp.mcuxpresso.tools.win32_11.5.0.202107051138/tools/bin/../lib/gcc/arm-none-eabi/10.3.1/../../../../arm-none-eabi/lib/thumb/v7e-m+fp/hard\libc_nano.a(lib_a-nano-mallocr.o)
                0x20002a94                __malloc_free_list
 .bss.__malloc_sbrk_start
                0x20002a98        0x4 c:/nxp/mcuxpressoide_11.5.0_7232/ide/plugins/com.nxp.mcuxpresso.tools.win32_11.5.0.202107051138/tools/bin/../lib/gcc/arm-none-eabi/10.3.1/../../../../arm-none-eabi/lib/thumb/v7e-m+fp/hard\libc_nano.a(lib_a-nano-mallocr.o)
                0x20002a98                __malloc_sbrk_start
 .bss.errno     0x20002a9c        0x4 c:/nxp/mcuxpressoide_11.5.0_7232/ide/plugins/com.nxp.mcuxpresso.tools.win32_11.5.0.202107051138/tools/bin/../lib/gcc/arm-none-eabi/10.3.1/../../../../arm-none-eabi/lib/thumb/v7e-m+fp/hard\libc_nano.a(lib_a-reent.o)
                0x20002a9c                errno
 .bss.__end_of_heap
                0x20002aa0        0x4 c:/nxp/mcuxpressoide_11.5.0_7232/ide/plugins/com.nxp.mcuxpresso.tools.win32_11.5.0.202107051138/tools/bin/../lib/gcc/arm-none-eabi/10.3.1/../../../../arm-none-eabi/lib/thumb/v7e-m+fp/hard\libcr_newlib_nohost.a(_cr_sbrk.o)
                0x20002aa0                __end_of_heap
 .bss           0x20002aa4       0x1c c:/nxp/mcuxpressoide_11.5.0_7232/ide/plugins/com.nxp.mcuxpresso.tools.win32_11.5.0.202107051138/tools/bin/../lib/gcc/arm-none-eabi/10.3.1/thumb/v7e-m+fp/hard\crtbegin.o
 .bss.ucMaxSysCallPriority
                0x20002ac0        0x1 ./freertos/freertos_kernel/portable/GCC/ARM_CM4F/port.o
 .bss.__lock___malloc_recursive_mutex
                0x20002ac1        0x1 c:/nxp/mcuxpressoide_11.5.0_7232/ide/plugins/com.nxp.mcuxpresso.tools.win32_11.5.0.202107051138/tools/bin/../lib/gcc/arm-none-eabi/10.3.1/../../../../arm-none-eabi/lib/thumb/v7e-m+fp/hard\libc_nano.a(lib_a-lock.o)
                0x20002ac1                __lock___malloc_recursive_mutex
 .bss.__lock___sfp_recursive_mutex
                0x20002ac2        0x1 c:/nxp/mcuxpressoide_11.5.0_7232/ide/plugins/com.nxp.mcuxpresso.tools.win32_11.5.0.202107051138/tools/bin/../lib/gcc/arm-none-eabi/10.3.1/../../../../arm-none-eabi/lib/thumb/v7e-m+fp/hard\libc_nano.a(lib_a-lock.o)
                0x20002ac2                __lock___sfp_recursive_mutex
 .bss.__lock___sinit_recursive_mutex