Archive member included to satisfy reference by file (symbol)

c:/nxp/mcuxpressoide_11.5.0_7232/ide/plugins/com.nxp.mcuxpresso.tools.win32_11.5.0.202107051138/tools/bin/../lib/gcc/arm-none-eabi/10.3.1/thumb/v7e-m+fp/hard\libgcc.a(_aeabi_uldivmod.o)
                              ./drivers/fsl_common_arm.o (__aeabi_uldivmod)
c:/nxp/mcuxpressoide_11.5.0_7232/ide/plugins/com.nxp.mcuxpresso.tools.win32_11.5.0.202107051138/tools/bin/../lib/gcc/arm-none-eabi/10.3.1/thumb/v7e-m+fp/hard\libgcc.a(_udivmoddi4.o)
                              c:/nxp/mcuxpressoide_11.5.0_7232/ide/plugins/com.nxp.mcuxpresso.tools.win32_11.5.0.202107051138/tools/bin/../lib/gcc/arm-none-eabi/10.3.1/thumb/v7e-m+fp/hard\libgcc.a(_aeabi_uldivmod.o) (__udivmoddi4)
c:/nxp/mcuxpressoide_11.5.0_7232/ide/plugins/com.nxp.mcuxpresso.tools.win32_11.5.0.202107051138/tools/bin/../lib/gcc/arm-none-eabi/10.3.1/thumb/v7e-m+fp/hard\libgcc.a(_dvmd_tls.o)
                              c:/nxp/mcuxpressoide_11.5.0_7232/ide/plugins/com.nxp.mcuxpresso.tools.win32_11.5.0.202107051138/tools/bin/../lib/gcc/arm-none-eabi/10.3.1/thumb/v7e-m+fp/hard\libgcc.a(_aeabi_uldivmod.o) (__aeabi_ldiv0)
c:/nxp/mcuxpressoide_11.5.0_7232/ide/plugins/com.nxp.mcuxpresso.tools.win32_11.5.0.202107051138/tools/bin/../lib/gcc/arm-none-eabi/10.3.1/../../../../arm-none-eabi/lib/thumb/v7e-m+fp/hard\libc_nano.a(lib_a-assert.o)
                              ./source/irq_handler.o (__assert_func)
c:/nxp/mcuxpressoide_11.5.0_7232/ide/plugins/com.nxp.mcuxpresso.tools.win32_11.5.0.202107051138/tools/bin/../lib/gcc/arm-none-eabi/10.3.1/../../../../arm-none-eabi/lib/thumb/v7e-m+fp/hard\libc_nano.a(lib_a-errno.o)
                              ./utilities/fsl_str.o (__errno)
c:/nxp/mcuxpressoide_11.5.0_7232/ide/plugins/com.nxp.mcuxpresso.tools.win32_11.5.0.202107051138/tools/bin/../lib/gcc/arm-none-eabi/10.3.1/../../../../arm-none-eabi/lib/thumb/v7e-m+fp/hard\libc_nano.a(lib_a-fprintf.o)
                              c:/nxp/mcuxpressoide_11.5.0_7232/ide/plugins/com.nxp.mcuxpresso.tools.win32_11.5.0.202107051138/tools/bin/../lib/gcc/arm-none-eabi/10.3.1/../../../../arm-none-eabi/lib/thumb/v7e-m+fp/hard\libc_nano.a(lib_a-assert.o) (fiprintf)
c:/nxp/mcuxpressoide_11.5.0_7232/ide/plugins/com.nxp.mcuxpresso.tools.win32_11.5.0.202107051138/tools/bin/../lib/gcc/arm-none-eabi/10.3.1/../../../../arm-none-eabi/lib/thumb/v7e-m+fp/hard\libc_nano.a(lib_a-impure.o)
                              c:/nxp/mcuxpressoide_11.5.0_7232/ide/plugins/com.nxp.mcuxpresso.tools.win32_11.5.0.202107051138/tools/bin/../lib/gcc/arm-none-eabi/10.3.1/../../../../arm-none-eabi/lib/thumb/v7e-m+fp/hard\libc_nano.a(lib_a-assert.o) (_impure_ptr)
c:/nxp/mcuxpressoide_11.5.0_7232/ide/plugins/com.nxp.mcuxpresso.tools.win32_11.5.0.202107051138/tools/bin/../lib/gcc/arm-none-eabi/10.3.1/../../../../arm-none-eabi/lib/thumb/v7e-m+fp/hard\libc_nano.a(lib_a-init.o)
                              ./startup/startup_mk64f12.o (__libc_init_array)
c:/nxp/mcuxpressoide_11.5.0_7232/ide/plugins/com.nxp.mcuxpresso.tools.win32_11.5.0.202107051138/tools/bin/../lib/gcc/arm-none-eabi/10.3.1/../../../../arm-none-eabi/lib/thumb/v7e-m+fp/hard\libc_nano.a(lib_a-malloc.o)
                              ./source/cpp_config.o (malloc)
c:/nxp/mcuxpressoide_11.5.0_7232/ide/plugins/com.nxp.mcuxpresso.tools.win32_11.5.0.202107051138/tools/bin/../lib/gcc/arm-none-eabi/10.3.1/../../../../arm-none-eabi/lib/thumb/v7e-m+fp/hard\libc_nano.a(lib_a-memcmp.o)
                              ./fatfs/source/ff.o (memcmp)
c:/nxp/mcuxpressoide_11.5.0_7232/ide/plugins/com.nxp.mcuxpresso.tools.win32_11.5.0.202107051138/tools/bin/../lib/gcc/arm-none-eabi/10.3.1/../../../../arm-none-eabi/lib/thumb/v7e-m+fp/hard\libc_nano.a(lib_a-memcpy-stub.o)
                              ./utilities/fsl_str.o (memcpy)
c:/nxp/mcuxpressoide_11.5.0_7232/ide/plugins/com.nxp.mcuxpresso.tools.win32_11.5.0.202107051138/tools/bin/../lib/gcc/arm-none-eabi/10.3.1/../../../../arm-none-eabi/lib/thumb/v7e-m+fp/hard\libc_nano.a(lib_a-memset.o)
                              ./utilities/fsl_debug_console.o (memset)
c:/nxp/mcuxpressoide_11.5.0_7232/ide/plugins/com.nxp.mcuxpresso.tools.win32_11.5.0.202107051138/tools/bin/../lib/gcc/arm-none-eabi/10.3.1/../../../../arm-none-eabi/lib/thumb/v7e-m+fp/hard\libc_nano.a(lib_a-nano-freer.o)
                              c:/nxp/mcuxpressoide_11.5.0_7232/ide/plugins/com.nxp.mcuxpresso.tools.win32_11.5.0.202107051138/tools/bin/../lib/gcc/arm-none-eabi/10.3.1/../../../../arm-none-eabi/lib/thumb/v7e-m+fp/hard\libc_nano.a(lib_a-malloc.o) (_free_r)
c:/nxp/mcuxpressoide_11.5.0_7232/ide/plugins/com.nxp.mcuxpresso.tools.win32_11.5.0.202107051138/tools/bin/../lib/gcc/arm-none-eabi/10.3.1/../../../../arm-none-eabi/lib/thumb/v7e-m+fp/hard\libc_nano.a(lib_a-nano-mallocr.o)
[...]
Memory Configuration

Name             Origin             Length             Attributes
PROGRAM_FLASH    0x00000000         0x00100000         xr
SRAM_UPPER       0x20000000         0x00030000         xrw
SRAM_LOWER       0x1fff0000         0x00010000         xrw
FLEX_RAM         0x14000000         0x00001000         xrw
*default*        0x00000000         0xffffffff

Linker script and memory map

LOAD ./utilities/fsl_debug_console.o
LOAD ./utilities/fsl_str.o
LOAD ./usb/host/class/usb_host_hub.o
LOAD ./usb/host/class/usb_host_hub_app.o
LOAD ./usb/host/class/usb_host_msd.o
LOAD ./usb/host/class/usb_host_msd_ufi.o
LOAD ./usb/host/usb_host_devices.o
LOAD ./usb/host/usb_host_framework.o
LOAD ./usb/host/usb_host_hci.o
LOAD ./usb/host/usb_host_khci.o
LOAD ./startup/startup_mk64f12.o
LOAD ./source/RaceCar_P2.o
LOAD ./source/cpp_config.o
LOAD ./source/drive_tracking.o
LOAD ./source/irq_handler.o
LOAD ./source/semihost_hardfault.o
LOAD ./source/servo.o
LOAD ./source/signals.o
LOAD ./sdmmc/src/fsl_mmc.o
LOAD ./sdmmc/src/fsl_sd.o
LOAD ./sdmmc/src/fsl_sdmmc_common.o
LOAD ./sdmmc/src/fsl_sdspi.o
LOAD ./sdmmc/osa/fsl_sdmmc_osa.o
LOAD ./sdmmc/host/fsl_sdmmc_host.o
LOAD ./freertos/freertos_kernel/portable/MemMang/heap_4.o
LOAD ./freertos/freertos_kernel/portable/GCC/ARM_CM4F/port.o
LOAD ./freertos/freertos_kernel/croutine.o
LOAD ./freertos/freertos_kernel/event_groups.o
LOAD ./freertos/freertos_kernel/list.o
LOAD ./freertos/freertos_kernel/queue.o
LOAD ./freertos/freertos_kernel/stream_buffer.o
LOAD ./freertos/freertos_kernel/tasks.o
LOAD ./freertos/freertos_kernel/timers.o
LOAD ./fatfs/source/fsl_sd_disk/fsl_sd_disk.o
LOAD ./fatfs/source/diskio.o
LOAD ./fatfs/source/ff.o
LOAD ./fatfs/source/ffsystem.o
LOAD ./fatfs/source/ffunicode.o
LOAD ./drivers/freertos/fsl_dspi_freertos.o
LOAD ./drivers/freertos/fsl_i2c_freertos.o
LOAD ./drivers/freertos/fsl_uart_freertos.o
LOAD ./drivers/fsl_adc16.o
LOAD ./drivers/fsl_clock.o
LOAD ./drivers/fsl_common.o
LOAD ./drivers/fsl_common_arm.o
LOAD ./drivers/fsl_crc.o
LOAD ./drivers/fsl_dac.o
LOAD ./drivers/fsl_dspi.o
LOAD ./drivers/fsl_ftm.o
LOAD ./drivers/fsl_gpio.o
LOAD ./drivers/fsl_i2c.o
LOAD ./drivers/fsl_rnga.o
LOAD ./drivers/fsl_rtc.o
LOAD ./drivers/fsl_sdhc.o
LOAD ./drivers/fsl_smc.o
LOAD ./drivers/fsl_uart.o
LOAD ./drivers/fsl_vref.o
LOAD ./device/system_MK64F12.o
LOAD ./component/uart/fsl_adapter_uart.o
LOAD ./component/serial_manager/fsl_component_serial_manager.o
LOAD ./component/serial_manager/fsl_component_serial_port_uart.o
LOAD ./component/osa/fsl_os_abstraction_free_rtos.o
LOAD ./component/lists/fsl_component_generic_list.o
LOAD ./board/board.o
LOAD ./board/clock_config.o
LOAD ./board/peripherals.o
LOAD ./board/pin_mux.o
START GROUP
LOAD c:/nxp/mcuxpressoide_11.5.0_7232/ide/plugins/com.nxp.mcuxpresso.tools.win32_11.5.0.202107051138/tools/bin/../lib/gcc/arm-none-eabi/10.3.1/thumb/v7e-m+fp/hard\libgcc.a
LOAD c:/nxp/mcuxpressoide_11.5.0_7232/ide/plugins/com.nxp.mcuxpresso.tools.win32_11.5.0.202107051138/tools/bin/../lib/gcc/arm-none-eabi/10.3.1/../../../../arm-none-eabi/lib/thumb/v7e-m+fp/hard\libc_nano.a
LOAD c:/nxp/mcuxpressoide_11.5.0_7232/ide/plugins/com.nxp.mcuxpresso.tools.win32_11.5.0.202107051138/tools/bin/../lib/gcc/arm-none-eabi/10.3.1/../../../../arm-none-eabi/lib/thumb/v7e-m+fp/hard\libstdc++_nano.a
LOAD c:/nxp/mcuxpressoide_11.5.0_7232/ide/plugins/com.nxp.mcuxpresso.tools.win32_11.5.0.202107051138/tools/bin/../lib/gcc/arm-none-eabi/10.3.1/../../../../arm-none-eabi/lib/thumb/v7e-m+fp/hard\libm.a
LOAD c:/nxp/mcuxpressoide_11.5.0_7232/ide/plugins/com.nxp.mcuxpresso.tools.win32_11.5.0.202107051138/tools/bin/../lib/gcc/arm-none-eabi/10.3.1/../../../../arm-none-eabi/lib/thumb/v7e-m+fp/hard\libcr_newlib_nohost.a
LOAD c:/nxp/mcuxpressoide_11.5.0_7232/ide/plugins/com.nxp.mcuxpresso.tools.win32_11.5.0.202107051138/tools/bin/../lib/gcc/arm-none-eabi/10.3.1/thumb/v7e-m+fp/hard\crti.o
LOAD c:/nxp/mcuxpressoide_11.5.0_7232/ide/plugins/com.nxp.mcuxpresso.tools.win32_11.5.0.202107051138/tools/bin/../lib/gcc/arm-none-eabi/10.3.1/thumb/v7e-m+fp/hard\crtn.o
LOAD c:/nxp/mcuxpressoide_11.5.0_7232/ide/plugins/com.nxp.mcuxpresso.tools.win32_11.5.0.202107051138/tools/bin/../lib/gcc/arm-none-eabi/10.3.1/thumb/v7e-m+fp/hard\crtbegin.o
LOAD c:/nxp/mcuxpressoide_11.5.0_7232/ide/plugins/com.nxp.mcuxpresso.tools.win32_11.5.0.202107051138/tools/bin/../lib/gcc/arm-none-eabi/10.3.1/thumb/v7e-m+fp/hard\crtend.o
END GROUP
                0x00000000                __base_PROGRAM_FLASH = 0x0
                0x00000000                __base_Flash = 0x0
                0x00100000                __top_PROGRAM_FLASH = 0x100000
                0x00100000                __top_Flash = 0x100000
                0x20000000                __base_SRAM_UPPER = 0x20000000
                0x20000000                __base_RAM = 0x20000000
                0x20030000                __top_SRAM_UPPER = 0x20030000
                0x20030000                __top_RAM = 0x20030000
                0x1fff0000                __base_SRAM_LOWER = 0x1fff0000
                0x1fff0000                __base_RAM2 = 0x1fff0000
                0x20000000                __top_SRAM_LOWER = 0x20000000
                0x20000000                __top_RAM2 = 0x20000000
                0x14000000                __base_FLEX_RAM = 0x14000000
                0x14000000                __base_RAM3 = 0x14000000
                0x14001000                __top_FLEX_RAM = 0x14001000
                0x14001000                __top_RAM3 = 0x14001000

.text           0x00000000     0x6850
 FILL mask 0xff
                0x00000000                __vectors_start__ = ABSOLUTE (.)
 *(SORT_BY_ALIGNMENT(.isr_vector))
 .isr_vector    0x00000000      0x198 ./startup/startup_mk64f12.o
                0x00000000                g_pfnVectors
                0x00000000                __Vectors
                0x00000198                . = ALIGN (0x4)
                0x00000198                __section_table_start = .
                0x00000198                __data_section_table = .
                0x00000198        0x4 LONG 0x6850 LOADADDR (.data)
                0x0000019c        0x4 LONG 0x20000000 ADDR (.data)
                0x000001a0        0x4 LONG 0x88 SIZEOF (.data)
                0x000001a4        0x4 LONG 0x6850 LOADADDR (.data_RAM2)
                0x000001a8        0x4 LONG 0x1fff0000 ADDR (.data_RAM2)
                0x000001ac        0x4 LONG 0x0 SIZEOF (.data_RAM2)
                0x000001b0        0x4 LONG 0x6850 LOADADDR (.data_RAM3)
                0x000001b4        0x4 LONG 0x14000000 ADDR (.data_RAM3)
                0x000001b8        0x4 LONG 0x0 SIZEOF (.data_RAM3)
                0x000001bc                __data_section_table_end = .
                0x000001bc                __bss_section_table = .
                0x000001bc        0x4 LONG 0x20000088 ADDR (.bss)
                0x000001c0        0x4 LONG 0x2a38 SIZEOF (.bss)
                0x000001c4        0x4 LONG 0x1fff0000 ADDR (.bss_RAM2)
                0x000001c8        0x4 LONG 0x0 SIZEOF (.bss_RAM2)
                0x000001cc        0x4 LONG 0x14000000 ADDR (.bss_RAM3)
                0x000001d0        0x4 LONG 0x0 SIZEOF (.bss_RAM3)
                0x000001d4                __bss_section_table_end = .
                0x000001d4                __section_table_end = .
 *(SORT_BY_ALIGNMENT(.after_vectors*))
 .after_vectors.reset
                0x000001d4       0x50 ./startup/startup_mk64f12.o
                0x000001d4                ResetISR
 .after_vectors.init_data
                0x00000224       0x1e ./startup/startup_mk64f12.o
                0x00000224                data_init(unsigned int, unsigned int, unsigned int)
 .after_vectors.init_bss
                0x00000242       0x12 ./startup/startup_mk64f12.o
                0x00000242                bss_init(unsigned int, unsigned int)
 .after_vectors
                0x00000254       0x14 ./startup/startup_mk64f12.o
                0x00000254                NMI_Handler
                0x00000258                MemManage_Handler
                0x0000025a                BusFault_Handler
                0x0000025c                UsageFault_Handler
                0x00000260                DebugMon_Handler
                0x00000266                DMA_Error_DriverIRQHandler
                0x00000266                LPTMR0_DriverIRQHandler
                0x00000266                FTM1_DriverIRQHandler
                0x00000266                FTM2_DriverIRQHandler
                0x00000266                PIT2_DriverIRQHandler
                0x00000266                I2S0_Tx_DriverIRQHandler
                0x00000266                RTC_Seconds_DriverIRQHandler
                0x00000266                DMA6_DriverIRQHandler
                0x00000266                LLWU_DriverIRQHandler
                0x00000266                MCM_DriverIRQHandler
                0x00000266                MCG_DriverIRQHandler
                0x00000266                ENET_1588_Timer_DriverIRQHandler
                0x00000266                DAC1_DriverIRQHandler
                0x00000266                DMA12_DriverIRQHandler
                0x00000266                CMP1_DriverIRQHandler
                0x00000266                FTM0_DriverIRQHandler
                0x00000266                IntDefaultHandler
                0x00000266                USB0_DriverIRQHandler
                0x00000266                UART5_ERR_DriverIRQHandler
                0x00000266                PORTC_DriverIRQHandler
                0x00000266                DMA11_DriverIRQHandler
                0x00000266                DAC0_DriverIRQHandler
                0x00000266                DMA10_DriverIRQHandler
                0x00000266                CMP2_DriverIRQHandler
                0x00000266                UART2_ERR_DriverIRQHandler
                0x00000266                LVD_LVW_DriverIRQHandler
                0x00000266                PIT0_DriverIRQHandler
                0x00000266                RNG_DriverIRQHandler
                0x00000266                PORTB_DriverIRQHandler
                0x00000266                DMA4_DriverIRQHandler
                0x00000266                USBDCD_DriverIRQHandler
                0x00000266                UART3_ERR_DriverIRQHandler
                0x00000266                DMA3_DriverIRQHandler
                0x00000266                DMA8_DriverIRQHandler
                0x00000266                DMA9_DriverIRQHandler
                0x00000266                UART0_ERR_DriverIRQHandler
                0x00000266                CMT_DriverIRQHandler
                0x00000266                Reserved71_DriverIRQHandler
                0x00000266                ADC1_DriverIRQHandler
                0x00000266                PORTA_DriverIRQHandler
                0x00000266                DMA14_DriverIRQHandler
                0x00000266                PIT3_DriverIRQHandler
                0x00000266                PIT1_DriverIRQHandler
                0x00000266                WDOG_EWM_DriverIRQHandler
                0x00000266                PDB0_DriverIRQHandler
                0x00000266                RTC_DriverIRQHandler
                0x00000266                I2S0_Rx_DriverIRQHandler
                0x00000266                Read_Collision_DriverIRQHandler
                0x00000266                SWI_DriverIRQHandler
                0x00000266                UART4_ERR_DriverIRQHandler
                0x00000266                DMA0_DriverIRQHandler
                0x00000266                UART0_LON_DriverIRQHandler
                0x00000266                DMA1_DriverIRQHandler
                0x00000266                ENET_Receive_DriverIRQHandler
                0x00000266                DMA13_DriverIRQHandler
                0x00000266                ENET_Error_DriverIRQHandler
                0x00000266                DMA15_DriverIRQHandler
                0x00000266                ADC0_DriverIRQHandler
                0x00000266                CMP0_DriverIRQHandler
                0x00000266                CAN0_DriverIRQHandler
                0x00000266                FTM3_DriverIRQHandler
                0x00000266                DMA5_DriverIRQHandler
                0x00000266                UART1_ERR_DriverIRQHandler
                0x00000266                DMA2_DriverIRQHandler
                0x00000266                ENET_Transmit_DriverIRQHandler
                0x00000266                PORTD_DriverIRQHandler
                0x00000266                PORTE_DriverIRQHandler
                0x00000266                FTFE_DriverIRQHandler
                0x00000266                DMA7_DriverIRQHandler
                0x00000400                . = 0x400
 *fill*         0x00000268      0x198 ff
                0x00000400                PROVIDE (__FLASH_CONFIG_START__ = .)
 *(SORT_BY_ALIGNMENT(.FlashConfig))
 .FlashConfig   0x00000400       0x10 ./startup/startup_mk64f12.o
                0x00000410                PROVIDE (__FLASH_CONFIG_END__ = .)
                0x00000001                ASSERT (! ((__FLASH_CONFIG_START__ == __FLASH_CONFIG_END__)), Linker Flash Config Support Enabled, but no .FlashConfig section provided within application)
 *(SORT_BY_ALIGNMENT(.text*))
 .text.SVC_Handler
                0x00000410       0x28 ./freertos/freertos_kernel/portable/GCC/ARM_CM4F/port.o
                0x00000410                SVC_Handler
 *fill*         0x00000438        0x8 ff
 .text.PendSV_Handler
                0x00000440       0x68 ./freertos/freertos_kernel/portable/GCC/ARM_CM4F/port.o
                0x00000440                PendSV_Handler
 *fill*         0x000004a8        0x8 ff
 .text          0x000004b0       0xa0 c:/nxp/mcuxpressoide_11.5.0_7232/ide/plugins/com.nxp.mcuxpresso.tools.win32_11.5.0.202107051138/tools/bin/../lib/gcc/arm-none-eabi/10.3.1/../../../../arm-none-eabi/lib/thumb/v7e-m+fp/hard\libc_nano.a(lib_a-memchr.o)
                0x000004b0                memchr
 .text.main     0x00000550       0x34 ./source/RaceCar_P2.o
                0x00000550                main
 .text._Z12default_taskPv
                0x00000584       0x40 ./source/RaceCar_P2.o
                0x00000584                default_task(void*)
 .text.ADC16_GetChannelConversionValue
                0x000005c4       0x3c ./source/irq_handler.o
 .text.ADC0_IRQHandler
                0x00000600       0x5c ./source/irq_handler.o
                0x00000600                ADC0_IRQHandler
 .text.servo_set
                0x0000065c       0x3c ./source/servo.o
                0x0000065c                servo_set
 .text.servo_step
                0x00000698      0x110 ./source/servo.o
                0x00000698                servo_step
 .text.servo_center
                0x000007a8       0x60 ./source/servo.o
                0x000007a8                servo_center
 .text.FTM_SetPpm
                0x00000808       0x84 ./source/signals.o
                0x00000808                FTM_SetPpm
 .text.pvPortMalloc
                0x0000088c      0x1c0 ./freertos/freertos_kernel/portable/MemMang/heap_4.o
                0x0000088c                pvPortMalloc
 .text.vPortFree
                0x00000a4c       0xc4 ./freertos/freertos_kernel/portable/MemMang/heap_4.o
                0x00000a4c                vPortFree
 .text.prvHeapInit
                0x00000b10       0xc4 ./freertos/freertos_kernel/portable/MemMang/heap_4.o
 .text.prvInsertBlockIntoFreeList
                0x00000bd4       0xb4 ./freertos/freertos_kernel/portable/MemMang/heap_4.o
 .text.pxPortInitialiseStack
                0x00000c88       0x68 ./freertos/freertos_kernel/portable/GCC/ARM_CM4F/port.o
                0x00000c88                pxPortInitialiseStack
 .text.prvTaskExitError
                0x00000cf0       0x58 ./freertos/freertos_kernel/portable/GCC/ARM_CM4F/port.o
 .text.prvPortStartFirstTask
                0x00000d48       0x2c ./freertos/freertos_kernel/portable/GCC/ARM_CM4F/port.o
 .text.xPortStartScheduler
                0x00000d74      0x144 ./freertos/freertos_kernel/portable/GCC/ARM_CM4F/port.o
                0x00000d74                xPortStartScheduler
 .text.vPortEnterCritical
                0x00000eb8       0x60 ./freertos/freertos_kernel/portable/GCC/ARM_CM4F/port.o
                0x00000eb8                vPortEnterCritical
 .text.vPortExitCritical
                0x00000f18       0x54 ./freertos/freertos_kernel/portable/GCC/ARM_CM4F/port.o
                0x00000f18                vPortExitCritical
 .text.SysTick_Handler
                0x00000f6c       0x44 ./freertos/freertos_kernel/portable/GCC/ARM_CM4F/port.o
                0x00000f6c                SysTick_Handler
 .text.vPortSetupTimerInterrupt
                0x00000fb0       0x48 ./freertos/freertos_kernel/portable/GCC/ARM_CM4F/port.o
                0x00000fb0                vPortSetupTimerInterrupt
 .text.vPortEnableVFP
                0x00000ff8       0x18 ./freertos/freertos_kernel/portable/GCC/ARM_CM4F/port.o
 .text.vPortValidateInterruptPriority
                0x00001010       0x80 ./freertos/freertos_kernel/portable/GCC/ARM_CM4F/port.o
                0x00001010                vPortValidateInterruptPriority
 .text.xQueueGenericReset
                0x00001090       0xd0 ./freertos/freertos_kernel/queue.o
                0x00001090                xQueueGenericReset
 .text.xQueueGenericSend
                0x00001160      0x1fc ./freertos/freertos_kernel/queue.o
                0x00001160                xQueueGenericSend
 .text.xQueueReceive
                0x0000135c      0x1c0 ./freertos/freertos_kernel/queue.o
                0x0000135c                xQueueReceive
 .text.vQueueAddToRegistry
                0x0000151c       0x54 ./freertos/freertos_kernel/queue.o
                0x0000151c                vQueueAddToRegistry
 .text.prvAddNewTaskToReadyList
                0x00001570       0xdc ./freertos/freertos_kernel/tasks.o
 .text.vTaskDelay
                0x0000164c       0x68 ./freertos/freertos_kernel/tasks.o
                0x0000164c                vTaskDelay
 .text.vTaskStartScheduler
                0x000016b4       0xa4 ./freertos/freertos_kernel/tasks.o
                0x000016b4                vTaskStartScheduler
 .text.vTaskSuspendAll
                0x00001758       0x1c ./freertos/freertos_kernel/tasks.o
                0x00001758                vTaskSuspendAll
 .text.xTaskResumeAll
                0x00001774      0x138 ./freertos/freertos_kernel/tasks.o
                0x00001774                xTaskResumeAll
 .text.xTaskGetTickCount
                0x000018ac       0x20 ./freertos/freertos_kernel/tasks.o
                0x000018ac                xTaskGetTickCount
 .text.xTaskIncrementTick
                0x000018cc      0x154 ./freertos/freertos_kernel/tasks.o
                0x000018cc                xTaskIncrementTick
 .text.vTaskSwitchContext
                0x00001a20       0xb8 ./freertos/freertos_kernel/tasks.o
                0x00001a20                vTaskSwitchContext
 .text.vTaskPlaceOnEventList
                0x00001ad8       0x48 ./freertos/freertos_kernel/tasks.o
                0x00001ad8                vTaskPlaceOnEventList
 .text.vTaskPlaceOnEventListRestricted
                0x00001b20       0x58 ./freertos/freertos_kernel/tasks.o
                0x00001b20                vTaskPlaceOnEventListRestricted
 .text.xTaskRemoveFromEventList
                0x00001b78       0xc4 ./freertos/freertos_kernel/tasks.o
                0x00001b78                xTaskRemoveFromEventList
 .text.vTaskInternalSetTimeOutState
                0x00001c3c       0x2c ./freertos/freertos_kernel/tasks.o
                0x00001c3c                vTaskInternalSetTimeOutState
 .text.xTaskCheckForTimeOut
                0x00001c68       0xcc ./freertos/freertos_kernel/tasks.o
                0x00001c68                xTaskCheckForTimeOut
 .text.vTaskMissedYield
                0x00001d34       0x18 ./freertos/freertos_kernel/tasks.o
                0x00001d34                vTaskMissedYield
 .text.prvIdleTask
                0x00001d4c       0x30 ./freertos/freertos_kernel/tasks.o
 .text.prvInitialiseTaskLists
                0x00001d7c       0x80 ./freertos/freertos_kernel/tasks.o
 .text.prvCheckTasksWaitingTermination
                0x00001dfc       0x5c ./freertos/freertos_kernel/tasks.o
 .text.prvResetNextTaskUnblockTime
                0x00001e58       0x38 ./freertos/freertos_kernel/tasks.o
 .text.xTaskGetSchedulerState
                0x00001e90       0x3c ./freertos/freertos_kernel/tasks.o
                0x00001e90                xTaskGetSchedulerState
 .text.xTaskPriorityDisinherit
                0x00001ecc       0xf4 ./freertos/freertos_kernel/tasks.o
                0x00001ecc                xTaskPriorityDisinherit
 .text.prvAddCurrentTaskToDelayedList
                0x00001fc0       0xcc ./freertos/freertos_kernel/tasks.o
 .text.xTimerCreateTimerTask
                0x0000208c       0x64 ./freertos/freertos_kernel/timers.o
                0x0000208c                xTimerCreateTimerTask
 .text.xTimerGenericCommand
                0x000020f0       0x9c ./freertos/freertos_kernel/timers.o
                0x000020f0                xTimerGenericCommand
 .text.prvProcessExpiredTimer
                0x0000218c       0x98 ./freertos/freertos_kernel/timers.o
 .text.prvProcessTimerOrBlockTask
                0x00002224       0x9c ./freertos/freertos_kernel/timers.o
 .text.prvGetNextExpireTime
                0x000022c0       0x48 ./freertos/freertos_kernel/timers.o
 .text.prvSampleTimeNow
                0x00002308       0x40 ./freertos/freertos_kernel/timers.o
 .text.prvInsertTimerInActiveList
                0x00002348       0x84 ./freertos/freertos_kernel/timers.o
 .text.prvProcessReceivedCommands
                0x000023cc      0x1c4 ./freertos/freertos_kernel/timers.o
 .text.prvSwitchTimerLists
                0x00002590       0xc8 ./freertos/freertos_kernel/timers.o
 .text.prvCheckForValidListAndQueue
                0x00002658       0x6c ./freertos/freertos_kernel/timers.o
 .text.ADC16_GetInstance
                0x000026c4       0x58 ./drivers/fsl_adc16.o
 .text.ADC16_Init
                0x0000271c      0x128 ./drivers/fsl_adc16.o
                0x0000271c                ADC16_Init
 .text.ADC16_SetChannelConfig
                0x00002844       0x80 ./drivers/fsl_adc16.o
                0x00002844                ADC16_SetChannelConfig
 .text.ADC16_GetChannelStatusFlags
                0x000028c4       0x50 ./drivers/fsl_adc16.o
                0x000028c4                ADC16_GetChannelStatusFlags
 .text.CLOCK_SetEr32kClock
                0x00002914       0x30 ./drivers/fsl_clock.o
 .text.CLOCK_SetPllFllSelClock
                0x00002944       0x38 ./drivers/fsl_clock.o
 .text.CLOCK_GetMcgExtClkFreq
                0x0000297c       0x90 ./drivers/fsl_clock.o
 .text.CLOCK_GetFllExtRefClkFreq
                0x00002a0c       0xb0 ./drivers/fsl_clock.o
 .text.CLOCK_GetInternalRefClkSelectFreq
                0x00002abc       0x4c ./drivers/fsl_clock.o
 .text.CLOCK_GetFllRefClkFreq
                0x00002b08       0x34 ./drivers/fsl_clock.o
 .text.CLOCK_GetOscRangeFromFreq
                0x00002b3c       0x3c ./drivers/fsl_clock.o
 .text.CLOCK_GetOsc0ErClkFreq
                0x00002b78       0x54 ./drivers/fsl_clock.o
                0x00002b78                CLOCK_GetOsc0ErClkFreq
 .text.CLOCK_GetEr32kClkFreq
                0x00002bcc       0x84 ./drivers/fsl_clock.o
                0x00002bcc                CLOCK_GetEr32kClkFreq
 .text.CLOCK_GetPllFllSelClkFreq
                0x00002c50       0x54 ./drivers/fsl_clock.o
                0x00002c50                CLOCK_GetPllFllSelClkFreq
 .text.CLOCK_GetFreq
                0x00002ca4      0x140 ./drivers/fsl_clock.o
                0x00002ca4                CLOCK_GetFreq
 .text.CLOCK_SetSimConfig
                0x00002de4       0x34 ./drivers/fsl_clock.o
                0x00002de4                CLOCK_SetSimConfig
 .text.CLOCK_GetOutClkFreq
                0x00002e18       0x64 ./drivers/fsl_clock.o
                0x00002e18                CLOCK_GetOutClkFreq
 .text.CLOCK_GetFllFreq
                0x00002e7c       0x84 ./drivers/fsl_clock.o
                0x00002e7c                CLOCK_GetFllFreq
 .text.CLOCK_GetInternalRefClkFreq
                0x00002f00       0x30 ./drivers/fsl_clock.o
                0x00002f00                CLOCK_GetInternalRefClkFreq
 .text.CLOCK_GetPll0Freq
                0x00002f30       0x88 ./drivers/fsl_clock.o
                0x00002f30                CLOCK_GetPll0Freq
 .text.CLOCK_SetExternalRefClkConfig
                0x00002fb8       0x6c ./drivers/fsl_clock.o
                0x00002fb8                CLOCK_SetExternalRefClkConfig
 .text.CLOCK_EnablePll0
                0x00003024       0x98 ./drivers/fsl_clock.o
                0x00003024                CLOCK_EnablePll0
 .text.CLOCK_InitOsc0
                0x000030bc       0x8c ./drivers/fsl_clock.o
                0x000030bc                CLOCK_InitOsc0
 .text.CLOCK_SetPbeMode
                0x00003148       0xb8 ./drivers/fsl_clock.o
                0x00003148                CLOCK_SetPbeMode
 .text.CLOCK_BootToPeeMode
                0x00003200       0x74 ./drivers/fsl_clock.o
                0x00003200                CLOCK_BootToPeeMode
 .text.DSPI_CommonIRQHandler
                0x00003274       0x44 ./drivers/fsl_dspi.o
 .text.SPI0_DriverIRQHandler
                0x000032b8       0x40 ./drivers/fsl_dspi.o
                0x000032b8                SPI0_DriverIRQHandler
 .text.SPI1_DriverIRQHandler
                0x000032f8       0x40 ./drivers/fsl_dspi.o
                0x000032f8                SPI1_DriverIRQHandler
 .text.SPI2_DriverIRQHandler
                0x00003338       0x40 ./drivers/fsl_dspi.o
                0x00003338                SPI2_DriverIRQHandler
 .text.FTM_GetInstance
                0x00003378       0x60 ./drivers/fsl_ftm.o
 .text.FTM_SetPwmSync
                0x000033d8      0x150 ./drivers/fsl_ftm.o
 .text.FTM_SetReloadPoints
                0x00003528      0x148 ./drivers/fsl_ftm.o
 .text.FTM_Init
                0x00003670      0x100 ./drivers/fsl_ftm.o
                0x00003670                FTM_Init
 .text.FTM_SetupPwmMode
                0x00003770      0x2bc ./drivers/fsl_ftm.o
                0x00003770                FTM_SetupPwmMode
 .text.I2C_TransferCommonIRQHandler
                0x00003a2c       0x58 ./drivers/fsl_i2c.o
 .text.I2C0_DriverIRQHandler
                0x00003a84       0x1c ./drivers/fsl_i2c.o
                0x00003a84                I2C0_DriverIRQHandler
 .text.I2C1_DriverIRQHandler
                0x00003aa0       0x1c ./drivers/fsl_i2c.o
                0x00003aa0                I2C1_DriverIRQHandler
 .text.I2C2_DriverIRQHandler
                0x00003abc       0x1c ./drivers/fsl_i2c.o
                0x00003abc                I2C2_DriverIRQHandler
 .text.SDHC_DriverIRQHandler
                0x00003ad8       0x4c ./drivers/fsl_sdhc.o
                0x00003ad8                SDHC_DriverIRQHandler
 .text.UART0_DriverIRQHandler
                0x00003b24       0x28 ./drivers/fsl_uart.o
                0x00003b24                UART0_DriverIRQHandler
 .text.UART1_DriverIRQHandler
                0x00003b4c       0x28 ./drivers/fsl_uart.o
                0x00003b4c                UART1_DriverIRQHandler
 .text.UART2_DriverIRQHandler
                0x00003b74       0x28 ./drivers/fsl_uart.o
                0x00003b74                UART2_DriverIRQHandler
 .text.UART3_DriverIRQHandler
                0x00003b9c       0x28 ./drivers/fsl_uart.o
                0x00003b9c                UART3_DriverIRQHandler
 .text.UART4_DriverIRQHandler
                0x00003bc4       0x28 ./drivers/fsl_uart.o
                0x00003bc4                UART4_DriverIRQHandler
 .text.UART5_DriverIRQHandler
                0x00003bec       0x28 ./drivers/fsl_uart.o
                0x00003bec                UART5_DriverIRQHandler
 .text.SystemInit
                0x00003c14       0x3c ./device/system_MK64F12.o
                0x00003c14                SystemInit
 .text.CLOCK_SetSimSafeDivs
                0x00003c50       0x20 ./board/clock_config.o
 .text.CLOCK_SetXtal0Freq
                0x00003c70       0x20 ./board/clock_config.o
 .text.CLOCK_CONFIG_SetFllExtRefDiv
                0x00003c90       0x3c ./board/clock_config.o
 .text.BOARD_BootClockRUN
                0x00003ccc       0x54 ./board/clock_config.o
                0x00003ccc                BOARD_BootClockRUN
 .text.__NVIC_EnableIRQ
                0x00003d20       0x3c ./board/peripherals.o
 .text.__NVIC_SetPriority
                0x00003d5c       0x54 ./board/peripherals.o
 .text.FTM2_init
                0x00003db0       0x5c ./board/peripherals.o
 .text.FTM1_init
                0x00003e0c       0x5c ./board/peripherals.o
 .text.ADC0_init
                0x00003e68       0x4c ./board/peripherals.o
 .text.BOARD_InitPins
                0x00003eb4       0x8c ./board/pin_mux.o
                0x00003eb4                BOARD_InitPins
 .text.__assert_func
                0x00003f40       0x3c c:/nxp/mcuxpressoide_11.5.0_7232/ide/plugins/com.nxp.mcuxpresso.tools.win32_11.5.0.202107051138/tools/bin/../lib/gcc/arm-none-eabi/10.3.1/../../../../arm-none-eabi/lib/thumb/v7e-m+fp/hard\libc_nano.a(lib_a-assert.o)
                0x00003f40                __assert_func
 .text.__errno  0x00003f7c        0xc c:/nxp/mcuxpressoide_11.5.0_7232/ide/plugins/com.nxp.mcuxpresso.tools.win32_11.5.0.202107051138/tools/bin/../lib/gcc/arm-none-eabi/10.3.1/../../../../arm-none-eabi/lib/thumb/v7e-m+fp/hard\libc_nano.a(lib_a-errno.o)
                0x00003f7c                __errno
 .text.fprintf  0x00003f88       0x24 c:/nxp/mcuxpressoide_11.5.0_7232/ide/plugins/com.nxp.mcuxpresso.tools.win32_11.5.0.202107051138/tools/bin/../lib/gcc/arm-none-eabi/10.3.1/../../../../arm-none-eabi/lib/thumb/v7e-m+fp/hard\libc_nano.a(lib_a-fprintf.o)
                0x00003f88                fiprintf
                0x00003f88                fprintf
 .text.__libc_init_array
                0x00003fac       0x48 c:/nxp/mcuxpressoide_11.5.0_7232/ide/plugins/com.nxp.mcuxpresso.tools.win32_11.5.0.202107051138/tools/bin/../lib/gcc/arm-none-eabi/10.3.1/../../../../arm-none-eabi/lib/thumb/v7e-m+fp/hard\libc_nano.a(lib_a-init.o)
                0x00003fac                __libc_init_array
 .text._free_r  0x00003ff4       0x98 c:/nxp/mcuxpressoide_11.5.0_7232/ide/plugins/com.nxp.mcuxpresso.tools.win32_11.5.0.202107051138/tools/bin/../lib/gcc/arm-none-eabi/10.3.1/../../../../arm-none-eabi/lib/thumb/v7e-m+fp/hard\libc_nano.a(lib_a-nano-freer.o)
                0x00003ff4                _free_r
 .text.sbrk_aligned
                0x0000408c       0x40 c:/nxp/mcuxpressoide_11.5.0_7232/ide/plugins/com.nxp.mcuxpresso.tools.win32_11.5.0.202107051138/tools/bin/../lib/gcc/arm-none-eabi/10.3.1/../../../../arm-none-eabi/lib/thumb/v7e-m+fp/hard\libc_nano.a(lib_a-nano-mallocr.o)
 .text._malloc_r
                0x000040cc       0xe8 c:/nxp/mcuxpressoide_11.5.0_7232/ide/plugins/com.nxp.mcuxpresso.tools.win32_11.5.0.202107051138/tools/bin/../lib/gcc/arm-none-eabi/10.3.1/../../../../arm-none-eabi/lib/thumb/v7e-m+fp/hard\libc_nano.a(lib_a-nano-mallocr.o)
                0x000040cc                _malloc_r
 .text._vfprintf_r
                0x000041b4      0x260 c:/nxp/mcuxpressoide_11.5.0_7232/ide/plugins/com.nxp.mcuxpresso.tools.win32_11.5.0.202107051138/tools/bin/../lib/gcc/arm-none-eabi/10.3.1/../../../../arm-none-eabi/lib/thumb/v7e-m+fp/hard\libc_nano.a(lib_a-nano-vfprintf.o)
                0x000041b4                _vfprintf_r
                0x000041b4                _vfiprintf_r
 .text._printf_i
                0x00004414      0x24c c:/nxp/mcuxpressoide_11.5.0_7232/ide/plugins/com.nxp.mcuxpresso.tools.win32_11.5.0.202107051138/tools/bin/../lib/gcc/arm-none-eabi/10.3.1/../../../../arm-none-eabi/lib/thumb/v7e-m+fp/hard\libc_nano.a(lib_a-nano-vfprintf_i.o)
                0x00004414                _printf_i
 .text._sbrk_r  0x00004660       0x20 c:/nxp/mcuxpressoide_11.5.0_7232/ide/plugins/com.nxp.mcuxpresso.tools.win32_11.5.0.202107051138/tools/bin/../lib/gcc/arm-none-eabi/10.3.1/../../../../arm-none-eabi/lib/thumb/v7e-m+fp/hard\libc_nano.a(lib_a-sbrkr.o)
                0x00004660                _sbrk_r
 .text.__swbuf_r
                0x00004680       0xa4 c:/nxp/mcuxpressoide_11.5.0_7232/ide/plugins/com.nxp.mcuxpresso.tools.win32_11.5.0.202107051138/tools/bin/../lib/gcc/arm-none-eabi/10.3.1/../../../../arm-none-eabi/lib/thumb/v7e-m+fp/hard\libc_nano.a(lib_a-wbuf.o)
                0x00004680                __swbuf_r
 .text.__swsetup_r
                0x00004724       0xdc c:/nxp/mcuxpressoide_11.5.0_7232/ide/plugins/com.nxp.mcuxpresso.tools.win32_11.5.0.202107051138/tools/bin/../lib/gcc/arm-none-eabi/10.3.1/../../../../arm-none-eabi/lib/thumb/v7e-m+fp/hard\libc_nano.a(lib_a-wsetup.o)
                0x00004724                __swsetup_r
 .text.__sflush_r
                0x00004800      0x10c c:/nxp/mcuxpressoide_11.5.0_7232/ide/plugins/com.nxp.mcuxpresso.tools.win32_11.5.0.202107051138/tools/bin/../lib/gcc/arm-none-eabi/10.3.1/../../../../arm-none-eabi/lib/thumb/v7e-m+fp/hard\libc_nano.a(lib_a-fflush.o)
                0x00004800                __sflush_r
 .text._fflush_r
                0x0000490c       0x78 c:/nxp/mcuxpressoide_11.5.0_7232/ide/plugins/com.nxp.mcuxpresso.tools.win32_11.5.0.202107051138/tools/bin/../lib/gcc/arm-none-eabi/10.3.1/../../../../arm-none-eabi/lib/thumb/v7e-m+fp/hard\libc_nano.a(lib_a-fflush.o)
                0x0000490c                _fflush_r
 .text.std      0x00004984       0x48 c:/nxp/mcuxpressoide_11.5.0_7232/ide/plugins/com.nxp.mcuxpresso.tools.win32_11.5.0.202107051138/tools/bin/../lib/gcc/arm-none-eabi/10.3.1/../../../../arm-none-eabi/lib/thumb/v7e-m+fp/hard\libc_nano.a(lib_a-findfp.o)
 .text._cleanup_r
                0x000049cc        0xc c:/nxp/mcuxpressoide_11.5.0_7232/ide/plugins/com.nxp.mcuxpresso.tools.win32_11.5.0.202107051138/tools/bin/../lib/gcc/arm-none-eabi/10.3.1/../../../../arm-none-eabi/lib/thumb/v7e-m+fp/hard\libc_nano.a(lib_a-findfp.o)
                0x000049cc                _cleanup_r
 .text.__sfp_lock_acquire
                0x000049d8        0xc c:/nxp/mcuxpressoide_11.5.0_7232/ide/plugins/com.nxp.mcuxpresso.tools.win32_11.5.0.202107051138/tools/bin/../lib/gcc/arm-none-eabi/10.3.1/../../../../arm-none-eabi/lib/thumb/v7e-m+fp/hard\libc_nano.a(lib_a-findfp.o)
                0x000049d8                __sfp_lock_acquire
 .text.__sfp_lock_release
                0x000049e4        0xc c:/nxp/mcuxpressoide_11.5.0_7232/ide/plugins/com.nxp.mcuxpresso.tools.win32_11.5.0.202107051138/tools/bin/../lib/gcc/arm-none-eabi/10.3.1/../../../../arm-none-eabi/lib/thumb/v7e-m+fp/hard\libc_nano.a(lib_a-findfp.o)
                0x000049e4                __sfp_lock_release
 .text.__sinit_lock_acquire
                0x000049f0        0xc c:/nxp/mcuxpressoide_11.5.0_7232/ide/plugins/com.nxp.mcuxpresso.tools.win32_11.5.0.202107051138/tools/bin/../lib/gcc/arm-none-eabi/10.3.1/../../../../arm-none-eabi/lib/thumb/v7e-m+fp/hard\libc_nano.a(lib_a-findfp.o)
                0x000049f0                __sinit_lock_acquire
 .text.__sinit_lock_release
                0x000049fc        0xc c:/nxp/mcuxpressoide_11.5.0_7232/ide/plugins/com.nxp.mcuxpresso.tools.win32_11.5.0.202107051138/tools/bin/../lib/gcc/arm-none-eabi/10.3.1/../../../../arm-none-eabi/lib/thumb/v7e-m+fp/hard\libc_nano.a(lib_a-findfp.o)
                0x000049fc                __sinit_lock_release
 .text.__sinit  0x00004a08       0x70 c:/nxp/mcuxpressoide_11.5.0_7232/ide/plugins/com.nxp.mcuxpresso.tools.win32_11.5.0.202107051138/tools/bin/../lib/gcc/arm-none-eabi/10.3.1/../../../../arm-none-eabi/lib/thumb/v7e-m+fp/hard\libc_nano.a(lib_a-findfp.o)
                0x00004a08                __sinit
 .text.__sfp    0x00004a78       0x8c c:/nxp/mcuxpressoide_11.5.0_7232/ide/plugins/com.nxp.mcuxpresso.tools.win32_11.5.0.202107051138/tools/bin/../lib/gcc/arm-none-eabi/10.3.1/../../../../arm-none-eabi/lib/thumb/v7e-m+fp/hard\libc_nano.a(lib_a-findfp.o)
                0x00004a78                __sfp
 .text.__smakebuf_r
                0x00004b04       0x80 c:/nxp/mcuxpressoide_11.5.0_7232/ide/plugins/com.nxp.mcuxpresso.tools.win32_11.5.0.202107051138/tools/bin/../lib/gcc/arm-none-eabi/10.3.1/../../../../arm-none-eabi/lib/thumb/v7e-m+fp/hard\libc_nano.a(lib_a-makebuf.o)
                0x00004b04                __smakebuf_r
 .text.__malloc_lock
                0x00004b84        0xc c:/nxp/mcuxpressoide_11.5.0_7232/ide/plugins/com.nxp.mcuxpresso.tools.win32_11.5.0.202107051138/tools/bin/../lib/gcc/arm-none-eabi/10.3.1/../../../../arm-none-eabi/lib/thumb/v7e-m+fp/hard\libc_nano.a(lib_a-mlock.o)
                0x00004b84                __malloc_lock
 .text.__malloc_unlock
                0x00004b90        0xc c:/nxp/mcuxpressoide_11.5.0_7232/ide/plugins/com.nxp.mcuxpresso.tools.win32_11.5.0.202107051138/tools/bin/../lib/gcc/arm-none-eabi/10.3.1/../../../../arm-none-eabi/lib/thumb/v7e-m+fp/hard\libc_nano.a(lib_a-mlock.o)
                0x00004b90                __malloc_unlock
 .text.raise    0x00004b9c       0x10 c:/nxp/mcuxpressoide_11.5.0_7232/ide/plugins/com.nxp.mcuxpresso.tools.win32_11.5.0.202107051138/tools/bin/../lib/gcc/arm-none-eabi/10.3.1/../../../../arm-none-eabi/lib/thumb/v7e-m+fp/hard\libc_nano.a(lib_a-signal.o)
                0x00004b9c                raise
 .text._kill_r  0x00004bac       0x24 c:/nxp/mcuxpressoide_11.5.0_7232/ide/plugins/com.nxp.mcuxpresso.tools.win32_11.5.0.202107051138/tools/bin/../lib/gcc/arm-none-eabi/10.3.1/../../../../arm-none-eabi/lib/thumb/v7e-m+fp/hard\libc_nano.a(lib_a-signalr.o)
                0x00004bac                _kill_r
 .text._write_r
                0x00004bd0       0x24 c:/nxp/mcuxpressoide_11.5.0_7232/ide/plugins/com.nxp.mcuxpresso.tools.win32_11.5.0.202107051138/tools/bin/../lib/gcc/arm-none-eabi/10.3.1/../../../../arm-none-eabi/lib/thumb/v7e-m+fp/hard\libc_nano.a(lib_a-writer.o)
                0x00004bd0                _write_r
 .text._close_r
                0x00004bf4       0x20 c:/nxp/mcuxpressoide_11.5.0_7232/ide/plugins/com.nxp.mcuxpresso.tools.win32_11.5.0.202107051138/tools/bin/../lib/gcc/arm-none-eabi/10.3.1/../../../../arm-none-eabi/lib/thumb/v7e-m+fp/hard\libc_nano.a(lib_a-closer.o)
                0x00004bf4                _close_r
 .text._fstat_r
                0x00004c14       0x24 c:/nxp/mcuxpressoide_11.5.0_7232/ide/plugins/com.nxp.mcuxpresso.tools.win32_11.5.0.202107051138/tools/bin/../lib/gcc/arm-none-eabi/10.3.1/../../../../arm-none-eabi/lib/thumb/v7e-m+fp/hard\libc_nano.a(lib_a-fstatr.o)
                0x00004c14                _fstat_r
 .text._isatty_r
                0x00004c38       0x20 c:/nxp/mcuxpressoide_11.5.0_7232/ide/plugins/com.nxp.mcuxpresso.tools.win32_11.5.0.202107051138/tools/bin/../lib/gcc/arm-none-eabi/10.3.1/../../../../arm-none-eabi/lib/thumb/v7e-m+fp/hard\libc_nano.a(lib_a-isattyr.o)
                0x00004c38                _isatty_r
 .text._lseek_r
                0x00004c58       0x24 c:/nxp/mcuxpressoide_11.5.0_7232/ide/plugins/com.nxp.mcuxpresso.tools.win32_11.5.0.202107051138/tools/bin/../lib/gcc/arm-none-eabi/10.3.1/../../../../arm-none-eabi/lib/thumb/v7e-m+fp/hard\libc_nano.a(lib_a-lseekr.o)
                0x00004c58                _lseek_r
 .text._read_r  0x00004c7c       0x24 c:/nxp/mcuxpressoide_11.5.0_7232/ide/plugins/com.nxp.mcuxpresso.tools.win32_11.5.0.202107051138/tools/bin/../lib/gcc/arm-none-eabi/10.3.1/../../../../arm-none-eabi/lib/thumb/v7e-m+fp/hard\libc_nano.a(lib_a-readr.o)
                0x00004c7c                _read_r
 .text._sbrk    0x00004ca0       0x3c c:/nxp/mcuxpressoide_11.5.0_7232/ide/plugins/com.nxp.mcuxpresso.tools.win32_11.5.0.202107051138/tools/bin/../lib/gcc/arm-none-eabi/10.3.1/../../../../arm-none-eabi/lib/thumb/v7e-m+fp/hard\libcr_newlib_nohost.a(_cr_sbrk.o)
                0x00004ca0                _sbrk
 .text._close   0x00004cdc       0x10 c:/nxp/mcuxpressoide_11.5.0_7232/ide/plugins/com.nxp.mcuxpresso.tools.win32_11.5.0.202107051138/tools/bin/../lib/gcc/arm-none-eabi/10.3.1/../../../../arm-none-eabi/lib/thumb/v7e-m+fp/hard\libcr_newlib_nohost.a(close.o)
                0x00004cdc                _close
 .text._fstat   0x00004cec       0x10 c:/nxp/mcuxpressoide_11.5.0_7232/ide/plugins/com.nxp.mcuxpresso.tools.win32_11.5.0.202107051138/tools/bin/../lib/gcc/arm-none-eabi/10.3.1/../../../../arm-none-eabi/lib/thumb/v7e-m+fp/hard\libcr_newlib_nohost.a(fstat.o)
                0x00004cec                _fstat
 .text._getpid  0x00004cfc       0x10 c:/nxp/mcuxpressoide_11.5.0_7232/ide/plugins/com.nxp.mcuxpresso.tools.win32_11.5.0.202107051138/tools/bin/../lib/gcc/arm-none-eabi/10.3.1/../../../../arm-none-eabi/lib/thumb/v7e-m+fp/hard\libcr_newlib_nohost.a(getpid.o)
                0x00004cfc                _getpid
 .text._isatty  0x00004d0c       0x10 c:/nxp/mcuxpressoide_11.5.0_7232/ide/plugins/com.nxp.mcuxpresso.tools.win32_11.5.0.202107051138/tools/bin/../lib/gcc/arm-none-eabi/10.3.1/../../../../arm-none-eabi/lib/thumb/v7e-m+fp/hard\libcr_newlib_nohost.a(isatty.o)
                0x00004d0c                _isatty
 .text._kill    0x00004d1c       0x10 c:/nxp/mcuxpressoide_11.5.0_7232/ide/plugins/com.nxp.mcuxpresso.tools.win32_11.5.0.202107051138/tools/bin/../lib/gcc/arm-none-eabi/10.3.1/../../../../arm-none-eabi/lib/thumb/v7e-m+fp/hard\libcr_newlib_nohost.a(kill.o)
                0x00004d1c                _kill
 .text._lseek   0x00004d2c       0x10 c:/nxp/mcuxpressoide_11.5.0_7232/ide/plugins/com.nxp.mcuxpresso.tools.win32_11.5.0.202107051138/tools/bin/../lib/gcc/arm-none-eabi/10.3.1/../../../../arm-none-eabi/lib/thumb/v7e-m+fp/hard\libcr_newlib_nohost.a(lseek.o)
                0x00004d2c                _lseek
 .text._read    0x00004d3c       0x10 c:/nxp/mcuxpressoide_11.5.0_7232/ide/plugins/com.nxp.mcuxpresso.tools.win32_11.5.0.202107051138/tools/bin/../lib/gcc/arm-none-eabi/10.3.1/../../../../arm-none-eabi/lib/thumb/v7e-m+fp/hard\libcr_newlib_nohost.a(read.o)
                0x00004d3c                _read
 .text._write   0x00004d4c       0x10 c:/nxp/mcuxpressoide_11.5.0_7232/ide/plugins/com.nxp.mcuxpresso.tools.win32_11.5.0.202107051138/tools/bin/../lib/gcc/arm-none-eabi/10.3.1/../../../../arm-none-eabi/lib/thumb/v7e-m+fp/hard\libcr_newlib_nohost.a(write.o)
                0x00004d4c                _write
 .text.__check_heap_overflow
                0x00004d5c       0x18 c:/nxp/mcuxpressoide_11.5.0_7232/ide/plugins/com.nxp.mcuxpresso.tools.win32_11.5.0.202107051138/tools/bin/../lib/gcc/arm-none-eabi/10.3.1/../../../../arm-none-eabi/lib/thumb/v7e-m+fp/hard\libcr_newlib_nohost.a(_cr_check_heap.o)
                0x00004d5c                __check_heap_overflow
 .text          0x00004d74       0x40 c:/nxp/mcuxpressoide_11.5.0_7232/ide/plugins/com.nxp.mcuxpresso.tools.win32_11.5.0.202107051138/tools/bin/../lib/gcc/arm-none-eabi/10.3.1/thumb/v7e-m+fp/hard\crtbegin.o
 .text.DMA0_IRQHandler
                0x00004db4        0x8 ./startup/startup_mk64f12.o
                0x00004db4                DMA0_IRQHandler
 .text.DMA1_IRQHandler
                0x00004dbc        0x8 ./startup/startup_mk64f12.o
                0x00004dbc                DMA1_IRQHandler
 .text.DMA2_IRQHandler
                0x00004dc4        0x8 ./startup/startup_mk64f12.o
                0x00004dc4                DMA2_IRQHandler
 .text.DMA3_IRQHandler
                0x00004dcc        0x8 ./startup/startup_mk64f12.o
                0x00004dcc                DMA3_IRQHandler
 .text.DMA4_IRQHandler
                0x00004dd4        0x8 ./startup/startup_mk64f12.o
                0x00004dd4                DMA4_IRQHandler
 .text.DMA5_IRQHandler
                0x00004ddc        0x8 ./startup/startup_mk64f12.o
                0x00004ddc                DMA5_IRQHandler
 .text.DMA6_IRQHandler
                0x00004de4        0x8 ./startup/startup_mk64f12.o
                0x00004de4                DMA6_IRQHandler
 .text.DMA7_IRQHandler
                0x00004dec        0x8 ./startup/startup_mk64f12.o
                0x00004dec                DMA7_IRQHandler
 .text.DMA8_IRQHandler
                0x00004df4        0x8 ./startup/startup_mk64f12.o
                0x00004df4                DMA8_IRQHandler
 .text.DMA9_IRQHandler
                0x00004dfc        0x8 ./startup/startup_mk64f12.o
                0x00004dfc                DMA9_IRQHandler
 .text.DMA10_IRQHandler
                0x00004e04        0x8 ./startup/startup_mk64f12.o
                0x00004e04                DMA10_IRQHandler
 .text.DMA11_IRQHandler
                0x00004e0c        0x8 ./startup/startup_mk64f12.o
                0x00004e0c                DMA11_IRQHandler
 .text.DMA12_IRQHandler
                0x00004e14        0x8 ./startup/startup_mk64f12.o
                0x00004e14                DMA12_IRQHandler
 .text.DMA13_IRQHandler
                0x00004e1c        0x8 ./startup/startup_mk64f12.o
                0x00004e1c                DMA13_IRQHandler
 .text.DMA14_IRQHandler
                0x00004e24        0x8 ./startup/startup_mk64f12.o
                0x00004e24                DMA14_IRQHandler
 .text.DMA15_IRQHandler
                0x00004e2c        0x8 ./startup/startup_mk64f12.o
                0x00004e2c                DMA15_IRQHandler
 .text.DMA_Error_IRQHandler
                0x00004e34        0x8 ./startup/startup_mk64f12.o
                0x00004e34                DMA_Error_IRQHandler
 .text.MCM_IRQHandler
                0x00004e3c        0x8 ./startup/startup_mk64f12.o
                0x00004e3c                MCM_IRQHandler
 .text.FTFE_IRQHandler
                0x00004e44        0x8 ./startup/startup_mk64f12.o
                0x00004e44                FTFE_IRQHandler
 .text.Read_Collision_IRQHandler
                0x00004e4c        0x8 ./startup/startup_mk64f12.o
                0x00004e4c                Read_Collision_IRQHandler
 .text.LVD_LVW_IRQHandler
                0x00004e54        0x8 ./startup/startup_mk64f12.o
                0x00004e54                LVD_LVW_IRQHandler
 .text.LLWU_IRQHandler
                0x00004e5c        0x8 ./startup/startup_mk64f12.o
                0x00004e5c                LLWU_IRQHandler
 .text.WDOG_EWM_IRQHandler
                0x00004e64        0x8 ./startup/startup_mk64f12.o
                0x00004e64                WDOG_EWM_IRQHandler
 .text.RNG_IRQHandler
                0x00004e6c        0x8 ./startup/startup_mk64f12.o
                0x00004e6c                RNG_IRQHandler
 .text.I2C0_IRQHandler
                0x00004e74        0x8 ./startup/startup_mk64f12.o
                0x00004e74                I2C0_IRQHandler
 .text.I2C1_IRQHandler
                0x00004e7c        0x8 ./startup/startup_mk64f12.o
                0x00004e7c                I2C1_IRQHandler
 .text.SPI0_IRQHandler
                0x00004e84        0x8 ./startup/startup_mk64f12.o
                0x00004e84                SPI0_IRQHandler
 .text.SPI1_IRQHandler
                0x00004e8c        0x8 ./startup/startup_mk64f12.o
                0x00004e8c                SPI1_IRQHandler
 .text.I2S0_Tx_IRQHandler
                0x00004e94        0x8 ./startup/startup_mk64f12.o
                0x00004e94                I2S0_Tx_IRQHandler
 .text.I2S0_Rx_IRQHandler
                0x00004e9c        0x8 ./startup/startup_mk64f12.o
                0x00004e9c                I2S0_Rx_IRQHandler
 .text.UART0_LON_IRQHandler
                0x00004ea4        0x8 ./startup/startup_mk64f12.o
                0x00004ea4                UART0_LON_IRQHandler
 .text.UART0_RX_TX_IRQHandler
                0x00004eac        0x8 ./startup/startup_mk64f12.o
                0x00004eac                UART0_RX_TX_IRQHandler
 .text.UART0_ERR_IRQHandler
                0x00004eb4        0x8 ./startup/startup_mk64f12.o
                0x00004eb4                UART0_ERR_IRQHandler
 .text.UART1_RX_TX_IRQHandler
                0x00004ebc        0x8 ./startup/startup_mk64f12.o
                0x00004ebc                UART1_RX_TX_IRQHandler
 .text.UART1_ERR_IRQHandler
                0x00004ec4        0x8 ./startup/startup_mk64f12.o
                0x00004ec4                UART1_ERR_IRQHandler
 .text.UART2_RX_TX_IRQHandler
                0x00004ecc        0x8 ./startup/startup_mk64f12.o
                0x00004ecc                UART2_RX_TX_IRQHandler
 .text.UART2_ERR_IRQHandler
                0x00004ed4        0x8 ./startup/startup_mk64f12.o
                0x00004ed4                UART2_ERR_IRQHandler
 .text.UART3_RX_TX_IRQHandler
                0x00004edc        0x8 ./startup/startup_mk64f12.o
                0x00004edc                UART3_RX_TX_IRQHandler
 .text.UART3_ERR_IRQHandler
                0x00004ee4        0x8 ./startup/startup_mk64f12.o
                0x00004ee4                UART3_ERR_IRQHandler
 .text.CMP0_IRQHandler
                0x00004eec        0x8 ./startup/startup_mk64f12.o
                0x00004eec                CMP0_IRQHandler
 .text.CMP1_IRQHandler
                0x00004ef4        0x8 ./startup/startup_mk64f12.o
                0x00004ef4                CMP1_IRQHandler
 .text.FTM0_IRQHandler
                0x00004efc        0x8 ./startup/startup_mk64f12.o
                0x00004efc                FTM0_IRQHandler
 .text.FTM1_IRQHandler
                0x00004f04        0x8 ./startup/startup_mk64f12.o
                0x00004f04                FTM1_IRQHandler
 .text.FTM2_IRQHandler
                0x00004f0c        0x8 ./startup/startup_mk64f12.o
                0x00004f0c                FTM2_IRQHandler
 .text.CMT_IRQHandler
                0x00004f14        0x8 ./startup/startup_mk64f12.o
                0x00004f14                CMT_IRQHandler
 .text.RTC_IRQHandler
                0x00004f1c        0x8 ./startup/startup_mk64f12.o
                0x00004f1c                RTC_IRQHandler
 .text.RTC_Seconds_IRQHandler
                0x00004f24        0x8 ./startup/startup_mk64f12.o
                0x00004f24                RTC_Seconds_IRQHandler
 .text.PIT0_IRQHandler
                0x00004f2c        0x8 ./startup/startup_mk64f12.o
                0x00004f2c                PIT0_IRQHandler
 .text.PIT1_IRQHandler
                0x00004f34        0x8 ./startup/startup_mk64f12.o
                0x00004f34                PIT1_IRQHandler
 .text.PIT2_IRQHandler
                0x00004f3c        0x8 ./startup/startup_mk64f12.o
                0x00004f3c                PIT2_IRQHandler
 .text.PIT3_IRQHandler
                0x00004f44        0x8 ./startup/startup_mk64f12.o
                0x00004f44                PIT3_IRQHandler
 .text.PDB0_IRQHandler
                0x00004f4c        0x8 ./startup/startup_mk64f12.o
                0x00004f4c                PDB0_IRQHandler
 .text.USB0_IRQHandler
                0x00004f54        0x8 ./startup/startup_mk64f12.o
                0x00004f54                USB0_IRQHandler
 .text.USBDCD_IRQHandler
                0x00004f5c        0x8 ./startup/startup_mk64f12.o
                0x00004f5c                USBDCD_IRQHandler
 .text.Reserved71_IRQHandler
                0x00004f64        0x8 ./startup/startup_mk64f12.o
                0x00004f64                Reserved71_IRQHandler
 .text.DAC0_IRQHandler
                0x00004f6c        0x8 ./startup/startup_mk64f12.o
                0x00004f6c                DAC0_IRQHandler
 .text.MCG_IRQHandler
                0x00004f74        0x8 ./startup/startup_mk64f12.o
                0x00004f74                MCG_IRQHandler
 .text.LPTMR0_IRQHandler
                0x00004f7c        0x8 ./startup/startup_mk64f12.o
                0x00004f7c                LPTMR0_IRQHandler
 .text.PORTA_IRQHandler
                0x00004f84        0x8 ./startup/startup_mk64f12.o
                0x00004f84                PORTA_IRQHandler
 .text.PORTB_IRQHandler
                0x00004f8c        0x8 ./startup/startup_mk64f12.o
                0x00004f8c                PORTB_IRQHandler
 .text.PORTC_IRQHandler
                0x00004f94        0x8 ./startup/startup_mk64f12.o
                0x00004f94                PORTC_IRQHandler
 .text.PORTD_IRQHandler
                0x00004f9c        0x8 ./startup/startup_mk64f12.o
                0x00004f9c                PORTD_IRQHandler
 .text.PORTE_IRQHandler
                0x00004fa4        0x8 ./startup/startup_mk64f12.o
                0x00004fa4                PORTE_IRQHandler
 .text.SWI_IRQHandler
                0x00004fac        0x8 ./startup/startup_mk64f12.o
                0x00004fac                SWI_IRQHandler
 .text.SPI2_IRQHandler
                0x00004fb4        0x8 ./startup/startup_mk64f12.o
                0x00004fb4                SPI2_IRQHandler
 .text.UART4_RX_TX_IRQHandler
                0x00004fbc        0x8 ./startup/startup_mk64f12.o
                0x00004fbc                UART4_RX_TX_IRQHandler
 .text.UART4_ERR_IRQHandler
                0x00004fc4        0x8 ./startup/startup_mk64f12.o
                0x00004fc4                UART4_ERR_IRQHandler
 .text.UART5_RX_TX_IRQHandler
                0x00004fcc        0x8 ./startup/startup_mk64f12.o
                0x00004fcc                UART5_RX_TX_IRQHandler
 .text.UART5_ERR_IRQHandler
                0x00004fd4        0x8 ./startup/startup_mk64f12.o
                0x00004fd4                UART5_ERR_IRQHandler
 .text.CMP2_IRQHandler
                0x00004fdc        0x8 ./startup/startup_mk64f12.o
                0x00004fdc                CMP2_IRQHandler
 .text.FTM3_IRQHandler
                0x00004fe4        0x8 ./startup/startup_mk64f12.o
                0x00004fe4                FTM3_IRQHandler
 .text.DAC1_IRQHandler
                0x00004fec        0x8 ./startup/startup_mk64f12.o
                0x00004fec                DAC1_IRQHandler
 .text.ADC1_IRQHandler
                0x00004ff4        0x8 ./startup/startup_mk64f12.o
                0x00004ff4                ADC1_IRQHandler
 .text.I2C2_IRQHandler
                0x00004ffc        0x8 ./startup/startup_mk64f12.o
                0x00004ffc                I2C2_IRQHandler
 .text.CAN0_ORed_Message_buffer_IRQHandler
                0x00005004        0x8 ./startup/startup_mk64f12.o
                0x00005004                CAN0_ORed_Message_buffer_IRQHandler
 .text.CAN0_Bus_Off_IRQHandler
                0x0000500c        0x8 ./startup/startup_mk64f12.o
                0x0000500c                CAN0_Bus_Off_IRQHandler
 .text.CAN0_Error_IRQHandler
                0x00005014        0x8 ./startup/startup_mk64f12.o
                0x00005014                CAN0_Error_IRQHandler
 .text.CAN0_Tx_Warning_IRQHandler
                0x0000501c        0x8 ./startup/startup_mk64f12.o
                0x0000501c                CAN0_Tx_Warning_IRQHandler
 .text.CAN0_Rx_Warning_IRQHandler
                0x00005024        0x8 ./startup/startup_mk64f12.o
                0x00005024                CAN0_Rx_Warning_IRQHandler
 .text.CAN0_Wake_Up_IRQHandler
                0x0000502c        0x8 ./startup/startup_mk64f12.o
                0x0000502c                CAN0_Wake_Up_IRQHandler
 .text.SDHC_IRQHandler
                0x00005034        0x8 ./startup/startup_mk64f12.o
                0x00005034                SDHC_IRQHandler
 .text.ENET_1588_Timer_IRQHandler
                0x0000503c        0x8 ./startup/startup_mk64f12.o
                0x0000503c                ENET_1588_Timer_IRQHandler
 .text.ENET_Transmit_IRQHandler
                0x00005044        0x8 ./startup/startup_mk64f12.o
                0x00005044                ENET_Transmit_IRQHandler
 .text.ENET_Receive_IRQHandler
                0x0000504c        0x8 ./startup/startup_mk64f12.o
                0x0000504c                ENET_Receive_IRQHandler
 .text.ENET_Error_IRQHandler
                0x00005054        0x8 ./startup/startup_mk64f12.o
                0x00005054                ENET_Error_IRQHandler
 .text.HardFault_Handler
                0x0000505c       0x2c ./source/semihost_hardfault.o
                0x0000505c                HardFault_Handler
 .text.FTM_SetSoftwareTrigger
                0x00005088       0x38 ./source/servo.o
 .text.map      0x000050c0       0x5c ./source/signals.o
                0x000050c0                map
 .text.vListInitialise
                0x0000511c       0x40 ./freertos/freertos_kernel/list.o
                0x0000511c                vListInitialise
 .text.vListInitialiseItem
                0x0000515c       0x1a ./freertos/freertos_kernel/list.o
                0x0000515c                vListInitialiseItem
 .text.vListInsertEnd
                0x00005176       0x48 ./freertos/freertos_kernel/list.o
                0x00005176                vListInsertEnd
 .text.vListInsert
                0x000051be       0x72 ./freertos/freertos_kernel/list.o
                0x000051be                vListInsert
 .text.uxListRemove
                0x00005230       0x54 ./freertos/freertos_kernel/list.o
                0x00005230                uxListRemove
 .text.xQueueGenericCreate
                0x00005284       0xbe ./freertos/freertos_kernel/queue.o
                0x00005284                xQueueGenericCreate
 .text.prvInitialiseNewQueue
                0x00005342       0x46 ./freertos/freertos_kernel/queue.o
 .text.xQueueGenericSendFromISR
                0x00005388      0x154 ./freertos/freertos_kernel/queue.o
                0x00005388                xQueueGenericSendFromISR
 .text.prvCopyDataToQueue
                0x000054dc       0xd4 ./freertos/freertos_kernel/queue.o
 .text.prvCopyDataFromQueue
                0x000055b0       0x4c ./freertos/freertos_kernel/queue.o
 .text.prvUnlockQueue
                0x000055fc       0xa4 ./freertos/freertos_kernel/queue.o
 .text.prvIsQueueEmpty
                0x000056a0       0x2c ./freertos/freertos_kernel/queue.o
 .text.prvIsQueueFull
                0x000056cc       0x30 ./freertos/freertos_kernel/queue.o
 .text.vQueueWaitForMessageRestricted
                0x000056fc       0x68 ./freertos/freertos_kernel/queue.o
                0x000056fc                vQueueWaitForMessageRestricted
 .text.xTaskCreate
                0x00005764       0x82 ./freertos/freertos_kernel/tasks.o
                0x00005764                xTaskCreate
 .text.prvInitialiseNewTask
                0x000057e6      0x13a ./freertos/freertos_kernel/tasks.o
 .text.prvDeleteTCB
                0x00005920       0x20 ./freertos/freertos_kernel/tasks.o
 .text.prvTimerTask
                0x00005940       0x24 ./freertos/freertos_kernel/timers.o
 .text.CLOCK_EnableClock
                0x00005964       0x34 ./drivers/fsl_adc16.o
 .text.ADC16_DoAutoCalibration
                0x00005998      0x130 ./drivers/fsl_adc16.o
                0x00005998                ADC16_DoAutoCalibration
 .text.ADC16_SetChannelMuxMode
                0x00005ac8       0x38 ./drivers/fsl_adc16.o
                0x00005ac8                ADC16_SetChannelMuxMode
 .text.ADC16_SetHardwareAverage
                0x00005b00       0x3e ./drivers/fsl_adc16.o
                0x00005b00                ADC16_SetHardwareAverage
 .text.ADC16_GetStatusFlags
                0x00005b3e       0x42 ./drivers/fsl_adc16.o
                0x00005b3e                ADC16_GetStatusFlags
 .text.OSC_SetExtRefClkConfig
                0x00005b80       0x34 ./drivers/fsl_clock.o
 .text.OSC_SetCapLoad
                0x00005bb4       0x34 ./drivers/fsl_clock.o
 .text.CLOCK_GetPll0RefFreq
                0x00005be8        0xe ./drivers/fsl_clock.o
 .text.CLOCK_GetFixedFreqClkFreq
                0x00005bf6       0x34 ./drivers/fsl_clock.o
                0x00005bf6                CLOCK_GetFixedFreqClkFreq
 .text.DSPI_IsMaster
                0x00005c2a       0x26 ./drivers/fsl_dspi.o
 .text.CLOCK_EnableClock
                0x00005c50       0x34 ./drivers/fsl_ftm.o
 .text.FTM_SetDeadTimeEnable
                0x00005c84       0x52 ./drivers/fsl_ftm.o
 .text.FTM_SetComplementaryEnable
                0x00005cd6       0x52 ./drivers/fsl_ftm.o
 .text.UART0_RX_TX_DriverIRQHandler
                0x00005d28       0x12 ./drivers/fsl_uart.o
                0x00005d28                UART0_RX_TX_DriverIRQHandler
 .text.UART1_RX_TX_DriverIRQHandler
                0x00005d3a       0x12 ./drivers/fsl_uart.o
                0x00005d3a                UART1_RX_TX_DriverIRQHandler
 .text.UART2_RX_TX_DriverIRQHandler
                0x00005d4c       0x12 ./drivers/fsl_uart.o
                0x00005d4c                UART2_RX_TX_DriverIRQHandler
 .text.UART3_RX_TX_DriverIRQHandler
                0x00005d5e       0x12 ./drivers/fsl_uart.o
                0x00005d5e                UART3_RX_TX_DriverIRQHandler
 .text.UART4_RX_TX_DriverIRQHandler
                0x00005d70       0x12 ./drivers/fsl_uart.o
                0x00005d70                UART4_RX_TX_DriverIRQHandler
 .text.UART5_RX_TX_DriverIRQHandler
                0x00005d82       0x12 ./drivers/fsl_uart.o
                0x00005d82                UART5_RX_TX_DriverIRQHandler
 .text.SystemInitHook
                0x00005d94        0xe ./device/system_MK64F12.o
                0x00005d94                SystemInitHook
 .text.BOARD_InitBootClocks
                0x00005da2        0xc ./board/clock_config.o
                0x00005da2                BOARD_InitBootClocks
 .text.EnableIRQ
                0x00005dae       0x32 ./board/peripherals.o
 .text.FTM_SetTimerPeriod
                0x00005de0       0x22 ./board/peripherals.o
 .text.FTM_StartTimer
                0x00005e02       0x3a ./board/peripherals.o
 .text.ADC16_EnableHardwareTrigger
                0x00005e3c       0x38 ./board/peripherals.o
 .text.BOARD_InitPeripherals
                0x00005e74       0x14 ./board/peripherals.o
                0x00005e74                BOARD_InitPeripherals
 .text.BOARD_InitBootPeripherals
                0x00005e88        0xc ./board/peripherals.o
                0x00005e88                BOARD_InitBootPeripherals
 .text.CLOCK_EnableClock
                0x00005e94       0x34 ./board/pin_mux.o
 .text.PORT_SetPinMux
                0x00005ec8       0x3a ./board/pin_mux.o
 .text.BOARD_InitBootPins
                0x00005f02        0xc ./board/pin_mux.o
                0x00005f02                BOARD_InitBootPins
 .text.memcpy   0x00005f0e       0x1c c:/nxp/mcuxpressoide_11.5.0_7232/ide/plugins/com.nxp.mcuxpresso.tools.win32_11.5.0.202107051138/tools/bin/../lib/gcc/arm-none-eabi/10.3.1/../../../../arm-none-eabi/lib/thumb/v7e-m+fp/hard\libc_nano.a(lib_a-memcpy-stub.o)
                0x00005f0e                memcpy
 .text.memset   0x00005f2a       0x10 c:/nxp/mcuxpressoide_11.5.0_7232/ide/plugins/com.nxp.mcuxpresso.tools.win32_11.5.0.202107051138/tools/bin/../lib/gcc/arm-none-eabi/10.3.1/../../../../arm-none-eabi/lib/thumb/v7e-m+fp/hard\libc_nano.a(lib_a-memset.o)
                0x00005f2a                memset
 .text.__sfputc_r
                0x00005f3a       0x2e c:/nxp/mcuxpressoide_11.5.0_7232/ide/plugins/com.nxp.mcuxpresso.tools.win32_11.5.0.202107051138/tools/bin/../lib/gcc/arm-none-eabi/10.3.1/../../../../arm-none-eabi/lib/thumb/v7e-m+fp/hard\libc_nano.a(lib_a-nano-vfprintf.o)
 .text.__sfputs_r
                0x00005f68       0x24 c:/nxp/mcuxpressoide_11.5.0_7232/ide/plugins/com.nxp.mcuxpresso.tools.win32_11.5.0.202107051138/tools/bin/../lib/gcc/arm-none-eabi/10.3.1/../../../../arm-none-eabi/lib/thumb/v7e-m+fp/hard\libc_nano.a(lib_a-nano-vfprintf.o)
                0x00005f68                __sfputs_r
 .text._printf_common
                0x00005f8c       0xda c:/nxp/mcuxpressoide_11.5.0_7232/ide/plugins/com.nxp.mcuxpresso.tools.win32_11.5.0.202107051138/tools/bin/../lib/gcc/arm-none-eabi/10.3.1/../../../../arm-none-eabi/lib/thumb/v7e-m+fp/hard\libc_nano.a(lib_a-nano-vfprintf_i.o)
                0x00005f8c                _printf_common
 .text.abort    0x00006066        0xe c:/nxp/mcuxpressoide_11.5.0_7232/ide/plugins/com.nxp.mcuxpresso.tools.win32_11.5.0.202107051138/tools/bin/../lib/gcc/arm-none-eabi/10.3.1/../../../../arm-none-eabi/lib/thumb/v7e-m+fp/hard\libc_nano.a(lib_a-abort.o)
                0x00006066                abort
 .text.__sfmoreglue
                0x00006074       0x2c c:/nxp/mcuxpressoide_11.5.0_7232/ide/plugins/com.nxp.mcuxpresso.tools.win32_11.5.0.202107051138/tools/bin/../lib/gcc/arm-none-eabi/10.3.1/../../../../arm-none-eabi/lib/thumb/v7e-m+fp/hard\libc_nano.a(lib_a-findfp.o)
                0x00006074                __sfmoreglue
 .text._fwalk_reent
                0x000060a0       0x3e c:/nxp/mcuxpressoide_11.5.0_7232/ide/plugins/com.nxp.mcuxpresso.tools.win32_11.5.0.202107051138/tools/bin/../lib/gcc/arm-none-eabi/10.3.1/../../../../arm-none-eabi/lib/thumb/v7e-m+fp/hard\libc_nano.a(lib_a-fwalk.o)
                0x000060a0                _fwalk_reent
 .text.__retarget_lock_init_recursive
                0x000060de        0x2 c:/nxp/mcuxpressoide_11.5.0_7232/ide/plugins/com.nxp.mcuxpresso.tools.win32_11.5.0.202107051138/tools/bin/../lib/gcc/arm-none-eabi/10.3.1/../../../../arm-none-eabi/lib/thumb/v7e-m+fp/hard\libc_nano.a(lib_a-lock.o)
                0x000060de                __retarget_lock_init_recursive
 .text.__retarget_lock_acquire_recursive
                0x000060e0        0x2 c:/nxp/mcuxpressoide_11.5.0_7232/ide/plugins/com.nxp.mcuxpresso.tools.win32_11.5.0.202107051138/tools/bin/../lib/gcc/arm-none-eabi/10.3.1/../../../../arm-none-eabi/lib/thumb/v7e-m+fp/hard\libc_nano.a(lib_a-lock.o)
                0x000060e0                __retarget_lock_acquire_recursive
 .text.__retarget_lock_release_recursive
                0x000060e2        0x2 c:/nxp/mcuxpressoide_11.5.0_7232/ide/plugins/com.nxp.mcuxpresso.tools.win32_11.5.0.202107051138/tools/bin/../lib/gcc/arm-none-eabi/10.3.1/../../../../arm-none-eabi/lib/thumb/v7e-m+fp/hard\libc_nano.a(lib_a-lock.o)
                0x000060e2                __retarget_lock_release_recursive
 .text.__swhatbuf_r
                0x000060e4       0x4a c:/nxp/mcuxpressoide_11.5.0_7232/ide/plugins/com.nxp.mcuxpresso.tools.win32_11.5.0.202107051138/tools/bin/../lib/gcc/arm-none-eabi/10.3.1/../../../../arm-none-eabi/lib/thumb/v7e-m+fp/hard\libc_nano.a(lib_a-makebuf.o)
                0x000060e4                __swhatbuf_r
 .text._raise_r
                0x0000612e       0x50 c:/nxp/mcuxpressoide_11.5.0_7232/ide/plugins/com.nxp.mcuxpresso.tools.win32_11.5.0.202107051138/tools/bin/../lib/gcc/arm-none-eabi/10.3.1/../../../../arm-none-eabi/lib/thumb/v7e-m+fp/hard\libc_nano.a(lib_a-signal.o)
                0x0000612e                _raise_r
 .text._getpid_r
                0x0000617e        0x4 c:/nxp/mcuxpressoide_11.5.0_7232/ide/plugins/com.nxp.mcuxpresso.tools.win32_11.5.0.202107051138/tools/bin/../lib/gcc/arm-none-eabi/10.3.1/../../../../arm-none-eabi/lib/thumb/v7e-m+fp/hard\libc_nano.a(lib_a-signalr.o)
                0x0000617e                _getpid_r
 .text.__sread  0x00006182       0x22 c:/nxp/mcuxpressoide_11.5.0_7232/ide/plugins/com.nxp.mcuxpresso.tools.win32_11.5.0.202107051138/tools/bin/../lib/gcc/arm-none-eabi/10.3.1/../../../../arm-none-eabi/lib/thumb/v7e-m+fp/hard\libc_nano.a(lib_a-stdio.o)
                0x00006182                __sread
 .text.__swrite
                0x000061a4       0x38 c:/nxp/mcuxpressoide_11.5.0_7232/ide/plugins/com.nxp.mcuxpresso.tools.win32_11.5.0.202107051138/tools/bin/../lib/gcc/arm-none-eabi/10.3.1/../../../../arm-none-eabi/lib/thumb/v7e-m+fp/hard\libc_nano.a(lib_a-stdio.o)
                0x000061a4                __swrite
 .text.__sseek  0x000061dc       0x24 c:/nxp/mcuxpressoide_11.5.0_7232/ide/plugins/com.nxp.mcuxpresso.tools.win32_11.5.0.202107051138/tools/bin/../lib/gcc/arm-none-eabi/10.3.1/../../../../arm-none-eabi/lib/thumb/v7e-m+fp/hard\libc_nano.a(lib_a-stdio.o)
                0x000061dc                __sseek
 .text.__sclose
                0x00006200        0x8 c:/nxp/mcuxpressoide_11.5.0_7232/ide/plugins/com.nxp.mcuxpresso.tools.win32_11.5.0.202107051138/tools/bin/../lib/gcc/arm-none-eabi/10.3.1/../../../../arm-none-eabi/lib/thumb/v7e-m+fp/hard\libc_nano.a(lib_a-stdio.o)
                0x00006200                __sclose
 .text._exit    0x00006208        0x2 c:/nxp/mcuxpressoide_11.5.0_7232/ide/plugins/com.nxp.mcuxpresso.tools.win32_11.5.0.202107051138/tools/bin/../lib/gcc/arm-none-eabi/10.3.1/../../../../arm-none-eabi/lib/thumb/v7e-m+fp/hard\libcr_newlib_nohost.a(_exit.o)
                0x00006208                _exit
 *freertos*/tasks.o(SORT_BY_ALIGNMENT(.rodata*))
 *fill*         0x0000620a        0x2 ff
 .rodata.vTaskStartScheduler.str1.4
                0x0000620c        0x5 ./freertos/freertos_kernel/tasks.o
 *(SORT_BY_ALIGNMENT(.rodata) SORT_BY_ALIGNMENT(.rodata.*) SORT_BY_ALIGNMENT(.constdata) SORT_BY_ALIGNMENT(.constdata.*))
 *fill*         0x00006211        0x3 ff
 .rodata.main.str1.4
                0x00006214        0xd ./source/RaceCar_P2.o
 *fill*         0x00006221        0x3 ff
 .rodata.ADC16_GetChannelConversionValue.str1.4
                0x00006224       0xb2 ./source/irq_handler.o
 *fill*         0x000062d6        0x2 ff
 .rodata.xTimerCreateTimerTask.str1.4
                0x000062d8        0x8 ./freertos/freertos_kernel/timers.o
 .rodata.prvCheckForValidListAndQueue.str1.4
                0x000062e0        0x5 ./freertos/freertos_kernel/timers.o
 *fill*         0x000062e5        0x3 ff
 .rodata.s_adc16Bases
                0x000062e8        0x8 ./drivers/fsl_adc16.o
 .rodata.s_adc16Clocks
                0x000062f0        0x8 ./drivers/fsl_adc16.o
 .rodata.ADC16_GetInstance.str1.4
                0x000062f8       0x30 ./drivers/fsl_adc16.o
 .rodata.ADC16_Init.str1.4
                0x00006328        0xf ./drivers/fsl_adc16.o
 *fill*         0x00006337        0x1 ff
 .rodata.ADC16_SetChannelConfig.str1.4
                0x00006338       0x1d ./drivers/fsl_adc16.o
 *fill*         0x00006355        0x3 ff
 .rodata.__func__.5
                0x00006358       0x12 ./drivers/fsl_adc16.o
 *fill*         0x0000636a        0x2 ff
 .rodata.__func__.4
                0x0000636c        0xb ./drivers/fsl_adc16.o
 *fill*         0x00006377        0x1 ff
 .rodata.__func__.1
                0x00006378       0x17 ./drivers/fsl_adc16.o
 *fill*         0x0000638f        0x1 ff
 .rodata.__func__.0
                0x00006390       0x1c ./drivers/fsl_adc16.o
 .rodata.CLOCK_GetMcgExtClkFreq.str1.4
                0x000063ac       0x33 ./drivers/fsl_clock.o
 *fill*         0x000063df        0x1 ff
 .rodata.CLOCK_GetOsc0ErClkFreq.str1.4
                0x000063e0        0xc ./drivers/fsl_clock.o
 .rodata.CLOCK_GetEr32kClkFreq.str1.4
                0x000063ec        0xd ./drivers/fsl_clock.o
 *fill*         0x000063f9        0x3 ff
 .rodata.CLOCK_GetPll0Freq.str1.4
                0x000063fc        0xb ./drivers/fsl_clock.o
 .rodata.CLOCK_EnablePll0.str1.4
                0x00006407        0xb ./drivers/fsl_clock.o
                                  0x7 (size before relaxing)
 *fill*         0x00006407        0x1 ff
 .rodata.__func__.9
                0x00006408       0x17 ./drivers/fsl_clock.o
 *fill*         0x0000641f        0x1 ff
 .rodata.__func__.8
                0x00006420       0x17 ./drivers/fsl_clock.o
 *fill*         0x00006437        0x1 ff
 .rodata.__func__.7
                0x00006438       0x16 ./drivers/fsl_clock.o
 *fill*         0x0000644e        0x2 ff
 .rodata.fllFactorTable.6
                0x00006450       0x10 ./drivers/fsl_clock.o
 .rodata.__func__.5
                0x00006460       0x12 ./drivers/fsl_clock.o
 *fill*         0x00006472        0x2 ff
 .rodata.__func__.4
                0x00006474       0x11 ./drivers/fsl_clock.o
 *fill*         0x00006485        0x3 ff
 .rodata.__func__.2
                0x00006488       0x11 ./drivers/fsl_clock.o
 *fill*         0x00006499        0x3 ff
 .rodata.__func__.1
                0x0000649c       0x14 ./drivers/fsl_clock.o
 .rodata.DSPI_GetInstance.str1.4
                0x000064b0       0x2f ./drivers/fsl_dspi.o
 *fill*         0x000064df        0x1 ff
 .rodata.SPI0_DriverIRQHandler.str1.4
                0x000064e0       0x18 ./drivers/fsl_dspi.o
 .rodata.SPI1_DriverIRQHandler.str1.4
                0x000064f8       0x18 ./drivers/fsl_dspi.o
 .rodata.SPI2_DriverIRQHandler.str1.4
                0x00006510       0x18 ./drivers/fsl_dspi.o
 .rodata.__func__.2
                0x00006528       0x16 ./drivers/fsl_dspi.o
 *fill*         0x0000653e        0x2 ff
 .rodata.__func__.1
                0x00006540       0x16 ./drivers/fsl_dspi.o
 *fill*         0x00006556        0x2 ff
 .rodata.__func__.0
                0x00006558       0x16 ./drivers/fsl_dspi.o
 *fill*         0x0000656e        0x2 ff
 .rodata.s_ftmBases
                0x00006570       0x10 ./drivers/fsl_ftm.o
 .rodata.s_ftmClocks
                0x00006580       0x10 ./drivers/fsl_ftm.o
 .rodata.FTM_GetInstance.str1.4
                0x00006590       0x26 ./drivers/fsl_ftm.o
 *fill*         0x000065b6        0x2 ff
 .rodata.FTM_SetPwmSync.str1.4
                0x000065b8       0x2b ./drivers/fsl_ftm.o
 *fill*         0x000065e3        0x1 ff
 .rodata.FTM_SetReloadPoints.str1.4
                0x000065e4       0x10 ./drivers/fsl_ftm.o
 .rodata.FTM_Init.str1.4
                0x000065f4        0x7 ./drivers/fsl_ftm.o
 .rodata.FTM_SetupPwmMode.str1.4
                0x000065f4       0x2e ./drivers/fsl_ftm.o
 *fill*         0x00006622        0x2 ff
 .rodata.__func__.10
                0x00006624       0x10 ./drivers/fsl_ftm.o
 .rodata.__func__.9
                0x00006634        0xf ./drivers/fsl_ftm.o
 *fill*         0x00006643        0x1 ff
 .rodata.__func__.8
                0x00006644       0x14 ./drivers/fsl_ftm.o
 .rodata.__func__.7
                0x00006658        0x9 ./drivers/fsl_ftm.o
 *fill*         0x00006661        0x3 ff
 .rodata.__func__.4
                0x00006664       0x11 ./drivers/fsl_ftm.o
 *fill*         0x00006675        0x3 ff
 .rodata.SDHC_GetInstance.str1.4
                0x00006678       0x2f ./drivers/fsl_sdhc.o
 *fill*         0x000066a7        0x1 ff
 .rodata.SDHC_DriverIRQHandler.str1.4
                0x000066a8       0x18 ./drivers/fsl_sdhc.o
 .rodata.__func__.0
                0x000066c0       0x16 ./drivers/fsl_sdhc.o
 *fill*         0x000066d6        0x2 ff
 .rodata.mcgConfig_BOARD_BootClockRUN
                0x000066d8        0xb ./board/clock_config.o
                0x000066d8                mcgConfig_BOARD_BootClockRUN
 *fill*         0x000066e3        0x1 ff
 .rodata.simConfig_BOARD_BootClockRUN
                0x000066e4        0x8 ./board/clock_config.o
                0x000066e4                simConfig_BOARD_BootClockRUN
 .rodata.oscConfig_BOARD_BootClockRUN
                0x000066ec        0x8 ./board/clock_config.o
                0x000066ec                oscConfig_BOARD_BootClockRUN
 .rodata.FTM2_config
                0x000066f4       0x1c ./board/peripherals.o
                0x000066f4                FTM2_config
 .rodata.FTM2_pwmSignalParams
                0x00006710       0x10 ./board/peripherals.o
                0x00006710                FTM2_pwmSignalParams
 .rodata.FTM1_config
                0x00006720       0x1c ./board/peripherals.o
                0x00006720                FTM1_config
 .rodata.FTM1_pwmSignalParams
                0x0000673c       0x10 ./board/peripherals.o
                0x0000673c                FTM1_pwmSignalParams
 .rodata.ADC0_config
                0x0000674c        0xa ./board/peripherals.o
                0x0000674c                ADC0_config
 *fill*         0x00006756        0x2 ff
 .rodata._global_impure_ptr
                0x00006758        0x4 c:/nxp/mcuxpressoide_11.5.0_7232/ide/plugins/com.nxp.mcuxpresso.tools.win32_11.5.0.202107051138/tools/bin/../lib/gcc/arm-none-eabi/10.3.1/../../../../arm-none-eabi/lib/thumb/v7e-m+fp/hard\libc_nano.a(lib_a-impure.o)
                0x00006758                _global_impure_ptr
 .rodata.__sf_fake_stderr
                0x0000675c       0x20 c:/nxp/mcuxpressoide_11.5.0_7232/ide/plugins/com.nxp.mcuxpresso.tools.win32_11.5.0.202107051138/tools/bin/../lib/gcc/arm-none-eabi/10.3.1/../../../../arm-none-eabi/lib/thumb/v7e-m+fp/hard\libc_nano.a(lib_a-findfp.o)
                0x0000675c                __sf_fake_stderr
 .rodata.__sf_fake_stdin
                0x0000677c       0x20 c:/nxp/mcuxpressoide_11.5.0_7232/ide/plugins/com.nxp.mcuxpresso.tools.win32_11.5.0.202107051138/tools/bin/../lib/gcc/arm-none-eabi/10.3.1/../../../../arm-none-eabi/lib/thumb/v7e-m+fp/hard\libc_nano.a(lib_a-findfp.o)
                0x0000677c                __sf_fake_stdin
 .rodata.__sf_fake_stdout
                0x0000679c       0x20 c:/nxp/mcuxpressoide_11.5.0_7232/ide/plugins/com.nxp.mcuxpresso.tools.win32_11.5.0.202107051138/tools/bin/../lib/gcc/arm-none-eabi/10.3.1/../../../../arm-none-eabi/lib/thumb/v7e-m+fp/hard\libc_nano.a(lib_a-findfp.o)
                0x0000679c                __sf_fake_stdout
 .rodata.__assert_func.str1.1
                0x000067bc       0x3c c:/nxp/mcuxpressoide_11.5.0_7232/ide/plugins/com.nxp.mcuxpresso.tools.win32_11.5.0.202107051138/tools/bin/../lib/gcc/arm-none-eabi/10.3.1/../../../../arm-none-eabi/lib/thumb/v7e-m+fp/hard\libc_nano.a(lib_a-assert.o)
                                 0x3d (size before relaxing)
 .rodata._vfprintf_r.str1.1
                0x000067f8       0x11 c:/nxp/mcuxpressoide_11.5.0_7232/ide/plugins/com.nxp.mcuxpresso.tools.win32_11.5.0.202107051138/tools/bin/../lib/gcc/arm-none-eabi/10.3.1/../../../../arm-none-eabi/lib/thumb/v7e-m+fp/hard\libc_nano.a(lib_a-nano-vfprintf.o)
 .rodata._printf_i.str1.1
                0x00006809       0x22 c:/nxp/mcuxpressoide_11.5.0_7232/ide/plugins/com.nxp.mcuxpresso.tools.win32_11.5.0.202107051138/tools/bin/../lib/gcc/arm-none-eabi/10.3.1/../../../../arm-none-eabi/lib/thumb/v7e-m+fp/hard\libc_nano.a(lib_a-nano-vfprintf_i.o)
                0x00006830                . = ALIGN (0x8)
 *fill*         0x0000682b        0x5 ff
                0x00006830                . = ALIGN (0x8)
 *(.init)
 .init          0x00006830        0x4 c:/nxp/mcuxpressoide_11.5.0_7232/ide/plugins/com.nxp.mcuxpresso.tools.win32_11.5.0.202107051138/tools/bin/../lib/gcc/arm-none-eabi/10.3.1/thumb/v7e-m+fp/hard\crti.o
                0x00006830                _init
 .init          0x00006834        0x8 c:/nxp/mcuxpressoide_11.5.0_7232/ide/plugins/com.nxp.mcuxpresso.tools.win32_11.5.0.202107051138/tools/bin/../lib/gcc/arm-none-eabi/10.3.1/thumb/v7e-m+fp/hard\crtn.o
                0x00006840                . = ALIGN (0x8)
 *fill*         0x0000683c        0x4 ff
                0x00006840                __preinit_array_start = .
 *(SORT_BY_ALIGNMENT(.preinit_array))
                0x00006840                __preinit_array_end = .
                0x00006840                . = ALIGN (0x8)
                0x00006840                __init_array_start = .
 *(SORT_BY_NAME(SORT_BY_ALIGNMENT(.init_array.*)))
 *(SORT_BY_ALIGNMENT(.init_array))
 .init_array    0x00006840        0x4 c:/nxp/mcuxpressoide_11.5.0_7232/ide/plugins/com.nxp.mcuxpresso.tools.win32_11.5.0.202107051138/tools/bin/../lib/gcc/arm-none-eabi/10.3.1/thumb/v7e-m+fp/hard\crtbegin.o
                0x00006844                __init_array_end = .
 *(.fini)
 .fini          0x00006844        0x4 c:/nxp/mcuxpressoide_11.5.0_7232/ide/plugins/com.nxp.mcuxpresso.tools.win32_11.5.0.202107051138/tools/bin/../lib/gcc/arm-none-eabi/10.3.1/thumb/v7e-m+fp/hard\crti.o
                0x00006844                _fini
 .fini          0x00006848        0x8 c:/nxp/mcuxpressoide_11.5.0_7232/ide/plugins/com.nxp.mcuxpresso.tools.win32_11.5.0.202107051138/tools/bin/../lib/gcc/arm-none-eabi/10.3.1/thumb/v7e-m+fp/hard\crtn.o
                0x00006850                . = ALIGN (0x8)
 *crtbegin.o(SORT_BY_ALIGNMENT(.ctors))
 *(SORT_BY_ALIGNMENT(EXCLUDE_FILE(*crtend.o) .ctors))
 *(SORT_BY_NAME(SORT_BY_ALIGNMENT(.ctors.*)))
 *crtend.o(SORT_BY_ALIGNMENT(.ctors))
                0x00006850                . = ALIGN (0x8)
 *crtbegin.o(SORT_BY_ALIGNMENT(.dtors))
 *(SORT_BY_ALIGNMENT(EXCLUDE_FILE(*crtend.o) .dtors))
 *(SORT_BY_NAME(SORT_BY_ALIGNMENT(.dtors.*)))
 *crtend.o(SORT_BY_ALIGNMENT(.dtors))
                0x00006850                . = ALIGN (0x8)

.glue_7         0x00006850        0x0
 .glue_7        0x00006850        0x0 linker stubs

.glue_7t        0x00006850        0x0
 .glue_7t       0x00006850        0x0 linker stubs

.vfp11_veneer   0x00006850        0x0
 .vfp11_veneer  0x00006850        0x0 linker stubs

.v4_bx          0x00006850        0x0
 .v4_bx         0x00006850        0x0 linker stubs

.iplt           0x00006850        0x0
 .iplt          0x00006850        0x0 ./startup/startup_mk64f12.o

.rel.dyn        0x00006850        0x0
 .rel.iplt      0x00006850        0x0 ./startup/startup_mk64f12.o

.eh_frame       0x00006850        0x0
 .eh_frame      0x00006850        0x0 c:/nxp/mcuxpressoide_11.5.0_7232/ide/plugins/com.nxp.mcuxpresso.tools.win32_11.5.0.202107051138/tools/bin/../lib/gcc/arm-none-eabi/10.3.1/thumb/v7e-m+fp/hard\crtbegin.o

.ARM.extab
 *(SORT_BY_ALIGNMENT(.ARM.extab*) SORT_BY_ALIGNMENT(.gnu.linkonce.armextab.*))

.ARM.exidx      0x00006850        0x0
                0x00006850                __exidx_start = .
 *(SORT_BY_ALIGNMENT(.ARM.exidx*) SORT_BY_ALIGNMENT(.gnu.linkonce.armexidx.*))
                0x00006850                __exidx_end = .
                0x00006850                _etext = .

.m_usb_data
 *(SORT_BY_ALIGNMENT(m_usb_bdt))

.data_RAM2      0x1fff0000        0x0 load address 0x00006850
 FILL mask 0xff
                [!provide]                PROVIDE (__start_data_RAM2 = .)
                [!provide]                PROVIDE (__start_data_SRAM_LOWER = .)
 *(SORT_BY_ALIGNMENT(.ramfunc.$RAM2))
 *(SORT_BY_ALIGNMENT(.ramfunc.$SRAM_LOWER))
 *(SORT_BY_ALIGNMENT(.data.$RAM2))
 *(SORT_BY_ALIGNMENT(.data.$SRAM_LOWER))
 *(SORT_BY_ALIGNMENT(.data.$RAM2.*))
 *(SORT_BY_ALIGNMENT(.data.$SRAM_LOWER.*))
                0x1fff0000                . = ALIGN (0x8)
                [!provide]                PROVIDE (__end_data_RAM2 = .)
                [!provide]                PROVIDE (__end_data_SRAM_LOWER = .)

.data_RAM3      0x14000000        0x0 load address 0x00006850
 FILL mask 0xff
                [!provide]                PROVIDE (__start_data_RAM3 = .)
                [!provide]                PROVIDE (__start_data_FLEX_RAM = .)
 *(SORT_BY_ALIGNMENT(.ramfunc.$RAM3))
 *(SORT_BY_ALIGNMENT(.ramfunc.$FLEX_RAM))
 *(SORT_BY_ALIGNMENT(.data.$RAM3))
 *(SORT_BY_ALIGNMENT(.data.$FLEX_RAM))
 *(SORT_BY_ALIGNMENT(.data.$RAM3.*))
 *(SORT_BY_ALIGNMENT(.data.$FLEX_RAM.*))
                0x14000000                . = ALIGN (0x8)
                [!provide]                PROVIDE (__end_data_RAM3 = .)
                [!provide]                PROVIDE (__end_data_FLEX_RAM = .)

.uninit_RESERVED
                0x20000000        0x0
                0x20000000                _start_uninit_RESERVED = .
 *(SORT_BY_ALIGNMENT(.bss.$RESERVED*))
                0x20000000                . = ALIGN (0x8)
                0x20000000                _end_uninit_RESERVED = .

.data           0x20000000       0x88 load address 0x00006850
 FILL mask 0xff
                0x20000000                _data = .
                [!provide]                PROVIDE (__start_data_RAM = .)
                [!provide]                PROVIDE (__start_data_SRAM_UPPER = .)
 *(SORT_BY_ALIGNMENT(vtable))
 *(SORT_BY_ALIGNMENT(.ramfunc*))
 *(SORT_BY_ALIGNMENT(CodeQuickAccess))
 *(SORT_BY_ALIGNMENT(DataQuickAccess))
 *(SORT_BY_ALIGNMENT(RamFunction))
 *(SORT_BY_ALIGNMENT(.data*))
 .data.car_state
                0x20000000        0x4 ./source/drive_tracking.o
                0x20000000                car_state
 .data.uxCriticalNesting
                0x20000004        0x4 ./freertos/freertos_kernel/portable/GCC/ARM_CM4F/port.o
 .data.uxTopUsedPriority
                0x20000008        0x4 ./freertos/freertos_kernel/tasks.o
                0x20000008                uxTopUsedPriority
 .data.s_slowIrcFreq
                0x2000000c        0x4 ./drivers/fsl_clock.o
 .data.s_fastIrcFreq
                0x20000010        0x4 ./drivers/fsl_clock.o
 .data.SystemCoreClock
                0x20000014        0x4 ./device/system_MK64F12.o
                0x20000014                SystemCoreClock
 .data.ADC0_channelsConfig
                0x20000018        0x8 ./board/peripherals.o
                0x20000018                ADC0_channelsConfig
 .data._impure_ptr
                0x20000020        0x4 c:/nxp/mcuxpressoide_11.5.0_7232/ide/plugins/com.nxp.mcuxpresso.tools.win32_11.5.0.202107051138/tools/bin/../lib/gcc/arm-none-eabi/10.3.1/../../../../arm-none-eabi/lib/thumb/v7e-m+fp/hard\libc_nano.a(lib_a-impure.o)
                0x20000020                _impure_ptr
 .data.impure_data
                0x20000024       0x60 c:/nxp/mcuxpressoide_11.5.0_7232/ide/plugins/com.nxp.mcuxpresso.tools.win32_11.5.0.202107051138/tools/bin/../lib/gcc/arm-none-eabi/10.3.1/../../../../arm-none-eabi/lib/thumb/v7e-m+fp/hard\libc_nano.a(lib_a-impure.o)
                0x20000088                . = ALIGN (0x8)
 *fill*         0x20000084        0x4 ff
                0x20000088                _edata = .
                [!provide]                PROVIDE (__end_data_RAM = .)
                [!provide]                PROVIDE (__end_data_SRAM_UPPER = .)

.igot.plt       0x20000088        0x0 load address 0x000068d8
 .igot.plt      0x20000088        0x0 ./startup/startup_mk64f12.o

.bss_RAM2       0x1fff0000        0x0
                [!provide]                PROVIDE (__start_bss_RAM2 = .)
                [!provide]                PROVIDE (__start_bss_SRAM_LOWER = .)
 *(SORT_BY_ALIGNMENT(.bss.$RAM2))
 *(SORT_BY_ALIGNMENT(.bss.$SRAM_LOWER))
 *(SORT_BY_ALIGNMENT(.bss.$RAM2.*))
 *(SORT_BY_ALIGNMENT(.bss.$SRAM_LOWER.*))
                0x1fff0000                . = ALIGN ((. != 0x0)?0x8:0x1)
                [!provide]                PROVIDE (__end_bss_RAM2 = .)
                [!provide]                PROVIDE (__end_bss_SRAM_LOWER = .)

.bss_RAM3       0x14000000        0x0
                [!provide]                PROVIDE (__start_bss_RAM3 = .)
                [!provide]                PROVIDE (__start_bss_FLEX_RAM = .)
 *(SORT_BY_ALIGNMENT(.bss.$RAM3))
 *(SORT_BY_ALIGNMENT(.bss.$FLEX_RAM))
 *(SORT_BY_ALIGNMENT(.bss.$RAM3.*))
 *(SORT_BY_ALIGNMENT(.bss.$FLEX_RAM.*))
                0x14000000                . = ALIGN ((. != 0x0)?0x8:0x1)
                [!provide]                PROVIDE (__end_bss_RAM3 = .)
                [!provide]                PROVIDE (__end_bss_FLEX_RAM = .)

.bss            0x20000088     0x2a38
                0x20000088                _bss = .
                [!provide]                PROVIDE (__start_bss_RAM = .)
                [!provide]                PROVIDE (__start_bss_SRAM_UPPER = .)
 *(SORT_BY_ALIGNMENT(.bss*))
 .bss.s         0x20000088        0xc ./source/drive_tracking.o
                0x20000088                s
 .bss.watchme   0x20000094        0x4 ./source/servo.o
                0x20000094                watchme
 .bss.ucHeap    0x20000098     0x2800 ./freertos/freertos_kernel/portable/MemMang/heap_4.o
 .bss.xStart    0x20002898        0x8 ./freertos/freertos_kernel/portable/MemMang/heap_4.o
 .bss.pxEnd     0x200028a0        0x4 ./freertos/freertos_kernel/portable/MemMang/heap_4.o
 .bss.xFreeBytesRemaining
                0x200028a4        0x4 ./freertos/freertos_kernel/portable/MemMang/heap_4.o
 .bss.xMinimumEverFreeBytesRemaining
                0x200028a8        0x4 ./freertos/freertos_kernel/portable/MemMang/heap_4.o
 .bss.xNumberOfSuccessfulAllocations
                0x200028ac        0x4 ./freertos/freertos_kernel/portable/MemMang/heap_4.o
 .bss.xNumberOfSuccessfulFrees
                0x200028b0        0x4 ./freertos/freertos_kernel/portable/MemMang/heap_4.o
 .bss.xBlockAllocatedBit
                0x200028b4        0x4 ./freertos/freertos_kernel/portable/MemMang/heap_4.o
 .bss.ulMaxPRIGROUPValue
                0x200028b8        0x4 ./freertos/freertos_kernel/portable/GCC/ARM_CM4F/port.o
 .bss.xQueueRegistry
                0x200028bc       0x40 ./freertos/freertos_kernel/queue.o
                0x200028bc                xQueueRegistry
 .bss.pxCurrentTCB
                0x200028fc        0x4 ./freertos/freertos_kernel/tasks.o
                0x200028fc                pxCurrentTCB
 .bss.pxReadyTasksLists
                0x20002900       0x64 ./freertos/freertos_kernel/tasks.o
 .bss.xDelayedTaskList1
                0x20002964       0x14 ./freertos/freertos_kernel/tasks.o
 .bss.xDelayedTaskList2
                0x20002978       0x14 ./freertos/freertos_kernel/tasks.o
 .bss.pxDelayedTaskList
                0x2000298c        0x4 ./freertos/freertos_kernel/tasks.o
 .bss.pxOverflowDelayedTaskList
                0x20002990        0x4 ./freertos/freertos_kernel/tasks.o
 .bss.xPendingReadyList
                0x20002994       0x14 ./freertos/freertos_kernel/tasks.o
 .bss.xTasksWaitingTermination
                0x200029a8       0x14 ./freertos/freertos_kernel/tasks.o
 .bss.uxDeletedTasksWaitingCleanUp
                0x200029bc        0x4 ./freertos/freertos_kernel/tasks.o
 .bss.xSuspendedTaskList
                0x200029c0       0x14 ./freertos/freertos_kernel/tasks.o
 .bss.uxCurrentNumberOfTasks
                0x200029d4        0x4 ./freertos/freertos_kernel/tasks.o
 .bss.xTickCount
                0x200029d8        0x4 ./freertos/freertos_kernel/tasks.o
 .bss.uxTopReadyPriority
                0x200029dc        0x4 ./freertos/freertos_kernel/tasks.o
 .bss.xSchedulerRunning
                0x200029e0        0x4 ./freertos/freertos_kernel/tasks.o
 .bss.xPendedTicks
                0x200029e4        0x4 ./freertos/freertos_kernel/tasks.o
 .bss.xYieldPending
                0x200029e8        0x4 ./freertos/freertos_kernel/tasks.o
 .bss.xNumOfOverflows
                0x200029ec        0x4 ./freertos/freertos_kernel/tasks.o
 .bss.uxTaskNumber
                0x200029f0        0x4 ./freertos/freertos_kernel/tasks.o
 .bss.xNextTaskUnblockTime
                0x200029f4        0x4 ./freertos/freertos_kernel/tasks.o
 .bss.xIdleTaskHandle
                0x200029f8        0x4 ./freertos/freertos_kernel/tasks.o
 .bss.uxSchedulerSuspended
                0x200029fc        0x4 ./freertos/freertos_kernel/tasks.o
 .bss.xActiveTimerList1
                0x20002a00       0x14 ./freertos/freertos_kernel/timers.o
 .bss.xActiveTimerList2
                0x20002a14       0x14 ./freertos/freertos_kernel/timers.o
 .bss.pxCurrentTimerList
                0x20002a28        0x4 ./freertos/freertos_kernel/timers.o
 .bss.pxOverflowTimerList
                0x20002a2c        0x4 ./freertos/freertos_kernel/timers.o
 .bss.xTimerQueue
                0x20002a30        0x4 ./freertos/freertos_kernel/timers.o
 .bss.xTimerTaskHandle
                0x20002a34        0x4 ./freertos/freertos_kernel/timers.o
 .bss.xLastTime.0
                0x20002a38        0x4 ./freertos/freertos_kernel/timers.o
 .bss.g_xtal0Freq
                0x20002a3c        0x4 ./drivers/fsl_clock.o
                0x20002a3c                g_xtal0Freq
 .bss.g_xtal32Freq
                0x20002a40        0x4 ./drivers/fsl_clock.o
                0x20002a40                g_xtal32Freq
 .bss.g_dspiHandle
                0x20002a44        0xc ./drivers/fsl_dspi.o
 .bss.s_dspiMasterIsr
                0x20002a50        0x4 ./drivers/fsl_dspi.o
 .bss.s_dspiSlaveIsr
                0x20002a54        0x4 ./drivers/fsl_dspi.o
 .bss.s_i2cHandle
                0x20002a58        0xc ./drivers/fsl_i2c.o
 .bss.s_i2cMasterIsr
                0x20002a64        0x4 ./drivers/fsl_i2c.o
 .bss.s_i2cSlaveIsr
                0x20002a68        0x4 ./drivers/fsl_i2c.o
 .bss.s_sdhcHandle
                0x20002a6c        0x4 ./drivers/fsl_sdhc.o
 .bss.s_sdhcIsr
                0x20002a70        0x4 ./drivers/fsl_sdhc.o
 .bss.s_uartHandle
                0x20002a74       0x18 ./drivers/fsl_uart.o
                0x20002a74                s_uartHandle
 .bss.s_uartIsr
                0x20002a8c        0x4 ./drivers/fsl_uart.o
                0x20002a8c                s_uartIsr
 .bss.__malloc_free_list
                0x20002a90        0x4 c:/nxp/mcuxpressoide_11.5.0_7232/ide/plugins/com.nxp.mcuxpresso.tools.win32_11.5.0.202107051138/tools/bin/../lib/gcc/arm-none-eabi/10.3.1/../../../../arm-none-eabi/lib/thumb/v7e-m+fp/hard\libc_nano.a(lib_a-nano-mallocr.o)
                0x20002a90                __malloc_free_list
 .bss.__malloc_sbrk_start
                0x20002a94        0x4 c:/nxp/mcuxpressoide_11.5.0_7232/ide/plugins/com.nxp.mcuxpresso.tools.win32_11.5.0.202107051138/tools/bin/../lib/gcc/arm-none-eabi/10.3.1/../../../../arm-none-eabi/lib/thumb/v7e-m+fp/hard\libc_nano.a(lib_a-nano-mallocr.o)
                0x20002a94                __malloc_sbrk_start
 .bss.errno     0x20002a98        0x4 c:/nxp/mcuxpressoide_11.5.0_7232/ide/plugins/com.nxp.mcuxpresso.tools.win32_11.5.0.202107051138/tools/bin/../lib/gcc/arm-none-eabi/10.3.1/../../../../arm-none-eabi/lib/thumb/v7e-m+fp/hard\libc_nano.a(lib_a-reent.o)
                0x20002a98                errno
 .bss.__end_of_heap
                0x20002a9c        0x4 c:/nxp/mcuxpressoide_11.5.0_7232/ide/plugins/com.nxp.mcuxpresso.tools.win32_11.5.0.202107051138/tools/bin/../lib/gcc/arm-none-eabi/10.3.1/../../../../arm-none-eabi/lib/thumb/v7e-m+fp/hard\libcr_newlib_nohost.a(_cr_sbrk.o)
                0x20002a9c                __end_of_heap
 .bss           0x20002aa0       0x1c c:/nxp/mcuxpressoide_11.5.0_7232/ide/plugins/com.nxp.mcuxpresso.tools.win32_11.5.0.202107051138/tools/bin/../lib/gcc/arm-none-eabi/10.3.1/thumb/v7e-m+fp/hard\crtbegin.o
 .bss.ucMaxSysCallPriority
                0x20002abc        0x1 ./freertos/freertos_kernel/portable/GCC/ARM_CM4F/port.o
 .bss.__lock___malloc_recursive_mutex
                0x20002abd        0x1 c:/nxp/mcuxpressoide_11.5.0_7232/ide/plugins/com.nxp.mcuxpresso.tools.win32_11.5.0.202107051138/tools/bin/../lib/gcc/arm-none-eabi/10.3.1/../../../../arm-none-eabi/lib/thumb/v7e-m+fp/hard\libc_nano.a(lib_a-lock.o)
                0x20002abd                __lock___malloc_recursive_mutex
 .bss.__lock___sfp_recursive_mutex
                0x20002abe        0x1 c:/nxp/mcuxpressoide_11.5.0_7232/ide/plugins/com.nxp.mcuxpresso.tools.win32_11.5.0.202107051138/tools/bin/../lib/gcc/arm-none-eabi/10.3.1/../../../../arm-none-eabi/lib/thumb/v7e-m+fp/hard\libc_nano.a(lib_a-lock.o)
                0x20002abe                __lock___sfp_recursive_mutex
 .bss.__lock___sinit_recursive_mutex