../sdmmc/src/fsl_sdspi.c:251:17:SDSPI_WaitReady	24	static
../sdmmc/src/fsl_sdspi.c:314:17:SDSPI_SendCommand	40	static
../sdmmc/src/fsl_sdspi.c:425:17:SDSPI_GoIdle	24	static
../sdmmc/src/fsl_sdspi.c:447:17:SDSPI_SendInterfaceCondition	32	static
../sdmmc/src/fsl_sdspi.c:491:17:SDSPI_SendApplicationCmd	24	static
../sdmmc/src/fsl_sdspi.c:511:17:SDSPI_ApplicationSendOperationCondition	24	static
../sdmmc/src/fsl_sdspi.c:538:17:SDSPI_ReadOcr	32	static
../sdmmc/src/fsl_sdspi.c:571:17:SDSPI_SetBlockSize	24	static
../sdmmc/src/fsl_sdspi.c:590:13:SDSPI_DecodeCsd	24	static
../sdmmc/src/fsl_sdspi.c:698:17:SDSPI_SendCsd	24	static
../sdmmc/src/fsl_sdspi.c:722:13:SDSPI_DecodeCid	24	static
../sdmmc/src/fsl_sdspi.c:737:10:SDSPI_SendCid	24	static
../sdmmc/src/fsl_sdspi.c:761:13:SDSPI_DecodeScr	24	static
../sdmmc/src/fsl_sdspi.c:783:17:SDSPI_SendScr	24	static
../sdmmc/src/fsl_sdspi.c:812:17:SDSPI_StopTransmission	24	static
../sdmmc/src/fsl_sdspi.c:824:17:SDSPI_Write	32	static
../sdmmc/src/fsl_sdspi.c:880:17:SDSPI_Read	40	static
../sdmmc/src/fsl_sdspi.c:929:17:SDSPI_Erase	40	static
../sdmmc/src/fsl_sdspi.c:968:17:SDSPI_SwitchFunction	32	static
../sdmmc/src/fsl_sdspi.c:994:17:SDSPI_SelectFunction	144	static
../sdmmc/src/fsl_sdspi.c:1070:17:SDSPI_SendCardActive	16	static
../sdmmc/src/fsl_sdspi.c:1095:10:SDSPI_Init	24	static
../sdmmc/src/fsl_sdspi.c:1174:6:SDSPI_Deinit	16	static
../sdmmc/src/fsl_sdspi.c:1186:6:SDSPI_CheckReadOnly	16	static
../sdmmc/src/fsl_sdspi.c:1199:10:SDSPI_ReadBlocks	32	static
../sdmmc/src/fsl_sdspi.c:1241:10:SDSPI_WriteBlocks	32	static
../sdmmc/src/fsl_sdspi.c:1300:10:SDSPI_SendPreErase	24	static
../sdmmc/src/fsl_sdspi.c:1325:10:SDSPI_EraseBlocks	40	static
../sdmmc/src/fsl_sdspi.c:1359:10:SDSPI_SwitchToHighSpeed	16	static
